###############################################################################
#
# IAR ELF Linker V8.50.4.261/W32 for ARM                  09/Sep/2020  17:07:33
# Copyright 2007-2020 IAR Systems AB.
#
#    Output file  =  DynamicMultiprotocolDoorLockSoc.out
#    Map file     =
#        D:/hardik/prassana/DynamicMultiprotocolDoorLockSoc/IAR ARM -
#        Default/DynamicMultiprotocolDoorLockSoc.map
#    Command line =
#        -f "D:\hardik\prassana\DynamicMultiprotocolDoorLockSoc\IAR ARM -
#        Default\ilinkCommandLine_DynamicMultiprotocolDoorLockSoc.out.xcl" (-o
#        DynamicMultiprotocolDoorLockSoc.out --config
#        C:/SiliconLabs/SimplicityStudio/v4/developer/sdks/gecko_sdk_suite/v2.7//platform/base/hal/micro/cortexm3/efm32/iar-cfg.icf
#        --config_def APP_BTL=1 --config_def FLASH_SIZE=1048576 --config_def
#        RAM_SIZE=98304 --config_def SIMEEPROM_SIZE=32768 --config_def
#        LOCKBITS_IN_MAINFLASH_SIZE=8192 --config_def
#        EMBER_MALLOC_HEAP_SIZE=8192 --config_def HEADER_SIZE=512 --config_def
#        PSSTORE_SIZE=0 --config_def LONGTOKEN_SIZE=0 --config_def
#        BTL_SIZE=16384 --no_wrap_diagnostics
#        C:/SiliconLabs/SimplicityStudio/v4/developer/sdks/gecko_sdk_suite/v2.7//protocol/bluetooth/lib/EFR32MG21/IAR/libbluetooth.a
#        C:/SiliconLabs/SimplicityStudio/v4/developer/sdks/gecko_sdk_suite/v2.7//protocol/zigbee/build/cbke-163k1-stub-library-cortexm3-iar-efr32mg21-rail/cbke-163k1-stub-library.a
#        C:/SiliconLabs/SimplicityStudio/v4/developer/sdks/gecko_sdk_suite/v2.7//protocol/zigbee/build/source-route-library-cortexm3-iar-efr32mg21-rail/source-route-library.a
#        C:/SiliconLabs/SimplicityStudio/v4/developer/sdks/gecko_sdk_suite/v2.7//protocol/zigbee/build/cbke-library-dsa-sign-stub-cortexm3-iar-efr32mg21-rail/cbke-library-dsa-sign-stub.a
#        C:/SiliconLabs/SimplicityStudio/v4/developer/sdks/gecko_sdk_suite/v2.7//protocol/zigbee/build/binding-table-library-cortexm3-iar-efr32mg21-rail/binding-table-library.a
#        C:/SiliconLabs/SimplicityStudio/v4/developer/sdks/gecko_sdk_suite/v2.7//protocol/zigbee/build/packet-validate-library-cortexm3-iar-efr32mg21-rail/packet-validate-library.a
#        C:/SiliconLabs/SimplicityStudio/v4/developer/sdks/gecko_sdk_suite/v2.7//protocol/zigbee/build/zll-library-cortexm3-iar-efr32mg21-rail/zll-library.a
#        C:/SiliconLabs/SimplicityStudio/v4/developer/sdks/gecko_sdk_suite/v2.7//protocol/zigbee/build/zigbee-pro-stack-cortexm3-iar-efr32mg21-rail/zigbee-pro-stack.a
#        C:/SiliconLabs/SimplicityStudio/v4/developer/sdks/gecko_sdk_suite/v2.7//platform/radio/rail_lib/autogen/librail_release/librail_multiprotocol_efr32xg21_iar_release.a
#        C:/SiliconLabs/SimplicityStudio/v4/developer/sdks/gecko_sdk_suite/v2.7//protocol/zigbee/build/sim-eeprom2-to-nvm3-upgrade-stub-library-cortexm3-iar-efr32mg21-rail/sim-eeprom2-to-nvm3-upgrade-stub-library.a
#        C:/SiliconLabs/SimplicityStudio/v4/developer/sdks/gecko_sdk_suite/v2.7//platform/emdrv/nvm3/lib/libnvm3_CM33_iar.a
#        C:/SiliconLabs/SimplicityStudio/v4/developer/sdks/gecko_sdk_suite/v2.7//protocol/zigbee/build/multi-network-stub-library-cortexm3-iar-efr32mg21-rail/multi-network-stub-library.a
#        C:/SiliconLabs/SimplicityStudio/v4/developer/sdks/gecko_sdk_suite/v2.7//protocol/zigbee/build/hal-library-cortexm3-iar-efr32mg21-rail/hal-library.a
#        C:/SiliconLabs/SimplicityStudio/v4/developer/sdks/gecko_sdk_suite/v2.7//protocol/zigbee/build/cbke-library-dsa-verify-283k1-stub-cortexm3-iar-efr32mg21-rail/cbke-library-dsa-verify-283k1-stub.a
#        C:/SiliconLabs/SimplicityStudio/v4/developer/sdks/gecko_sdk_suite/v2.7//protocol/zigbee/build/end-device-bind-stub-library-cortexm3-iar-efr32mg21-rail/end-device-bind-stub-library.a
#        C:/SiliconLabs/SimplicityStudio/v4/developer/sdks/gecko_sdk_suite/v2.7//protocol/zigbee/build/cbke-283k1-stub-library-cortexm3-iar-efr32mg21-rail/cbke-283k1-stub-library.a
#        C:/SiliconLabs/SimplicityStudio/v4/developer/sdks/gecko_sdk_suite/v2.7//protocol/zigbee/build/debug-basic-library-cortexm3-iar-efr32mg21-rail/debug-basic-library.a
#        C:/SiliconLabs/SimplicityStudio/v4/developer/sdks/gecko_sdk_suite/v2.7//protocol/zigbee/build/debug-extended-stub-library-cortexm3-iar-efr32mg21-rail/debug-extended-stub-library.a
#        C:/SiliconLabs/SimplicityStudio/v4/developer/sdks/gecko_sdk_suite/v2.7//protocol/zigbee/build/security-library-link-keys-cortexm3-iar-efr32mg21-rail/security-library-link-keys.a
#        C:/SiliconLabs/SimplicityStudio/v4/developer/sdks/gecko_sdk_suite/v2.7//protocol/zigbee/build/gp-library-cortexm3-iar-efr32mg21-rail/gp-library.a
#        C:/SiliconLabs/SimplicityStudio/v4/developer/sdks/gecko_sdk_suite/v2.7//protocol/zigbee/build/cbke-library-dsa-verify-stub-cortexm3-iar-efr32mg21-rail/cbke-library-dsa-verify-stub.a
#        C:/SiliconLabs/SimplicityStudio/v4/developer/sdks/gecko_sdk_suite/v2.7//protocol/zigbee/build/cbke-stub-library-cortexm3-iar-efr32mg21-rail/cbke-stub-library.a
#        C:/SiliconLabs/SimplicityStudio/v4/developer/sdks/gecko_sdk_suite/v2.7//protocol/zigbee/build/install-code-library-cortexm3-iar-efr32mg21-rail/install-code-library.a
#        C:/SiliconLabs/SimplicityStudio/v4/developer/sdks/gecko_sdk_suite/v2.7//protocol/zigbee/build/zigbee-r22-support-stub-library-cortexm3-iar-efr32mg21-rail/zigbee-r22-support-stub-library.a
#        --entry __iar_program_start --map
#        "D:/hardik/prassana/DynamicMultiprotocolDoorLockSoc/IAR ARM -
#        Default/DynamicMultiprotocolDoorLockSoc.map" --log_file
#        "D:/hardik/prassana/DynamicMultiprotocolDoorLockSoc/IAR ARM -
#        Default/DynamicMultiprotocolDoorLockSoc.log" --log
#        initialization,modules,sections,veneers --diag_suppress=Lp012
#        --redirect _Printf=_PrintfSmallNoMb --redirect _Scanf=_ScanfFullNoMb
#        ./zll-utility-server/zll-utility-server.o
#        ./zll-scenes-server/zll-scenes-server.o
#        ./zll-on-off-server/zll-on-off-server.o
#        ./zll-identify-server/zll-identify-server.o
#        ./zll-commissioning-server/zll-commissioning-server.o
#        ./zll-commissioning-common/zll-commissioning-cli.o
#        ./zll-commissioning-common/zll-commissioning-common.o
#        ./zcl-framework-core/af-event.o ./zcl-framework-core/af-main-common.o
#        ./zcl-framework-core/af-main-soc.o ./zcl-framework-core/af-node.o
#        ./zcl-framework-core/af-security-common.o
#        ./zcl-framework-core/af-trust-center.o
#        ./zcl-framework-core/attribute-size.o
#        ./zcl-framework-core/attribute-storage.o
#        ./zcl-framework-core/attribute-table.o
#        ./zcl-framework-core/client-api.o ./zcl-framework-core/core-cli.o
#        ./zcl-framework-core/crypto-state.o ./zcl-framework-core/message.o
#        ./zcl-framework-core/multi-network.o
#        ./zcl-framework-core/network-cli.o ./zcl-framework-core/option-cli.o
#        ./zcl-framework-core/plugin-cli.o
#        ./zcl-framework-core/print-formatter.o ./zcl-framework-core/print.o
#        ./zcl-framework-core/process-cluster-message.o
#        ./zcl-framework-core/process-global-message.o
#        ./zcl-framework-core/security-cli.o
#        ./zcl-framework-core/service-discovery-common.o
#        ./zcl-framework-core/service-discovery-soc.o
#        ./zcl-framework-core/time-util.o ./zcl-framework-core/util.o
#        ./zcl-framework-core/zcl-cli.o ./zcl-framework-core/zdo-cli.o
#        ./strong-random/strong-random-api.o ./serial/EFR32/serial.o
#        ./serial/com.o ./scenes/scenes-cli.o ./scenes/scenes.o
#        ./scan-dispatch/scan-dispatch.o ./reporting/reporting-cli.o
#        ./reporting/reporting-default-configuration.o ./reporting/reporting.o
#        ./on-off/on-off.o ./nvm3/EFR32/nvm3_default.o
#        ./nvm3/EFR32/nvm3_hal_flash.o ./nvm3/nvm3_lock.o
#        ./network-creator-security/network-creator-security-cli.o
#        ./network-creator-security/network-creator-security.o
#        ./network-creator/network-creator-cli.o
#        ./network-creator/network-creator.o
#        ./micrium-rtos/EFR32/armv7m_cpu_a.o
#        ./micrium-rtos/EFR32/armv7m_cpu_c.o
#        ./micrium-rtos/EFR32/armv7m_os_cpu_a.o
#        ./micrium-rtos/EFR32/armv7m_os_cpu_c.o ./micrium-rtos/EFR32/bsp_cpu.o
#        ./micrium-rtos/cpu_core.o ./micrium-rtos/kal_kernel.o
#        ./micrium-rtos/lib_ascii.o ./micrium-rtos/lib_math.o
#        ./micrium-rtos/lib_mem.o ./micrium-rtos/lib_str.o
#        ./micrium-rtos/micrium-rtos-main.o ./micrium-rtos/micrium-rtos-sleep.o
#        ./micrium-rtos/os_app_hooks.o ./micrium-rtos/os_cfg_app.o
#        ./micrium-rtos/os_core.o ./micrium-rtos/os_dbg.o
#        ./micrium-rtos/os_flag.o ./micrium-rtos/os_mon.o
#        ./micrium-rtos/os_msg.o ./micrium-rtos/os_mutex.o
#        ./micrium-rtos/os_prio.o ./micrium-rtos/os_q.o ./micrium-rtos/os_sem.o
#        ./micrium-rtos/os_stat.o ./micrium-rtos/os_task.o
#        ./micrium-rtos/os_time.o ./micrium-rtos/os_tmr.o
#        ./micrium-rtos/os_var.o ./micrium-rtos/rtos_err_str.o
#        ./mbedtls/EFR32/aes.o ./mbedtls/EFR32/aes_aes.o
#        ./mbedtls/EFR32/aesni.o ./mbedtls/EFR32/arc4.o
#        ./mbedtls/EFR32/asn1parse.o ./mbedtls/EFR32/asn1write.o
#        ./mbedtls/EFR32/base64.o ./mbedtls/EFR32/bignum.o
#        ./mbedtls/EFR32/blowfish.o ./mbedtls/EFR32/camellia.o
#        ./mbedtls/EFR32/ccm.o ./mbedtls/EFR32/certs.o ./mbedtls/EFR32/cipher.o
#        ./mbedtls/EFR32/cipher_wrap.o ./mbedtls/EFR32/cmac.o
#        ./mbedtls/EFR32/crypto_aes.o ./mbedtls/EFR32/crypto_ble.o
#        ./mbedtls/EFR32/crypto_ecp.o ./mbedtls/EFR32/crypto_management.o
#        ./mbedtls/EFR32/crypto_sha.o ./mbedtls/EFR32/cryptoacc_aes.o
#        ./mbedtls/EFR32/cryptoacc_ccm.o ./mbedtls/EFR32/cryptoacc_cmac.o
#        ./mbedtls/EFR32/cryptoacc_ecp.o ./mbedtls/EFR32/cryptoacc_gcm.o
#        ./mbedtls/EFR32/cryptoacc_management.o ./mbedtls/EFR32/cryptoacc_sha.o
#        ./mbedtls/EFR32/cryptoacc_trng.o ./mbedtls/EFR32/ctr_drbg.o
#        ./mbedtls/EFR32/debug.o ./mbedtls/EFR32/des.o ./mbedtls/EFR32/dhm.o
#        ./mbedtls/EFR32/ecdh.o ./mbedtls/EFR32/ecdsa.o
#        ./mbedtls/EFR32/ecjpake.o ./mbedtls/EFR32/ecp.o
#        ./mbedtls/EFR32/ecp_curves.o ./mbedtls/EFR32/entropy.o
#        ./mbedtls/EFR32/entropy_adc.o ./mbedtls/EFR32/entropy_poll.o
#        ./mbedtls/EFR32/entropy_rail.o ./mbedtls/EFR32/error.o
#        ./mbedtls/EFR32/gcm.o ./mbedtls/EFR32/havege.o
#        ./mbedtls/EFR32/hmac_drbg.o ./mbedtls/EFR32/md.o ./mbedtls/EFR32/md2.o
#        ./mbedtls/EFR32/md4.o ./mbedtls/EFR32/md5.o ./mbedtls/EFR32/md_wrap.o
#        ./mbedtls/EFR32/memory_buffer_alloc.o ./mbedtls/EFR32/net_sockets.o
#        ./mbedtls/EFR32/oid.o ./mbedtls/EFR32/padlock.o ./mbedtls/EFR32/pem.o
#        ./mbedtls/EFR32/pk.o ./mbedtls/EFR32/pk_wrap.o
#        ./mbedtls/EFR32/pkcs11.o ./mbedtls/EFR32/pkcs12.o
#        ./mbedtls/EFR32/pkcs5.o ./mbedtls/EFR32/pkparse.o
#        ./mbedtls/EFR32/pkwrite.o ./mbedtls/EFR32/radioaes.o
#        ./mbedtls/EFR32/radioaes_aes.o ./mbedtls/EFR32/radioaes_ble.o
#        ./mbedtls/EFR32/ripemd160.o ./mbedtls/EFR32/rsa.o
#        ./mbedtls/EFR32/rsa_internal.o ./mbedtls/EFR32/se_aes.o
#        ./mbedtls/EFR32/se_ccm.o ./mbedtls/EFR32/se_cmac.o
#        ./mbedtls/EFR32/se_ecp.o ./mbedtls/EFR32/se_gcm.o
#        ./mbedtls/EFR32/se_jpake.o ./mbedtls/EFR32/se_management.o
#        ./mbedtls/EFR32/se_sha.o ./mbedtls/EFR32/se_trng.o
#        ./mbedtls/EFR32/sha1.o ./mbedtls/EFR32/sha256.o
#        ./mbedtls/EFR32/sha512.o ./mbedtls/EFR32/shax.o
#        ./mbedtls/EFR32/ssl_cache.o ./mbedtls/EFR32/ssl_ciphersuites.o
#        ./mbedtls/EFR32/ssl_cli.o ./mbedtls/EFR32/ssl_cookie.o
#        ./mbedtls/EFR32/ssl_srv.o ./mbedtls/EFR32/ssl_ticket.o
#        ./mbedtls/EFR32/ssl_tls.o ./mbedtls/EFR32/threading.o
#        ./mbedtls/EFR32/timing.o ./mbedtls/EFR32/trng.o
#        ./mbedtls/EFR32/version.o ./mbedtls/EFR32/version_features.o
#        ./mbedtls/EFR32/x509.o ./mbedtls/EFR32/x509_create.o
#        ./mbedtls/EFR32/x509_crl.o ./mbedtls/EFR32/x509_crt.o
#        ./mbedtls/EFR32/x509_csr.o ./mbedtls/EFR32/x509write_crt.o
#        ./mbedtls/EFR32/x509write_csr.o ./mbedtls/EFR32/xtea.o
#        ./mbedtls-multiprotocol/sl_malloc.o ./interpan/interpan-cli.o
#        ./interpan/interpan-soc.o ./interpan/interpan.o
#        ./idle-sleep/idle-sleep-cli.o ./idle-sleep/idle-sleep-soc.o
#        ./idle-sleep/idle-sleep.o ./identify-feedback/identify-feedback.o
#        ./identify/identify-cli.o ./identify/identify.o
#        ./hal-library/EFR32/hal-config-gpio.o ./hal-library/EFR32/hal-config.o
#        ./hal-library/EFR32/sl_mpu.o ./groups-server/groups-server-cli.o
#        ./groups-server/groups-server.o
#        ./green-power-common/green-power-common.o
#        ./green-power-client/green-power-client-cli.o
#        ./green-power-client/green-power-client.o
#        ./form-and-join/form-and-join-afv2.o
#        ./form-and-join/form-and-join-node-adapter.o
#        ./form-and-join/form-and-join.o
#        ./find-and-bind-target/find-and-bind-target-cli.o
#        ./find-and-bind-target/find-and-bind-target.o
#        ./external-generated-files/bootloader-interface-app.o
#        ./external-generated-files/bootloader-interface.o
#        ./external-generated-files/btl_interface.o
#        ./external-generated-files/btl_interface_storage.o ./emlib/em_adc.o
#        ./emlib/em_cmu.o ./emlib/em_core.o ./emlib/em_cryotimer.o
#        ./emlib/em_emu.o ./emlib/em_eusart.o ./emlib/em_gpio.o
#        ./emlib/em_i2c.o ./emlib/em_ldma.o ./emlib/em_leuart.o
#        ./emlib/em_msc.o ./emlib/em_prs.o ./emlib/em_rmu.o ./emlib/em_rtcc.o
#        ./emlib/em_se.o ./emlib/em_system.o ./emlib/em_timer.o
#        ./emlib/em_usart.o ./emlib/em_wdog.o ./emlib/system_efr32mg21.o
#        ./emdrv/dmadrv.o ./emdrv/gpiointerrupt.o ./emdrv/sl_sleeptimer.o
#        ./emdrv/sl_sleeptimer_hal_rtcc.o ./emdrv/sleep.o ./emdrv/tempdrv.o
#        ./emdrv/uartdrv.o ./emdrv/ustimer.o
#        ./ember-minimal-printf/ember-printf.o ./efr32/assert-crash-handlers.o
#        ./efr32/button.o ./efr32/buzzer-efr32.o ./efr32/cstartup-common.o
#        ./efr32/diagnostic.o ./efr32/ext-device.o ./efr32/faults-v7m.o
#        ./efr32/isr-stubs.o ./efr32/led.o ./efr32/mfg-token.o
#        ./efr32/micro-common.o ./efr32/micro.o ./efr32/sleep-efm32.o
#        ./efr32/token.o ./eeprom/eeprom-afv2.o ./eeprom/eeprom-cli.o
#        ./eeprom/eeprom.o ./door-lock-srs/Button.o
#        ./door-lock-srs/ButtonProcess.o ./door-lock-srs/Controller_Spec.o
#        ./door-lock-srs/HVC.o ./door-lock-srs/HVC_Process.o
#        ./door-lock-srs/I2C.o ./door-lock-srs/Init.o ./door-lock-srs/Mode.o
#        ./door-lock-srs/R30X_Fingerprint.o
#        ./door-lock-srs/R30X_FingerprintProcess.o
#        ./door-lock-srs/TTP229Keypad.o ./door-lock-srs/TTP229KeypadProcess.o
#        ./door-lock-srs/Timer.o ./door-lock-srs/TwoWire.o
#        ./door-lock-srs/UART0.o ./door-lock-srs/UART1.o
#        ./dmp-ui-demo-stub/dmp-ui-stub.o ./dmp-tuning/dmp-tuning-cli.o
#        ./dmp-tuning/dmp-tuning.o ./debug-jtag/EFR32/debug-jtag-efr32.o
#        ./debug-basic-library/EFR32/SEGGER_RTT.o ./counters/counters-cli.o
#        ./counters/counters-ota.o ./counters/counters-soc.o
#        ./concentrator/concentrator-support-cli.o
#        ./concentrator/concentrator-support.o
#        ./coexistence-stub/EFR32/coexistence-802154.o
#        ./coexistence-stub/EFR32/coulomb-counter-802154.o
#        ./ccm-encryption/ccm-star.o ./ble/ble-cli.o ./ble/ble-interface.o
#        ./ble/rtos_bluetooth.o ./antenna-stub/antenna-stub.o
#        ./address-table/address-table-cli.o ./address-table/address-table.o
#        ./adc/EFR32/adc-efr32.o ./DynamicMultiprotocolDoorLockSoc_callbacks.o
#        ./call-command-handler.o ./callback-stub.o ./command-interpreter2.o
#        ./crc.o ./ember-base-configuration.o ./ember-configuration.o
#        ./endian.o ./gatt_db.o ./library.o ./mem-util.o ./random.o
#        ./security-address-cache.o ./stack-handler-stub.o ./token-def.o
#        ./zigbee-device-common.o ./zigbee-device-library.o
#        ./znet-bookkeeping.o ./znet-cli.o)
#
###############################################################################

*******************************************************************************
*** RUNTIME MODEL ATTRIBUTES
***

CppFlavor                   = *
__Heap_Handler              = DLMalloc
__SystemLibrary             = DLib
__dlib_jmp_buf_num_elements = 16
__dlib_version              = 6


*******************************************************************************
*** HEAP SELECTION
***

The advanced heap was selected because the application calls memory
allocation functions outside of system library functions, and there
are calls to deallocation functions in the application.


*******************************************************************************
*** PLACEMENT SUMMARY
***

"BAT": place at address 0x0 { section BAT };
define block HEADER_block with fixed order { ro section AAT };
"HEADERS":
       place at start of [from 0x4000 to 0x41ff] { block HEADER_block };
define block APPRO_block
   with fixed order {
      ro section .intvec, ro section .textrw_init, ro section .gatt_header,
      ro section .gatt_data, ro section .text, ro section CODE,
      ro section .rodata, ro section .data_init, ro section .iar.init_table,
      ro section __DLIB_PERTHREAD_init };
"APP ro":
       place at start of [from 0x4200 to 0xf'ffff] { block APPRO_block };
"SIMEE&LOCKBITS":
       place at end of [from 0x4200 to 0xf'ffff] {
          zi section SIMEE, zi section INTERNAL_STORAGE, zi section LONGTOKEN,
          zi section PSSTORE, zi section LOCKBITS_IN_MAINFLASH };
define block ALIGN_EMHEAP with alignment = 8 { rw section EMHEAP };
define block RESETHEAP
   with fixed order {
      rw section RESETINFO, rw section .noinitnew, block ALIGN_EMHEAP };
"ResetHeap":
       place at start of [from 0x2000'0000 to 0x2001'7fef] { block RESETHEAP };
"Guard":
       place in [from 0x2000'0000 to 0x2001'7fef] { rw section GUARD_REGION };
define block ALIGN_CSTACK with alignment = 8 { rw section CSTACK };
define block DLIB_PERTHREAD_INITIALIZED_DATA { rw section __DLIB_PERTHREAD };
define block DLIB_PERTHREAD_ZERO_DATA { zi section __DLIB_PERTHREAD };
define block HEAP with size = 8K, alignment = 8 { };
define block APPRW_block
   with fixed order {
      block ALIGN_CSTACK, rw section .textrw, rw section .data,
      block DLIB_PERTHREAD_INITIALIZED_DATA, block DLIB_PERTHREAD_ZERO_DATA,
      rw section .bss, rw section .noinitlegacy, block HEAP };
"APP rw":
       place at end of [from 0x2000'0000 to 0x2001'7fef] { block APPRW_block };
do not initialize {
   rw section .noinitlegacy, rw section .noinitnew, rw section CSTACK,
   rw section RESETINFO, rw section EMHEAP, zi section SIMEE,
   zi section INTERNAL_STORAGE, zi section LONGTOKEN, zi section PSSTORE,
   zi section LOCKBITS_IN_MAINFLASH };
initialize by copy { rw };

No sections matched the following patterns:

  ro section .gatt_data             in block APPRO_block
  ro section .gatt_header           in block APPRO_block
  ro section .iar.init_table        in block APPRO_block
  ro section __DLIB_PERTHREAD_init  in block APPRO_block
  rw section .noinitlegacy          in block APPRW_block
  rw section .noinitnew             in block RESETHEAP
  rw section DEBUG_CHANNEL          in "DEBUGCHAN"
  rw section __DLIB_PERTHREAD       in block DLIB_PERTHREAD_INITIALIZED_DATA
  zi section INTERNAL_STORAGE       in "SIMEE&LOCKBITS"
  zi section LONGTOKEN              in "SIMEE&LOCKBITS"
  zi section PSSTORE                in "SIMEE&LOCKBITS"
  zi section __DLIB_PERTHREAD       in block DLIB_PERTHREAD_ZERO_DATA


  Section                 Kind         Address      Size  Object
  -------                 ----         -------      ----  ------
"BAT":                                              0x54
  BAT                     uninit           0x0      0x54  cstartup-common.o [16]
                                        - 0x54      0x54

"HEADERS":                                          0xac
  HEADER_block                          0x4000      0xac  <Block>
    AAT                   const         0x4000      0xac  cstartup-common.o [16]
                                      - 0x40ac      0xac

"APP ro":                                       0x5'b130
  APPRO_block                           0x4200  0x5'b130  <Block>
    .intvec               const         0x4200     0x134  startup_efr32mg21.o [65]
    Initializer bytes     const         0x4334     0x1b6  <for rw section .textrw-1>
    .text                               0x44ec  0x5'58d4  <Block>
      .text               ro code       0x44ec     0x190  zll-utility-server.o [52]
      .text               ro code       0x467c     0xbbc  util.o [46]
      .text               ro code       0x5238     0x17e  callback-stub.o [1]
      .text               ro code       0x53b6       0x2  dmp-ui-stub.o [13]
      .text               ro code       0x53b8     0x46c  client-api.o [46]
      .text               ro code       0x5824     0x226  message.o [46]
      .text               ro code       0x5a4a       0x2  startup_efr32mg21.o [65]
      .text               ro code       0x5a4c     0xf0c  attribute-storage.o [46]
      .text               ro code       0x6958     0x660  attribute-table.o [46]
      .text               ro code       0x6fb8      0xf2  mem-util.o [1]
      .text               ro code       0x70aa       0x2  startup_efr32mg21.o [65]
      .text               ro code       0x70ac      0x70  multi-network.o [46]
      .text               ro code       0x711c     0x1f6  af-event.o [46]
      .text               ro code       0x7312       0x2  startup_efr32mg21.o [65]
      .text               ro code       0x7314     0x128  eeprom.o [15]
      .text               ro code       0x743c     0x250  zll-commissioning-common.o [47]
      .text               ro code       0x768c    0x1836  green-power-client.o [23]
      .text               ro code       0x8ec2       0x2  startup_efr32mg21.o [65]
      .text               ro code       0x8ec4     0xdbc  reporting.o [40]
      .text               ro code       0x9c80      0x80  dmp-tuning.o [12]
      .text               ro code       0x9d00      0x90  ble-interface.o [5]
      .text               ro code       0x9d90      0x90  interpan-soc.o [30]
      .text               ro code       0x9e20      0x4a  idle-sleep-soc.o [29]
      .text               ro code       0x9e6a       0x2  startup_efr32mg21.o [65]
      .text               ro code       0x9e6c     0x2f8  counters-soc.o [9]
      .text               ro code       0xa164    0x1488  association.o [77]
      .text               ro code       0xb5ec     0x1cc  ember-stack-common.o [77]
      .text               ro code       0xb7b8     0x5d0  groups-server.o [25]
      .text               ro code       0xbd88      0x42  process-cluster-message.o [46]
      .text               ro code       0xbdca       0x6  rail_zwave_rf_hal.o [69]
      .text               ro code       0xbdd0     0x7f4  process-global-message.o [46]
      .text               ro code       0xc5c4     0x314  ember-multi-network-stub.o [71]
      .text               ro code       0xc8d8      0xa6  ABImemcpy.o [73]
      .text               ro code       0xc97e      0xc2  znet-bookkeeping.o [1]
      .text               ro code       0xca40     0x59c  interpan.o [30]
      .text               ro code       0xcfdc     0xa2c  af-main-common.o [46]
      .text               ro code       0xda08     0x3e0  address-table.o [77]
      .text               ro code       0xdde8     0x4d0  binding-table.o [53]
      .text               ro code       0xe2b8      0x6c  concentrator-support.o [8]
      .text               ro code       0xe324      0x66  Init.o [14]
      .text               ro code       0xe38a      0x1a  xsnprout.o [62]
      .text               ro code       0xe3a4     0xd18  R30X_Fingerprint.o [14]
      .text               ro code       0xf0bc     0x87c  Mode.o [14]
      .text               ro code       0xf938      0x64  random.o [1]
      .text               ro code       0xf99c     0x6e2  af-main-soc.o [46]
      .text               ro code     0x1'007e      0x3a  zero_init3.o [73]
      .text               ro code     0x1'00b8      0x66  ABImemset.o [73]
      .text               ro code     0x1'0120      0xf8  micro-common.o [16]
      .text               ro code     0x1'0218      0x84  attribute-size.o [46]
      .text               ro code     0x1'029c     0x24c  event-control.o [77]
      .text               ro code     0x1'04e8      0x10  crypto-state.o [46]
      .text               ro code     0x1'04f8     0x100  bootloader-interface-app.o [20]
      .text               ro code     0x1'05f8     0x298  assert-crash-handlers.o [16]
      .text               ro code     0x1'0890     0x768  zll-api.o [79]
      .text               ro code     0x1'0ff8     0x29c  zll-commissioning-server.o [48]
      .text               ro code     0x1'1294     0xc64  scenes.o [42]
      .text               ro code     0x1'1ef8     0x406  leave.o [77]
      .text               ro code     0x1'22fe     0x128  zll-tokens.o [79]
      .text               ro code     0x1'2428     0xc2c  gp-data.o [64]
      .text               ro code     0x1'3054     0x768  scan.o [77]
      .text               ro code     0x1'37bc     0x104  zigbee-dispatch.o [77]
      .text               ro code     0x1'38c0     0x206  green-power-common.o [24]
      .text               ro code     0x1'3ac8     0x7fc  gp-proxy-table.o [64]
      .text               ro code     0x1'42c4     0x498  zigbee-stack.o [77]
      .text               ro code     0x1'475c    0x195c  network.o [77]
      .text               ro code     0x1'60b8      0x7a  gp-util.o [64]
      .text               ro code     0x1'6134       0x8  green-power-client-cli.o [23]
      .text               ro code     0x1'613c     0x550  token.o [16]
      .text               ro code     0x1'668c      0xb0  reporting-default-configuration.o [40]
      .text               ro code     0x1'673c     0x12c  system-timer.o [65]
      .text               ro code     0x1'6868    0x13b0  phy.o [77]
      .text               ro code     0x1'7c18     0x5f4  os_flag.o [33]
      .text               ro code     0x1'820c    0x12dc  DynamicMultiprotocolDoorLockSoc_callbacks.o [1]
      .text               ro code     0x1'94e8     0x76c  packet-buffer.o [77]
      .text               ro code     0x1'9c54     0x9cc  upper-mac.o [77]
      .text               ro code     0x1'a620     0x380  mac-header.o [77]
      .text               ro code     0x1'a9a0       0x8  em_core.o [19]
      .text               ro code     0x1'a9a8     0x104  idle-sleep.o [29]
      .text               ro code     0x1'aaac       0x8  em_core.o [19]
      .text               ro code     0x1'aab4     0x328  child-handling.o [77]
      .text               ro code     0x1'addc     0x964  beacon-handling.o [77]
      .text               ro code     0x1'b740     0x900  zigbee-device-util.o [77]
      .text               ro code     0x1'c040     0x184  token-cache.o [77]
      .text               ro code     0x1'c1c4     0x2f8  management.o [77]
      .text               ro code     0x1'c4bc      0x14  debug-extended-stub.o [61]
      .text               ro code     0x1'c4d0     0x364  random-id.o [77]
      .text               ro code     0x1'c834     0xdb8  aps-security.o [77]
      .text               ro code     0x1'd5ec     0x750  child.o [77]
      .text               ro code     0x1'dd3c      0x70  strong-random-api.o [45]
      .text               ro code     0x1'ddac      0x1c  zdo-r22-stub.o [78]
      .text               ro code     0x1'ddc8     0x61c  command.o [77]
      .text               ro code     0x1'e3e4     0x168  child-aging.o [77]
      .text               ro code     0x1'e54c       0x8  ember-multi-phy-stub.o [77]
      .text               ro code     0x1'e554      0x92  ember-configuration.o [1]
      .text               ro code     0x1'e5e8     0x27c  packet-header.o [77]
      .text               ro code     0x1'e864      0x5e  byte-utilities.o [77]
      .text               ro code     0x1'e8c4     0x628  zigbee-packet-header.o [77]
      .text               ro code     0x1'eeec      0x48  child-table.o [77]
      .text               ro code     0x1'ef34     0x5b5  mac-indirect.o [77]
      .text               ro code     0x1'f4ec     0x2f6  retry.o [77]
      .text               ro code     0x1'f7e4     0x7d4  neighbor.o [77]
      .text               ro code     0x1'ffb8     0x664  trust-center-util.o [77]
      .text               ro code     0x2'061c      0x34  mac-info-element-parsing-stub.o [78]
      .text               ro code     0x2'0650     0x45c  zdo-channel.o [77]
      .text               ro code     0x2'0aac     0x58c  aps-keys.o [77]
      .text               ro code     0x2'1038      0x1e  mac-dispatch.o [77]
      .text               ro code     0x2'1056     0xecc  call-command-handler.o [1]
      .text               ro code     0x2'1f24       0xc  time-util.o [46]
      .text               ro code     0x2'1f30     0x1f8  zigbee-neighbor.o [77]
      .text               ro code     0x2'2128     0x1a4  network-creator-security.o [36]
      .text               ro code     0x2'22cc      0xc8  zigbee-device-library.o [1]
      .text               ro code     0x2'2394     0x4f8  service-discovery-common.o [46]
      .text               ro code     0x2'288c      0x48  af-security-common.o [46]
      .text               ro code     0x2'28d4     0x114  af-trust-center.o [46]
      .text               ro code     0x2'29e8     0x9b0  aps-retry.o [77]
      .text               ro code     0x2'3398     0x3e4  source-route-table.o [76]
      .text               ro code     0x2'377c     0x198  source-route-update.o [76]
      .text               ro code     0x2'3914     0x2e0  Button.o [14]
      .text               ro code     0x2'3bf4      0x54  TTP229Keypad.o [14]
      .text               ro code     0x2'3c48      0x82  Controller_Spec.o [14]
      .text               ro code     0x2'3ccc     0x180  Timer.o [14]
      .text               ro code     0x2'3e4c     0x3d4  TwoWire.o [14]
      .text               ro code     0x2'4220     0x2c0  UART0.o [14]
      .text               ro code     0x2'44e0     0x2bc  UART1.o [14]
      .text               ro code     0x2'479c     0x220  TTP229KeypadProcess.o [14]
      .text               ro code     0x2'49bc     0x170  R30X_FingerprintProcess.o [14]
      .text               ro code     0x2'4b2c     0x1a4  HVC_Process.o [14]
      .text               ro code     0x2'4cd0      0x6c  serial.o [44]
      .text               ro code     0x2'4d3c      0xdc  cstartup-common.o [16]
      .text               ro code     0x2'4e18     0x534  diagnostic.o [16]
      .text               ro code     0x2'534c      0xc8  security-address-cache.o [1]
      .text               ro code     0x2'5414     0xa78  application-support.o [77]
      .text               ro code     0x2'5e8c     0x4d2  form-and-join.o [22]
      .text               ro code     0x2'6360     0x1e4  scan-dispatch.o [41]
      .text               ro code     0x2'6544       0x4  faults-v7m.o [16]
      .text               ro code     0x2'6548     0xf44  em_cmu.o [19]
      .text               ro code     0x2'748c      0xda  em_wdog.o [19]
      .text               ro code     0x2'7566       0xc  em_core.o [19]
      .text               ro code     0x2'7572       0x6  em_core.o [19]
      .text               ro code     0x2'7578      0x1a  em_core.o [19]
      .text               ro code     0x2'7594     0x296  micrium-rtos-main.o [33]
      .text               ro code     0x2'782c      0xd0  btl_interface.o [20]
      .text               ro code     0x2'78fc     0x2d8  debug.o [60]
      .text               ro code     0x2'7bd4      0x4c  micro-internal.o [65]
      .text               ro code     0x2'7c20     0x9a0  zll-interpan.o [79]
      .text               ro code     0x2'85c0     0x184  zll-security.o [79]
      .text               ro code     0x2'8744     0x25e  zll-scenes-server.o [51]
      .text               ro code     0x2'89a4      0xac  aes-efm32.o [77]
      .text               ro code     0x2'8a50     0x428  crypto.o [77]
      .text               ro code     0x2'8e78     0x484  lower-mac-efr32.o [77]
      .text               ro code     0x2'92fc      0x28  enhanced-beacon-request-stub.o [78]
      .text               ro code     0x2'9324     0x308  debug-jtag-efr32.o [11]
      .text               ro code     0x2'962c      0x90  ember-library.o [77]
      .text               ro code     0x2'96bc     0x538  rail_rf.o [69]
      .text               ro code     0x2'9bf4      0x12  phy-util.o [77]
      .text               ro code     0x2'9c08     0x79a  micro.o [16]
      .text               ro code     0x2'a3a2       0x6  cbke-crypto-engine-163k1-stub.o [54]
      .text               ro code     0x2'a3a8       0x6  cbke-crypto-engine-283k1-stub.o [55]
      .text               ro code     0x2'a3b0     0x1c4  broadcast.o [77]
      .text               ro code     0x2'a574     0x538  route-table.o [77]
      .text               ro code     0x2'aaac       0xe  cbke-crypto-engine-stub.o [59]
      .text               ro code     0x2'aabc      0x58  micro-common-internal.o [65]
      .text               ro code     0x2'ab14     0x22c  store-forward.o [77]
      .text               ro code     0x2'ad40      0x64  unicast-table.o [77]
      .text               ro code     0x2'ada4     0x514  aps-encryption.o [77]
      .text               ro code     0x2'b2b8     0x2f4  jit.o [77]
      .text               ro code     0x2'b5ac     0x7dc  route-discovery.o [77]
      .text               ro code     0x2'bd88       0x6  ABImemclr4.o [73]
      .text               ro code     0x2'bd8e       0x4  led.o [16]
      .text               ro code     0x2'bd94     0x2d4  packet-validate.o [72]
      .text               ro code     0x2'c068     0x160  route-error.o [77]
      .text               ro code     0x2'c1c8     0x39c  neighbor-exchange.o [77]
      .text               ro code     0x2'c564       0x4  sim-eeprom2-to-nvm3-upgrade-stub.o [75]
      .text               ro code     0x2'c568    0x1c4a  nvm3.o [68]
      .text               ro code     0x2'e1b4     0x358  mfg-token.o [16]
      .text               ro code     0x2'e50c       0xa  ember-base-configuration.o [1]
      .text               ro code     0x2'e518     0x638  sl_sleeptimer.o [18]
      .text               ro code     0x2'eb50     0x210  ustimer.o [18]
      .text               ro code     0x2'ed60     0x250  sleep-efm32.o [16]
      .text               ro code     0x2'efb0       0xe  coexistence-802154.o [7]
      .text               ro code     0x2'efc0     0x9b4  rail_multiprotocol.o [69]
      .text               ro code     0x2'f974      0x7c  rail_timer.o [69]
      .text               ro code     0x2'f9f0     0x30c  rail_tx.o [69]
      .text               ro code     0x2'fcfc     0x132  rail_calibration.o [69]
      .text               ro code     0x2'fe30     0x2b4  rail_ieee802154.o [69]
      .text               ro code     0x3'00e4      0x5e  duty-cycle-stub.o [77]
      .text               ro code     0x3'0142      0x36  antenna-stub.o [4]
      .text               ro code     0x3'0178     0x194  rail_data.o [69]
      .text               ro code     0x3'030c      0x96  rail_rx.o [69]
      .text               ro code     0x3'03a4      0x18  eui64.o [77]
      .text               ro code     0x3'03bc     0x11e  rail_autoack.o [69]
      .text               ro code     0x3'04da       0x6  rail_pti.o [69]
      .text               ro code     0x3'04e0      0x24  cpu_core.o [33]
      .text               ro code     0x3'0504      0x18  em_core.o [19]
      .text               ro code     0x3'051c     0x9a0  os_core.o [33]
      .text               ro code     0x3'0ebc      0x44  bsp_cpu.o [34]
      .text               ro code     0x3'0f00     0x224  rtos_bluetooth.o [5]
      .text               ro code     0x3'1124     0x4e0  aps-keys-transient.o [77]
      .text               ro code     0x3'1604     0x3f8  network-creator.o [35]
      .text               ro code     0x3'19fc      0xee  btl_interface_storage.o [20]
      .text               ro code     0x3'1aec      0x44  snprintf.o [62]
      .text               ro code     0x3'1b30     0xaa0  zigbee-device.o [77]
      .text               ro code     0x3'25d0       0x8  end-device-bind-stub.o [63]
      .text               ro code     0x3'25d8      0x6c  install-code-tokens.o [66]
      .text               ro code     0x3'2644      0x62  hmac.o [77]
      .text               ro code     0x3'26a8     0x2c4  aps-keys-full.o [74]
      .text               ro code     0x3'296c       0x4  ember-duty-cycle-stub.o [77]
      .text               ro code     0x3'2970     0x354  entropy.o [32]
      .text               ro code     0x3'2cc4     0x578  ctr_drbg.o [32]
      .text               ro code     0x3'323c      0x22  I64Shl.o [73]
      .text               ro code     0x3'3260     0x1ae  identify.o [27]
      .text               ro code     0x3'3410     0x206  zll-identify-server.o [49]
      .text               ro code     0x3'3618     0x1d6  on-off.o [39]
      .text               ro code     0x3'37f0     0x630  zll-on-off-server.o [50]
      .text               ro code     0x3'3e20      0x4c  zigbee-device-common.o [1]
      .text               ro code     0x3'3e6c     0x438  em_gpio.o [19]
      .text               ro code     0x3'42a4     0x25e  em_timer.o [19]
      .text               ro code     0x3'4504      0x1a  U32ToDbl.o [70]
      .text               ro code     0x3'4520     0x1a2  DblMul.o [70]
      .text               ro code     0x3'46c4      0x28  DblToU32.o [70]
      .text               ro code     0x3'46ec      0xc0  ButtonProcess.o [14]
      .text               ro code     0x3'47ac     0x2c4  em_usart.o [19]
      .text               ro code     0x3'4a70     0x6ec  HVC.o [14]
      .text               ro code     0x3'515c      0x2e  com.o [43]
      .text               ro code     0x3'518c     0x40c  ember-printf.o [17]
      .text               ro code     0x3'5598      0x1c  em_rmu.o [19]
      .text               ro code     0x3'55b4       0x4  cbke-crypto-engine-dsa-sign-stub.o [56]
      .text               ro code     0x3'55b8      0x6c  form-and-join-node-adapter.o [22]
      .text               ro code     0x3'5624      0x22  form-and-join-afv2.o [22]
      .text               ro code     0x3'5648      0x70  faults-v7m.o [16]
      .text               ro code     0x3'56b8     0x158  system_efr32mg21.o [19]
      .text               ro code     0x3'5810     0x408  bglib.c.obj [67]
      .text               ro code     0x3'5c18      0x14  gecko_bgapi_dfu.c.obj [67]
      .text               ro code     0x3'5c2c      0x14  gecko_bgapi_system.c.obj [67]
      .text               ro code     0x3'5c40      0x14  gecko_bgapi_gap.c.obj [67]
      .text               ro code     0x3'5c54      0x14  gecko_bgapi_le_connection.c.obj [67]
      .text               ro code     0x3'5c68      0x14  gecko_bgapi_gatt.c.obj [67]
      .text               ro code     0x3'5c7c      0x14  gecko_bgapi_gatt_server.c.obj [67]
      .text               ro code     0x3'5c90      0x14  gecko_bgapi_hardware.c.obj [67]
      .text               ro code     0x3'5ca4      0x14  gecko_bgapi_flash.c.obj [67]
      .text               ro code     0x3'5cb8      0x14  gecko_bgapi_test.c.obj [67]
      .text               ro code     0x3'5ccc      0x14  gecko_bgapi_sm.c.obj [67]
      .text               ro code     0x3'5ce0     0x69e  os_mutex.o [33]
      .text               ro code     0x3'6380      0x30  threading.o [32]
      .text               ro code     0x3'63b0      0xa2  os_app_hooks.o [33]
      .text               ro code     0x3'6454     0x98c  os_task.o [33]
      .text               ro code     0x3'6de0      0x70  micrium-rtos-sleep.o [33]
      .text               ro code     0x3'6e50     0x3cc  se_aes.o [32]
      .text               ro code     0x3'721c     0x150  ccm-star.o [6]
      .text               ro code     0x3'736c     0x10c  symbol-timer.o [77]
      .text               ro code     0x3'7478     0x1d0  SEGGER_RTT.o [10]
      .text               ro code     0x3'7648      0x34  crc.o [1]
      .text               ro code     0x3'767c      0x28  rfhal_module.o [69]
      .text               ro code     0x3'76a4    0x1f88  rail_rf_hal.o [69]
      .text               ro code     0x3'962c      0x18  rail_assert.o [69]
      .text               ro code     0x3'9644      0xc4  pa_conversions_efr32.o [69]
      .text               ro code     0x3'9708       0x8  em_core.o [19]
      .text               ro code     0x3'9710       0x8  em_core.o [19]
      .text               ro code     0x3'9718      0xcc  rfhal_antenna.o [69]
      .text               ro code     0x3'97e4      0x20  em_system.o [19]
      .text               ro code     0x3'9804      0xf4  hal-config.o [26]
      .text               ro code     0x3'98f8     0x298  tempdrv.o [18]
      .text               ro code     0x3'9b90      0xaa  em_emu.o [19]
      .text               ro code     0x3'9c3c      0x1c  pa_conversions_efr32.o [69]
      .text               ro code     0x3'9c58     0x14e  aes-mmo.o [77]
      .text               ro code     0x3'9da8      0x3a  ABImemset48.o [73]
      .text               ro code     0x3'9de4     0x256  nvm3_page.o [68]
      .text               ro code     0x3'a03c     0x1ba  nvm3_object.o [68]
      .text               ro code     0x3'a1f8     0x23e  nvm3_cache.o [68]
      .text               ro code     0x3'a438      0x68  memcmp.o [73]
      .text               ro code     0x3'a4a0      0x3e  nvm3_utils.o [68]
      .text               ro code     0x3'a4e0      0x10  nvm3_lock.o [37]
      .text               ro code     0x3'a4f0      0x10  nvm3_lock.o [37]
      Veneer              ro code     0x3'a500       0x8  - Linker created -
      .text               ro code     0x3'a508      0x68  flash.o [65]
      .text               ro code     0x3'a570      0x68  se_management.o [32]
      .text               ro code     0x3'a5d8     0x140  em_se.o [19]
      .text               ro code     0x3'a718     0x2f6  sl_sleeptimer_hal_rtcc.o [18]
      .text               ro code     0x3'aa10     0x230  I64DivMod.o [73]
      .text               ro code     0x3'ac40      0x1e  U64Shr.o [73]
      .text               ro code     0x3'ac5e      0x14  memset.o [73]
      .text               ro code     0x3'ac74     0x2e6  tmrdrv.o [69]
      .text               ro code     0x3'af5c     0x51e  radio_scheduler.o [69]
      .text               ro code     0x3'b47c      0x24  rail_rssi.o [69]
      .text               ro code     0x3'b4a0     0x54e  rfhal_protimer.o [69]
      .text               ro code     0x3'b9f0      0xa0  pa_conversions_efr32.o [69]
      .text               ro code     0x3'ba90      0x40  pa_auto_mode.o [69]
      .text               ro code     0x3'bad0      0x74  rfhal_ircal.o [69]
      .text               ro code     0x3'bb44     0x2a0  rail_ieee802154_rf_hal.o [69]
      .text               ro code     0x3'bde4     0x1b8  armv7m_os_cpu_c.o [34]
      .text               ro code     0x3'bf9c      0x54  os_prio.o [33]
      .text               ro code     0x3'bff0      0x70  os_msg.o [33]
      .text               ro code     0x3'c060     0x338  os_stat.o [33]
      .text               ro code     0x3'c398     0x230  os_dbg.o [33]
      .text               ro code     0x3'c5c8      0x58  os_cfg_app.o [33]
      .text               ro code     0x3'c620     0x1ce  gecko_endpoints.c.obj [67]
      .text               ro code     0x3'c7f0      0x70  ll_task.c.obj [67]
      .text               ro code     0x3'c860     0x501  xprintfsmall_nomb.o [62]
      .text               ro code     0x3'cd64     0x1c4  zdo-binding-table.o [53]
      .text               ro code     0x3'cf28     0x2fe  shax.o [32]
      .text               ro code     0x3'd226      0x4c  sha256.o [32]
      .text               ro code     0x3'd274      0xa0  identify-feedback.o [28]
      .text               ro code     0x3'd314      0xd6  pskeys.c.obj [67]
      .text               ro code     0x3'd3ec      0x74  efr32xg2x.c.obj [67]
      .text               ro code     0x3'd460       0x6  ABImemclr.o [73]
      .text               ro code     0x3'd468      0xb0  vectors_efr32xg2x.c.obj [67]
      .text               ro code     0x3'd518       0xc  timer.c.obj [67]
      .text               ro code     0x3'd524     0x458  bgapi.c.obj [67]
      .text               ro code     0x3'd97c      0xb4  bg_pool.c.obj [67]
      .text               ro code     0x3'da30     0x1de  ubt.c.obj [67]
      .text               ro code     0x3'dc10     0x3d4  bondingdb.c.obj [67]
      .text               ro code     0x3'dfe4     0x1d8  ll_init.c.obj [67]
      .text               ro code     0x3'e1bc     0x388  bg_message.c.obj [67]
      .text               ro code     0x3'e544       0x2  ll_adv_sync-stubs.c.obj [67]
      .text               ro code     0x3'e546       0x2  gap_periodic_adv-stubs.c.obj [67]
      .text               ro code     0x3'e548       0x2  ll_scan_sync-stubs.c.obj [67]
      .text               ro code     0x3'e54a       0x2  gap_periodic_scan-stubs.c.obj [67]
      .text               ro code     0x3'e54c     0x110  bg_event.c.obj [67]
      .text               ro code     0x3'e65c      0xfc  init.c.obj [67]
      .text               ro code     0x3'e758      0x2a  bg_malloc_sl.c.obj [67]
      .text               ro code     0x3'e782      0x88  ubt_gatt.c.obj [67]
      .text               ro code     0x3'e80c      0x94  sleep_efr32xg2x.c.obj [67]
      .text               ro code     0x3'e8a0     0x7a8  gap.c.obj [67]
      .text               ro code     0x3'f048     0x240  sleep.o [18]
      .text               ro code     0x3'f288      0x84  ll_radio_multiprotocol.c.obj [67]
      .text               ro code     0x3'f30c       0x2  bgapi_dfu.c.obj [67]
      .text               ro code     0x3'f310     0x138  bgapi_system.c.obj [67]
      .text               ro code     0x3'f448     0x108  bgapi_gap.c.obj [67]
      .text               ro code     0x3'f550      0x30  bgapi_le_connection.c.obj [67]
      .text               ro code     0x3'f580     0x118  bgapi_gatt_lib.c.obj [67]
      .text               ro code     0x3'f698      0x88  bgapi_hardware.c.obj [67]
      .text               ro code     0x3'f720       0x2  bgapi_ps.c.obj [67]
      .text               ro code     0x3'f724      0x88  bgapi_test_lib.c.obj [67]
      .text               ro code     0x3'f7ac      0xcc  bgapi_sm.c.obj [67]
      .text               ro code     0x3'f878     0x1f0  os_time.o [33]
      .text               ro code     0x3'fa68     0x510  se_ccm.o [32]
      .text               ro code     0x3'ff78      0x18  strcpy.o [73]
      .text               ro code     0x3'ff90     0x364  rfhal_timings.o [69]
      .text               ro code     0x4'02f4     0x7c4  rfhal_radio.o [69]
      .text               ro code     0x4'0ab8    0x1134  generic_phy.o [69]
      .text               ro code     0x4'1bec     0x7d8  rfhal_pa.o [69]
      .text               ro code     0x4'23c4     0x608  rfhal_bufc.o [69]
      .text               ro code     0x4'29cc     0x384  rail_ble_rf_hal.o [69]
      .text               ro code     0x4'2d50      0x26  rail_rf.o [69]
      .text               ro code     0x4'2d78      0x2c  rfhal_tempcal.o [69]
      .text               ro code     0x4'2da4     0x162  rfhal_rftest.o [69]
      .text               ro code     0x4'2f08     0x378  rfhal_synth.o [69]
      .text               ro code     0x4'3280      0x2a  cortex_utils.o [69]
      .text               ro code     0x4'32ac     0x124  rfhal_rand.o [69]
      .text               ro code     0x4'33d0     0x128  rfhal_pti.o [69]
      .text               ro code     0x4'34f8       0x2  em_emu.o [19]
      .text               ro code     0x4'34fc      0x2c  em_msc.o [19]
      .text               ro code     0x4'3528     0x138  em_rtcc.o [19]
      .text               ro code     0x4'3660       0x2  I64DivZer.o [73]
      .text               ro code     0x4'3664      0x28  tmrdrv_config.o [69]
      .text               ro code     0x4'368c     0x83c  bgbuf.c.obj [67]
      .text               ro code     0x4'3ec8      0x16  strchr.o [73]
      .text               ro code     0x4'3ee0      0x40  xfail_s.o [62]
      .text               ro code     0x4'3f20      0x36  strlen.o [73]
      .text               ro code     0x4'3f58      0x58  memchr.o [73]
      .text               ro code     0x4'3fb0     0x150  se_sha.o [32]
      .text               ro code     0x4'4100      0xcc  em_core.o [19]
      .text               ro code     0x4'41cc     0x290  acl.c.obj [67]
      .text               ro code     0x4'445c      0x3c  adv_report_msg.c.obj [67]
      .text               ro code     0x4'4498     0x26a  ubt_message.c.obj [67]
      .text               ro code     0x4'4704     0xb90  hci.c.obj [67]
      .text               ro code     0x4'5294     0x27e  l2cap.c.obj [67]
      .text               ro code     0x4'5514     0x1fe  gatt.c.obj [67]
      .text               ro code     0x4'5714     0x9c0  gap_adv.c.obj [67]
      .text               ro code     0x4'60d4       0x2  l2cap_coc-stubs.c.obj [67]
      .text               ro code     0x4'60d8      0xa0  uuid.c.obj [67]
      .text               ro code     0x4'6178     0xb30  gatt_db_minimal.c.obj [67]
      .text               ro code     0x4'6ca8     0x2d4  sm.c.obj [67]
      .text               ro code     0x4'6f7c      0xdc  bg_random_aes.c.obj [67]
      .text               ro code     0x4'7058       0x6  gap_whitelist-stubs.c.obj [67]
      .text               ro code     0x4'705e       0x6  gap_whitelist-stubs.c.obj [67]
      .text               ro code     0x4'7064     0x9c6  ll_radio.c.obj [67]
      .text               ro code     0x4'7a2c     0xd8c  ll_hci.c.obj [67]
      .text               ro code     0x4'87b8     0xcd0  ll_scan.c.obj [67]
      .text               ro code     0x4'9488    0x18ce  ll_conn.c.obj [67]
      .text               ro code     0x4'ad58     0xd8e  ll_adv.c.obj [67]
      .text               ro code     0x4'bae6       0x2  ll_channelmap.c.obj [67]
      .text               ro code     0x4'bae8     0x738  ll_adv_ext.c.obj [67]
      .text               ro code     0x4'c220       0x2  ll_scan_sync-stubs.c.obj [67]
      .text               ro code     0x4'c222       0x2  ll_aox-stubs.c.obj [67]
      .text               ro code     0x4'c224       0x2  ll_addr-stubs.c.obj [67]
      .text               ro code     0x4'c228     0x104  ll_radio_pa.c.obj [67]
      .text               ro code     0x4'c32c     0x178  ll_channelmap.c.obj [67]
      .text               ro code     0x4'c4a4       0x2  ll_addr-stubs.c.obj [67]
      .text               ro code     0x4'c4a8     0x26a  ll_conn_enc.c.obj [67]
      .text               ro code     0x4'c714     0x6e4  ll_llcp_common.c.obj [67]
      .text               ro code     0x4'cdf8     0x49e  ll_llcp_enc.c.obj [67]
      .text               ro code     0x4'd298     0x20e  ll_llcp_len.c.obj [67]
      .text               ro code     0x4'd4a8     0x738  ll_scan_ext.c.obj [67]
      .text               ro code     0x4'dbe0      0xe2  ll_to_hci.c.obj [67]
      .text               ro code     0x4'dcc4     0x102  irq.c.obj [67]
      .text               ro code     0x4'ddc6      0x34  sl_malloc.o [31]
      .text               ro code     0x4'ddfc    0x11b6  gatt_server.c.obj [67]
      .text               ro code     0x4'efb4     0x1f8  gap_scan.c.obj [67]
      .text               ro code     0x4'f1ac      0xc8  gap_resolver.c.obj [67]
      .text               ro code     0x4'f274       0x2  gap_periodic_adv-stubs.c.obj [67]
      .text               ro code     0x4'f278     0x2a4  scheduler.c.obj [67]
      .text               ro code     0x4'f51c      0xc4  gap_deprecated.c.obj [67]
      .text               ro code     0x4'f5e0       0x6  gap_periodic_adv-stubs.c.obj [67]
      .text               ro code     0x4'f5e8     0xaf4  gatt_client.c.obj [67]
      .text               ro code     0x5'00dc      0x50  ubt_gatt_client.c.obj [67]
      .text               ro code     0x5'012c      0x54  seq_globals.o [69]
      .text               ro code     0x5'0180     0x1ee  rail_ble.o [69]
      .text               ro code     0x5'0370      0x96  ABImemmove.o [73]
      .text               ro code     0x5'0406       0x6  abort.o [62]
      .text               ro code     0x5'040c      0x3a  bg_util_aes.c.obj [67]
      .text               ro code     0x5'0446       0x2  l2cap_coc-stubs.c.obj [67]
      .text               ro code     0x5'0448      0xf0  hci_pck.c.obj [67]
      .text               ro code     0x5'0538       0x4  l2cap_coc-stubs.c.obj [67]
      .text               ro code     0x5'053c       0xa  l2cap_coc-stubs.c.obj [67]
      .text               ro code     0x5'0548     0x2e0  att.c.obj [67]
      .text               ro code     0x5'0828     0x254  bgapi_gatt.c.obj [67]
      .text               ro code     0x5'0a7c       0x4  gap_periodic_adv-stubs.c.obj [67]
      .text               ro code     0x5'0a80     0x228  cipher.o [32]
      .text               ro code     0x5'0ca8     0x4d0  se_cmac.o [32]
      .text               ro code     0x5'1178     0x140  gatt_caching.c.obj [67]
      .text               ro code     0x5'12b8    0x2c40  smp.c.obj [67]
      .text               ro code     0x5'3ef8      0x50  ext_utils.c.obj [67]
      .text               ro code     0x5'3f48      0x16  rail_features.o [69]
      .text               ro code     0x5'3f60     0x16c  ll_hci_phy.c.obj [67]
      .text               ro code     0x5'40cc       0x2  ll_coex-stubs.c.obj [67]
      .text               ro code     0x5'40ce       0x2  ll_coex-stubs.c.obj [67]
      .text               ro code     0x5'40d0       0x2  ll_coex-stubs.c.obj [67]
      .text               ro code     0x5'40d4      0x10  ll_timing.c.obj [67]
      .text               ro code     0x5'40e4       0x4  ll_radio.c.obj [67]
      .text               ro code     0x5'40e8       0x2  ll_radio.c.obj [67]
      .text               ro code     0x5'40ea       0x2  ll_radio.c.obj [67]
      .text               ro code     0x5'40ec       0x2  ll_coex-stubs.c.obj [67]
      .text               ro code     0x5'40ee       0x4  ll_radio.c.obj [67]
      .text               ro code     0x5'40f2       0x4  ll_aox-stubs.c.obj [67]
      .text               ro code     0x5'40f6       0x4  ll_channelmap.c.obj [67]
      .text               ro code     0x5'40fa       0x4  ll_channelmap.c.obj [67]
      .text               ro code     0x5'40fe       0x4  ll_addr-stubs.c.obj [67]
      .text               ro code     0x5'4104     0x134  ll_link.c.obj [67]
      .text               ro code     0x5'4238      0xdc  ll_random.c.obj [67]
      .text               ro code     0x5'4314     0x42e  ll_llcp.c.obj [67]
      .text               ro code     0x5'4742       0x2  ll_channelmap.c.obj [67]
      .text               ro code     0x5'4744       0x2  ll_aox-stubs.c.obj [67]
      .text               ro code     0x5'4746       0x4  ll_aox-stubs.c.obj [67]
      .text               ro code     0x5'474c      0x14  ll_aox-stubs.c.obj [67]
      .text               ro code     0x5'4760      0x2c  ll_channelmap.c.obj [67]
      .text               ro code     0x5'478c       0x2  ll_adv_sync-stubs.c.obj [67]
      .text               ro code     0x5'478e       0x4  ll_adv.c.obj [67]
      .text               ro code     0x5'4794     0x2e0  ll_adv_header.c.obj [67]
      .text               ro code     0x5'4a74       0x4  ll_adv_sync-stubs.c.obj [67]
      .text               ro code     0x5'4a78       0x2  ll_adv_sync-stubs.c.obj [67]
      .text               ro code     0x5'4a7a       0x4  ll_adv_sync-stubs.c.obj [67]
      .text               ro code     0x5'4a7e       0x2  ll_radio_pa.c.obj [67]
      .text               ro code     0x5'4a80     0x250  radioaes_aes.o [32]
      .text               ro code     0x5'4cd0     0x29c  radioaes_ble.o [32]
      .text               ro code     0x5'4f6c     0x49c  ll_llcp_phy.c.obj [67]
      .text               ro code     0x5'5408       0x4  ll_scan_sync-stubs.c.obj [67]
      .text               ro code     0x5'540c       0x2  ll_scan_sync-stubs.c.obj [67]
      .text               ro code     0x5'5410    0x149c  dlmalloc.o [62]
      .text               ro code     0x5'68ac       0x4  heaptramp0.o [62]
      .text               ro code     0x5'68b0     0x484  att_client.c.obj [67]
      .text               ro code     0x5'6d34       0xc  XXexit.o [73]
      .text               ro code     0x5'6d40     0x328  ecp.o [32]
      .text               ro code     0x5'7068    0x14de  bignum.o [32]
      .text               ro code     0x5'8548     0x3e4  se_ecp.o [32]
      .text               ro code     0x5'892c     0x690  ecp_curves.o [32]
      .text               ro code     0x5'8fbc       0x6  gap_whitelist-stubs.c.obj [67]
      .text               ro code     0x5'8fc4     0x130  radioaes.o [32]
      .text               ro code     0x5'90f4      0x2c  xgetmemchunk.o [62]
      Veneer              ro code     0x5'9120       0x8  - Linker created -
      .text               ro code     0x5'9128     0x158  nvm3_hal_flash.o [38]
      .text               ro code     0x5'9280     0x13c  se_trng.o [32]
      .text               ro code     0x5'93bc       0x8  sl_mpu.o [26]
      .text               ro code     0x5'93c4       0x4  faults-v7m.o [16]
      .text               ro code     0x5'93c8      0xa4  dmadrv.o [18]
      .text               ro code     0x5'946c      0x7c  gpiointerrupt.o [18]
      .text               ro code     0x5'94e8       0x4  faults-v7m.o [16]
      .text               ro code     0x5'94ec       0x4  faults-v7m.o [16]
      .text               ro code     0x5'94f0       0x4  faults-v7m.o [16]
      .text               ro code     0x5'94f4       0x4  faults-v7m.o [16]
      .text               ro code     0x5'94f8       0x4  faults-v7m.o [16]
      .text               ro code     0x5'94fc       0x4  isr-stubs.o [16]
      .text               ro code     0x5'9500      0xb0  gp-sink-table.o [64]
      .text               ro code     0x5'95b0     0x414  rfhal_rtccsync.o [69]
      .text               ro code     0x5'99c4     0x214  rfhal_rtccsync_shared.o [69]
      .text               ro code     0x5'9bd8      0x22  fpinit_M.o [70]
      .text               ro code     0x5'9bfc      0x1e  cmain.o [73]
      .text               ro code     0x5'9c1a       0x4  low_level_init.o [62]
      .text               ro code     0x5'9c20      0x28  data_init.o [73]
      .text               ro code     0x5'9c48       0x4  exit.o [62]
      .text               ro code     0x5'9c4c       0xa  cexit.o [73]
      .text               ro code     0x5'9c56      0xd8  cipher_wrap.o [32]
      .text               ro code     0x5'9d2e       0xe  startup_efr32mg21.o [65]
      .text               ro code     0x5'9d3c       0xc  cstartup_M.o [73]
      .text               ro code     0x5'9d48      0x78  lz77_init_single.o [73]
    CODE                  ro code     0x5'9dc0      0x16  armv7m_cpu_a.o [34]
    CODE                  ro code     0x5'9dd8     0x14c  armv7m_os_cpu_a.o [34]
    .rodata               const       0x5'9f24       0x8  zll-on-off-server.o [50]
    .rodata               const       0x5'9f2c       0x8  zll-on-off-server.o [50]
    .rodata               const       0x5'9f34      0x10  zll-on-off-server.o [50]
    .rodata               const       0x5'9f44      0x18  zll-on-off-server.o [50]
    .rodata               const       0x5'9f5c      0x28  zll-commissioning-common.o [47]
    .rodata               const       0x5'9f84      0xb8  af-event.o [46]
    .rodata               const       0x5'a03c       0x4  af-main-common.o [46]
    .rodata               const       0x5'a040      0x10  af-main-soc.o [46]
    .rodata               const       0x5'a050      0x1c  af-security-common.o [46]
    .rodata               const       0x5'a06c      0x30  attribute-size.o [46]
    .rodata               const       0x5'a09c       0x4  attribute-storage.o [46]
    .rodata               const       0x5'a0a0       0x4  attribute-storage.o [46]
    .rodata               const       0x5'a0a4      0x18  attribute-storage.o [46]
    .rodata               const       0x5'a0bc      0x84  attribute-storage.o [46]
    .rodata               const       0x5'a140       0x8  attribute-storage.o [46]
    .rodata               const       0x5'a148       0x4  attribute-storage.o [46]
    .rodata               const       0x5'a14c       0x4  attribute-storage.o [46]
    .rodata               const       0x5'a150       0x8  attribute-storage.o [46]
    .rodata               const       0x5'a158      0xf0  attribute-storage.o [46]
    .rodata               const       0x5'a248       0x4  attribute-storage.o [46]
    .rodata               const       0x5'a24c     0x12c  attribute-storage.o [46]
    .rodata               const       0x5'a378      0xa0  attribute-storage.o [46]
    .rodata               const       0x5'a418      0x10  attribute-storage.o [46]
    .rodata               const       0x5'a428       0x4  attribute-storage.o [46]
    .rodata               const       0x5'a42c       0x4  attribute-storage.o [46]
    .rodata               const       0x5'a430       0x4  client-api.o [46]
    .rodata               const       0x5'a434       0x4  client-api.o [46]
    .rodata               const       0x5'a438      0x14  util.o [46]
    .rodata               const       0x5'a44c       0xc  scenes.o [42]
    .rodata               const       0x5'a458      0x10  scenes.o [42]
    .rodata               const       0x5'a468      0x10  scenes.o [42]
    .rodata               const       0x5'a478       0xc  scenes.o [42]
    .rodata               const       0x5'a484       0x8  scenes.o [42]
    .rodata               const       0x5'a48c      0x14  reporting-default-configuration.o [40]
    .rodata               const       0x5'a4a0      0x1c  nvm3_hal_flash.o [38]
    .rodata               const       0x5'a4bc       0x4  nvm3_lock.o [37]
    .rodata               const       0x5'a4c0      0x10  network-creator.o [35]
    .rodata               const       0x5'a4d0       0x8  micrium-rtos-main.o [33]
    .rodata               const       0x5'a4d8      0x14  micrium-rtos-main.o [33]
    .rodata               const       0x5'a4ec      0x10  micrium-rtos-main.o [33]
    .rodata               const       0x5'a4fc      0x10  micrium-rtos-main.o [33]
    .rodata               const       0x5'a50c      0x14  os_app_hooks.o [33]
    .rodata               const       0x5'a520       0x4  os_cfg_app.o [33]
    .rodata               const       0x5'a524       0x4  os_cfg_app.o [33]
    .rodata               const       0x5'a528       0x4  os_cfg_app.o [33]
    .rodata               const       0x5'a52c       0x4  os_cfg_app.o [33]
    .rodata               const       0x5'a530       0x4  os_cfg_app.o [33]
    .rodata               const       0x5'a534       0x4  os_cfg_app.o [33]
    .rodata               const       0x5'a538       0x4  os_cfg_app.o [33]
    .rodata               const       0x5'a53c       0x4  os_cfg_app.o [33]
    .rodata               const       0x5'a540       0x4  os_cfg_app.o [33]
    .rodata               const       0x5'a544       0x4  os_cfg_app.o [33]
    .rodata               const       0x5'a548       0x4  os_cfg_app.o [33]
    .rodata               const       0x5'a54c       0x4  os_cfg_app.o [33]
    .rodata               const       0x5'a550       0x4  os_cfg_app.o [33]
    .rodata               const       0x5'a554       0x8  os_core.o [33]
    .rodata               const       0x5'a55c       0xc  os_core.o [33]
    .rodata               const       0x5'a568       0x8  os_mutex.o [33]
    .rodata               const       0x5'a570      0x14  os_stat.o [33]
    .rodata               const       0x5'a584       0x8  os_task.o [33]
    .rodata               const       0x5'a58c       0xc  cipher_wrap.o [32]
    .rodata               const       0x5'a598       0xc  cipher_wrap.o [32]
    .rodata               const       0x5'a5a4       0xc  cipher_wrap.o [32]
    .rodata               const       0x5'a5b0       0xc  cipher_wrap.o [32]
    .rodata               const       0x5'a5bc       0xc  cipher_wrap.o [32]
    .rodata               const       0x5'a5c8       0xc  cipher_wrap.o [32]
    .rodata               const       0x5'a5d4       0xc  cipher_wrap.o [32]
    .rodata               const       0x5'a5e0       0xc  cipher_wrap.o [32]
    .rodata               const       0x5'a5ec       0xc  cipher_wrap.o [32]
    .rodata               const       0x5'a5f8      0x1c  cipher_wrap.o [32]
    .rodata               const       0x5'a614      0x1c  cipher_wrap.o [32]
    .rodata               const       0x5'a630      0x1c  cipher_wrap.o [32]
    .rodata               const       0x5'a64c      0x1c  cipher_wrap.o [32]
    .rodata               const       0x5'a668      0x1c  cipher_wrap.o [32]
    .rodata               const       0x5'a684      0x1c  cipher_wrap.o [32]
    .rodata               const       0x5'a6a0      0x1c  cipher_wrap.o [32]
    .rodata               const       0x5'a6bc      0x1c  cipher_wrap.o [32]
    .rodata               const       0x5'a6d8      0x1c  cipher_wrap.o [32]
    .rodata               const       0x5'a6f4      0x1c  cipher_wrap.o [32]
    .rodata               const       0x5'a710      0x1c  cipher_wrap.o [32]
    .rodata               const       0x5'a72c      0x50  cipher_wrap.o [32]
    .rodata               const       0x5'a77c      0x20  ecp_curves.o [32]
    .rodata               const       0x5'a79c      0x20  ecp_curves.o [32]
    .rodata               const       0x5'a7bc      0x20  ecp_curves.o [32]
    .rodata               const       0x5'a7dc      0x20  ecp_curves.o [32]
    .rodata               const       0x5'a7fc      0x20  ecp_curves.o [32]
    .rodata               const       0x5'a81c      0x10  radioaes_aes.o [32]
    .rodata               const       0x5'a82c      0x10  radioaes_aes.o [32]
    .rodata               const       0x5'a83c      0x10  radioaes_aes.o [32]
    .rodata               const       0x5'a84c      0x10  radioaes_aes.o [32]
    .rodata               const       0x5'a85c       0x4  radioaes_aes.o [32]
    .rodata               const       0x5'a860      0x10  radioaes_aes.o [32]
    .rodata               const       0x5'a870      0x10  radioaes_aes.o [32]
    .rodata               const       0x5'a880      0x10  radioaes_aes.o [32]
    .rodata               const       0x5'a890      0x10  radioaes_aes.o [32]
    .rodata               const       0x5'a8a0      0x10  radioaes_aes.o [32]
    .rodata               const       0x5'a8b0      0x10  radioaes_aes.o [32]
    .rodata               const       0x5'a8c0      0x10  radioaes_aes.o [32]
    .rodata               const       0x5'a8d0       0x4  radioaes_ble.o [32]
    .rodata               const       0x5'a8d4       0x4  radioaes_ble.o [32]
    .rodata               const       0x5'a8d8       0x4  radioaes_ble.o [32]
    .rodata               const       0x5'a8dc      0x10  radioaes_ble.o [32]
    .rodata               const       0x5'a8ec      0x10  radioaes_ble.o [32]
    .rodata               const       0x5'a8fc      0x10  radioaes_ble.o [32]
    .rodata               const       0x5'a90c      0x10  radioaes_ble.o [32]
    .rodata               const       0x5'a91c      0x10  radioaes_ble.o [32]
    .rodata               const       0x5'a92c      0x10  radioaes_ble.o [32]
    .rodata               const       0x5'a93c      0x10  radioaes_ble.o [32]
    .rodata               const       0x5'a94c      0x10  radioaes_ble.o [32]
    .rodata               const       0x5'a95c      0x10  radioaes_ble.o [32]
    .rodata               const       0x5'a96c      0x10  radioaes_ble.o [32]
    .rodata               const       0x5'a97c      0x10  radioaes_ble.o [32]
    .rodata               const       0x5'a98c       0xc  se_aes.o [32]
    .rodata               const       0x5'a998       0xc  se_aes.o [32]
    .rodata               const       0x5'a9a4       0xc  se_aes.o [32]
    .rodata               const       0x5'a9b0      0x20  se_aes.o [32]
    .rodata               const       0x5'a9d0       0xc  se_aes.o [32]
    .rodata               const       0x5'a9dc       0xc  se_aes.o [32]
    .rodata               const       0x5'a9e8       0xc  se_aes.o [32]
    .rodata               const       0x5'a9f4       0xc  se_aes.o [32]
    .rodata               const       0x5'aa00       0xc  se_aes.o [32]
    .rodata               const       0x5'aa0c      0x20  se_ccm.o [32]
    .rodata               const       0x5'aa2c       0xc  se_ccm.o [32]
    .rodata               const       0x5'aa38       0xc  se_ccm.o [32]
    .rodata               const       0x5'aa44       0xc  se_ccm.o [32]
    .rodata               const       0x5'aa50       0xc  se_ccm.o [32]
    .rodata               const       0x5'aa5c       0xc  se_ccm.o [32]
    .rodata               const       0x5'aa68       0xc  se_ccm.o [32]
    .rodata               const       0x5'aa74      0x20  se_ccm.o [32]
    .rodata               const       0x5'aa94       0xc  se_ccm.o [32]
    .rodata               const       0x5'aaa0       0xc  se_ccm.o [32]
    .rodata               const       0x5'aaac       0xc  se_ccm.o [32]
    .rodata               const       0x5'aab8       0xc  se_ccm.o [32]
    .rodata               const       0x5'aac4       0xc  se_ccm.o [32]
    .rodata               const       0x5'aad0       0xc  se_ccm.o [32]
    .rodata               const       0x5'aadc      0x20  se_cmac.o [32]
    .rodata               const       0x5'aafc       0xc  se_cmac.o [32]
    .rodata               const       0x5'ab08       0xc  se_cmac.o [32]
    .rodata               const       0x5'ab14       0xc  se_cmac.o [32]
    .rodata               const       0x5'ab20      0x20  se_ecp.o [32]
    .rodata               const       0x5'ab40       0xc  se_ecp.o [32]
    .rodata               const       0x5'ab4c       0xc  se_ecp.o [32]
    .rodata               const       0x5'ab58       0xc  se_ecp.o [32]
    .rodata               const       0x5'ab64      0x20  se_ecp.o [32]
    .rodata               const       0x5'ab84       0xc  se_ecp.o [32]
    .rodata               const       0x5'ab90       0xc  se_ecp.o [32]
    .rodata               const       0x5'ab9c       0xc  se_ecp.o [32]
    .rodata               const       0x5'aba8      0x20  se_sha.o [32]
    .rodata               const       0x5'abc8       0xc  se_sha.o [32]
    .rodata               const       0x5'abd4       0xc  se_sha.o [32]
    .rodata               const       0x5'abe0       0xc  se_sha.o [32]
    .rodata               const       0x5'abec      0x20  se_trng.o [32]
    .rodata               const       0x5'ac0c       0xc  se_trng.o [32]
    .rodata               const       0x5'ac18      0x20  se_trng.o [32]
    .rodata               const       0x5'ac38       0xc  se_trng.o [32]
    .rodata               const       0x5'ac44      0x20  shax.o [32]
    .rodata               const       0x5'ac64      0x20  shax.o [32]
    .rodata               const       0x5'ac84      0x40  shax.o [32]
    .rodata               const       0x5'acc4      0x1c  interpan-soc.o [30]
    .rodata               const       0x5'ace0       0x8  interpan.o [30]
    .rodata               const       0x5'ace8      0x14  hal-config.o [26]
    .rodata               const       0x5'acfc      0x10  hal-config.o [26]
    .rodata               const       0x5'ad0c      0x10  hal-config.o [26]
    .rodata               const       0x5'ad1c       0x8  green-power-client.o [23]
    .rodata               const       0x5'ad24      0x1c  bootloader-interface-app.o [20]
    .rodata               const       0x5'ad40      0x40  bootloader-interface.o [20]
    .rodata               const       0x5'ad80     0x190  em_cmu.o [19]
    .rodata               const       0x5'af10      0x20  em_se.o [19]
    .rodata               const       0x5'af30       0xc  em_se.o [19]
    .rodata               const       0x5'af3c       0x8  sl_sleeptimer_hal_rtcc.o [18]
    .rodata               const       0x5'af44       0x8  sl_sleeptimer_hal_rtcc.o [18]
    .rodata               const       0x5'af4c      0x10  ustimer.o [18]
    .rodata               const       0x5'af5c      0x24  ember-printf.o [17]
    .rodata               const       0x5'af80      0x14  assert-crash-handlers.o [16]
    .rodata               const       0x5'af94      0x20  cstartup-common.o [16]
    .rodata               const       0x5'afb4      0x40  diagnostic.o [16]
    .rodata               const       0x5'aff4      0x38  diagnostic.o [16]
    .rodata               const       0x5'b02c      0x44  diagnostic.o [16]
    .rodata               const       0x5'b070      0x3c  diagnostic.o [16]
    .rodata               const       0x5'b0ac      0x30  diagnostic.o [16]
    .rodata               const       0x5'b0dc      0x30  diagnostic.o [16]
    .rodata               const       0x5'b10c      0x24  diagnostic.o [16]
    .rodata               const       0x5'b130      0x28  diagnostic.o [16]
    .rodata               const       0x5'b158      0x40  diagnostic.o [16]
    .rodata               const       0x5'b198      0x3c  diagnostic.o [16]
    .rodata               const       0x5'b1d4      0x30  diagnostic.o [16]
    .rodata               const       0x5'b204      0x38  diagnostic.o [16]
    .rodata               const       0x5'b23c      0x3c  diagnostic.o [16]
    .rodata               const       0x5'b278      0x30  diagnostic.o [16]
    .rodata               const       0x5'b2a8      0x38  diagnostic.o [16]
    .rodata               const       0x5'b2e0      0x30  diagnostic.o [16]
    .rodata               const       0x5'b310      0x40  diagnostic.o [16]
    .rodata               const       0x5'b350      0x14  diagnostic.o [16]
    .rodata               const       0x5'b364       0xc  diagnostic.o [16]
    .rodata               const       0x5'b370       0xc  diagnostic.o [16]
    .rodata               const       0x5'b37c      0x10  diagnostic.o [16]
    .rodata               const       0x5'b38c      0x14  diagnostic.o [16]
    .rodata               const       0x5'b3a0       0xc  diagnostic.o [16]
    .rodata               const       0x5'b3ac       0xc  diagnostic.o [16]
    .rodata               const       0x5'b3b8       0xc  diagnostic.o [16]
    .rodata               const       0x5'b3c4       0xc  diagnostic.o [16]
    .rodata               const       0x5'b3d0       0xc  diagnostic.o [16]
    .rodata               const       0x5'b3dc       0xc  diagnostic.o [16]
    .rodata               const       0x5'b3e8      0x10  diagnostic.o [16]
    .rodata               const       0x5'b3f8      0x10  diagnostic.o [16]
    .rodata               const       0x5'b408      0x10  diagnostic.o [16]
    .rodata               const       0x5'b418      0x10  diagnostic.o [16]
    .rodata               const       0x5'b428      0x10  diagnostic.o [16]
    .rodata               const       0x5'b438      0x10  diagnostic.o [16]
    .rodata               const       0x5'b448      0x10  diagnostic.o [16]
    .rodata               const       0x5'b458       0xc  diagnostic.o [16]
    .rodata               const       0x5'b464      0x10  diagnostic.o [16]
    .rodata               const       0x5'b474       0xc  diagnostic.o [16]
    .rodata               const       0x5'b480       0xc  diagnostic.o [16]
    .rodata               const       0x5'b48c       0xc  diagnostic.o [16]
    .rodata               const       0x5'b498       0xc  diagnostic.o [16]
    .rodata               const       0x5'b4a4       0xc  diagnostic.o [16]
    .rodata               const       0x5'b4b0      0x10  diagnostic.o [16]
    .rodata               const       0x5'b4c0      0x10  diagnostic.o [16]
    .rodata               const       0x5'b4d0       0xc  diagnostic.o [16]
    .rodata               const       0x5'b4dc       0xc  diagnostic.o [16]
    .rodata               const       0x5'b4e8       0xc  diagnostic.o [16]
    .rodata               const       0x5'b4f4       0xc  diagnostic.o [16]
    .rodata               const       0x5'b500       0xc  diagnostic.o [16]
    .rodata               const       0x5'b50c       0xc  diagnostic.o [16]
    .rodata               const       0x5'b518      0x10  diagnostic.o [16]
    .rodata               const       0x5'b528       0xc  diagnostic.o [16]
    .rodata               const       0x5'b534       0xc  diagnostic.o [16]
    .rodata               const       0x5'b540      0x10  diagnostic.o [16]
    .rodata               const       0x5'b550      0x10  diagnostic.o [16]
    .rodata               const       0x5'b560      0x10  diagnostic.o [16]
    .rodata               const       0x5'b570       0xc  diagnostic.o [16]
    .rodata               const       0x5'b57c       0xc  diagnostic.o [16]
    .rodata               const       0x5'b588       0xc  diagnostic.o [16]
    .rodata               const       0x5'b594       0xc  diagnostic.o [16]
    .rodata               const       0x5'b5a0       0xc  diagnostic.o [16]
    .rodata               const       0x5'b5ac       0xc  diagnostic.o [16]
    .rodata               const       0x5'b5b8       0xc  diagnostic.o [16]
    .rodata               const       0x5'b5c4       0xc  diagnostic.o [16]
    .rodata               const       0x5'b5d0      0x10  diagnostic.o [16]
    .rodata               const       0x5'b5e0       0xc  diagnostic.o [16]
    .rodata               const       0x5'b5ec       0xc  diagnostic.o [16]
    .rodata               const       0x5'b5f8       0xc  diagnostic.o [16]
    .rodata               const       0x5'b604       0xc  diagnostic.o [16]
    .rodata               const       0x5'b610       0xc  diagnostic.o [16]
    .rodata               const       0x5'b61c       0xc  diagnostic.o [16]
    .rodata               const       0x5'b628       0xc  diagnostic.o [16]
    .rodata               const       0x5'b634       0xc  diagnostic.o [16]
    .rodata               const       0x5'b640       0xc  diagnostic.o [16]
    .rodata               const       0x5'b64c      0x10  diagnostic.o [16]
    .rodata               const       0x5'b65c      0x10  diagnostic.o [16]
    .rodata               const       0x5'b66c      0x10  diagnostic.o [16]
    .rodata               const       0x5'b67c      0x10  diagnostic.o [16]
    .rodata               const       0x5'b68c       0x8  diagnostic.o [16]
    .rodata               const       0x5'b694       0x8  diagnostic.o [16]
    .rodata               const       0x5'b69c       0x8  diagnostic.o [16]
    .rodata               const       0x5'b6a4       0x8  diagnostic.o [16]
    .rodata               const       0x5'b6ac      0x30  diagnostic.o [16]
    .rodata               const       0x5'b6dc      0x3c  diagnostic.o [16]
    .rodata               const       0x5'b718      0x2c  diagnostic.o [16]
    .rodata               const       0x5'b744      0x20  diagnostic.o [16]
    .rodata               const       0x5'b764      0x30  diagnostic.o [16]
    .rodata               const       0x5'b794      0x18  diagnostic.o [16]
[...]
timer_ms_to_tick           0x3'd521     0x4  Code  Gb  timer.c.obj [67]
timingConfig               0x5'c858     0xc  Data  Lc  ll_radio.c.obj [67]
toPhysChannel              0x4'7397    0x28  Code  Lc  ll_radio.c.obj [67]
tokenArraySize             0x5'c374    0x28  Data  Gb  token-def.o [1]
tokenDefaults              0x5'c600    0x94  Data  Gb  token-def.o [1]
tokenFlagsToSizeArray      0x3'2640     0x4  Data  Lc  install-code-tokens.o [66]
tokenIsCnt                 0x5'c2fc    0x28  Data  Gb  token-def.o [1]
tokenIsIdx                 0x5'c324    0x28  Data  Gb  token-def.o [1]
tokenNvm3Keys              0x5'c268    0x94  Data  Gb  token-def.o [1]
tokenSize                  0x5'c34c    0x28  Data  Gb  token-def.o [1]
tokensActive            0x2001'5f31     0x1  Data  Lc  token.o [16]
totalInitialChildren    0x2001'4ac7     0x1  Data  Gb  zigbee-device-util.o [77]
traceClkGet                0x2'6697    0x40  Code  Lc  em_cmu.o [19]
transactionExpirationTimeMS
                        0x2001'4e8c     0x4  Data  Lc  zll-interpan.o [79]
transientKeyFinish         0x3'1373    0x38  Code  Lc  aps-keys-transient.o [77]
transportKeyFrameSizes     0x2'c030     0x8  Data  Lc  packet-validate.o [72]
tryToFormNetwork           0x3'16a9    0xc2  Code  Lc  network-creator.o [35]
txCcaTries              0x2000'b460     0x1  Data  Lc  phy.o [77]
txCompleted                0x2'915f    0x26  Code  Lc  lower-mac-efr32.o [77]
txCsmaTries                0x1'6d8b    0xe6  Code  Lc  phy.o [77]
txOptions               0x2000'b498     0x4  Data  Lc  phy.o [77]
txParams                0x2000'b448     0xc  Data  Lc  phy.o [77]
txSchedulerInfo         0x2000'ae4c     0xc  Data  Lc  phy.o [77]
txState                 0x2000'b45e     0x1  Data  Lc  phy.o [77]
typeSensitiveMemCopy         0x5e51    0x9e  Code  Lc  attribute-storage.o [46]
ubt_address_count_bits     0x3'dbf5    0x1a  Code  Gb  ubt.c.obj [67]
ubt_bt_alloc_mem           0x3'da53    0x2a  Code  Gb  ubt.c.obj [67]
ubt_callback            0x2001'51bc     0x4  Data  Gb  ubt.c.obj [67]
ubt_event_free             0x3'db35    0x40  Code  Gb  ubt.c.obj [67]
ubt_gap_alloc_periodic_adv
                           0x3'e547     0x2  Code  Wk  gap_periodic_adv-stubs.c.obj [67]
ubt_gap_alloc_periodic_scan
                           0x3'e54b     0x2  Code  Wk  gap_periodic_scan-stubs.c.obj [67]
ubt_gap_get_identity_address
                           0x3'efed    0x10  Code  Gb  gap.c.obj [67]
ubt_gap_get_identity_address_type
                           0x3'effd     0xc  Code  Gb  gap.c.obj [67]
ubt_gap_set_adv_data       0x4'5885    0x46  Code  Gb  gap_adv.c.obj [67]
ubt_gap_set_adv_parameters
                           0x4'f51d    0x56  Code  Gb  gap_deprecated.c.obj [67]
ubt_gap_set_le_mode        0x4'f573    0x68  Code  Gb  gap_deprecated.c.obj [67]
ubt_gap_set_periodic_advertising_data
                           0x4'f5e1     0x6  Code  Wk  gap_periodic_adv-stubs.c.obj [67]
ubt_gap_set_static_address_identity
                           0x3'ef97    0x56  Code  Gb  gap.c.obj [67]
ubt_gatt_send_characteristic_confirmation
                           0x5'0115    0x12  Code  Gb  ubt_gatt_client.c.obj [67]
ubt_gatt_server_send_characteristic_notification
                           0x3'e7cb    0x40  Code  Gb  ubt_gatt.c.obj [67]
ubt_gatt_server_send_user_read_response
                           0x3'e787    0x26  Code  Gb  ubt_gatt.c.obj [67]
ubt_gatt_server_send_user_write_response
                           0x3'e7ad    0x1e  Code  Gb  ubt_gatt.c.obj [67]
ubt_gatt_set_gattdb        0x3'e783     0x4  Code  Gb  ubt_gatt.c.obj [67]
ubt_gatt_write_characteristic_value_without_response
                           0x5'00e3    0x28  Code  Gb  ubt_gatt_client.c.obj [67]
ubt_generate_random_address
                           0x3'db9b    0x38  Code  Gb  ubt.c.obj [67]
ubt_hciPhy2ubtPhy          0x3'db75    0x26  Code  Gb  ubt.c.obj [67]
ubt_init                   0x3'da31    0x22  Code  Gb  ubt.c.obj [67]
ubt_l2cap_coc_acl_free     0x5'0447     0x2  Code  Wk  l2cap_coc-stubs.c.obj [67]
ubt_link_set_phy           0x3'ea17    0xa2  Code  Gb  gap.c.obj [67]
ubt_message_add_handler
                           0x4'4667    0x20  Code  Gb  ubt_message.c.obj [67]
ubt_message_call           0x4'4643    0x1a  Code  Gb  ubt_message.c.obj [67]
ubt_message_create         0x4'46a1    0x34  Code  Gb  ubt_message.c.obj [67]
ubt_message_create_gap_adv_report
                           0x4'445d     0x6  Code  Gb  adv_report_msg.c.obj [67]
ubt_message_event_sender
                        0x2001'5f74     0x1  Data  Lc  ubt_message.c.obj [67]
ubt_message_front_packet_extract
                           0x4'4521    0x84  Code  Gb  ubt_message.c.obj [67]
ubt_message_get_gap_adv_report_header
                           0x4'4463     0x6  Code  Gb  adv_report_msg.c.obj [67]
ubt_message_get_header     0x4'46d5    0x2e  Code  Gb  ubt_message.c.obj [67]
ubt_message_get_next_gap_adv_report
                           0x4'4469    0x30  Code  Gb  adv_report_msg.c.obj [67]
ubt_message_handlers    0x2001'5368    0x18  Data  Lc  ubt_message.c.obj [67]
ubt_message_init           0x4'461f    0x24  Code  Gb  ubt_message.c.obj [67]
ubt_message_process        0x4'45b3    0x6c  Code  Lc  ubt_message.c.obj [67]
ubt_message_queue          0x4'44f3    0x2e  Code  Gb  ubt_message.c.obj [67]
ubt_pskey_delete           0x3'd373    0x10  Code  Gb  pskeys.c.obj [67]
ubt_pskey_delete_callback
                           0x3'd3cf    0x1c  Code  Gb  pskeys.c.obj [67]
ubt_pskey_read_callback
                           0x3'd35d    0x10  Code  Gb  pskeys.c.obj [67]
ubt_pskey_write_callback
                           0x3'd34b    0x12  Code  Gb  pskeys.c.obj [67]
ubt_run                    0x3'da7d    0x20  Code  Gb  ubt.c.obj [67]
ubt_sm_alloc_bond          0x3'dccd    0xd6  Code  Gb  bondingdb.c.obj [67]
ubt_sm_configure           0x4'6d31    0x34  Code  Gb  sm.c.obj [67]
ubt_sm_delete_bonding      0x3'dda3    0xfe  Code  Gb  bondingdb.c.obj [67]
ubt_sm_get_bond_data       0x3'df17    0x1a  Code  Gb  bondingdb.c.obj [67]
ubt_sm_get_bonds           0x3'dcc7     0x6  Code  Gb  bondingdb.c.obj [67]
ubt_sm_increase_security
                           0x4'6d95    0x84  Code  Gb  sm.c.obj [67]
ubt_sm_init                0x4'6ca9    0x28  Code  Gb  sm.c.obj [67]
ubt_sm_set_bond_data       0x3'dead    0x1a  Code  Gb  bondingdb.c.obj [67]
ucsButtonLongPressTime_Sec
                        0x2001'5f36     0x1  Data  Lc  Button.o [14]
ucsButtonReleaseConfirmCount
                        0x2001'5f37     0x1  Data  Lc  Button.o [14]
ucsFirstShortPressProcessed
                        0x2001'5f35     0x1  Data  Lc  Button.o [14]
ucsLongButtonPressDetectTime
                        0x2000'b1b0     0x1  Data  Lc  Button.o [14]
ucsOneTimeButtonLongPress
                        0x2001'5f38     0x1  Data  Lc  Button.o [14]
ucsPreButtonReleaseStatus
                        0x2000'b1b1     0x1  Data  Lc  Button.o [14]
ucsPreviousPressedButton
                        0x2001'5f34     0x1  Data  Lc  Button.o [14]
uint8_count_bits           0x3'dbd3    0x22  Code  Gb  ubt.c.obj [67]
unicastHead             0x2001'5360     0x1  Data  Lc  unicast-table.o [77]
uninitializedIsr           0x5'94f9          Code  Gb  faults-v7m.o [16]
unsolicitedChannelReport
                        0x2001'4e6a     0x1  Data  Lc  zdo-channel.o [77]
unusedOriginalChannelMaskCache
                        0x2001'4b5c     0x4  Data  Lc  scan.o [77]
unusedPanIdCache        0x2001'4b3a     0x2  Data  Lc  scan.o [77]
updateChannelComposites
                           0x3'1863    0x74  Code  Lc  network-creator.o [35]
updateEvents               0x1'726b    0x4c  Code  Lc  phy.o [77]
updateInterrupts           0x3'9a0b    0xd2  Code  Lc  tempdrv.o [18]
updateTcLinkKeyState    0x2001'5362     0x1  Data  Lc  aps-keys.o [77]
update_first_timer_delta
                           0x2'ea47    0x42  Code  Lc  sl_sleeptimer.o [18]
upperMacState           0x2001'4cdc    0x1c  Data  Gb  upper-mac.o [77]
usch                    0x2001'5a6c    0x10  Data  Gb  scheduler.c.obj [67]
usch_AddTask               0x4'f367     0x2  Code  Gb  scheduler.c.obj [67]
usch_GetCurrentTask        0x4'f4cb     0x6  Code  Gb  scheduler.c.obj [67]
usch_GetTimeCB             0x4'7571     0x4  Code  Gb  ll_radio.c.obj [67]
usch_RefreshTask           0x4'f4d1    0x32  Code  Gb  scheduler.c.obj [67]
usch_RemoveTask            0x4'f369    0x26  Code  Gb  scheduler.c.obj [67]
usch_Schedule              0x4'f451    0x6c  Code  Gb  scheduler.c.obj [67]
usch_SchedulerIdleCB       0x4'759f    0x1e  Code  Gb  ll_radio.c.obj [67]
usch_SendEvent             0x4'f4bd     0xe  Code  Gb  scheduler.c.obj [67]
usch_SetWakeupCB           0x4'7575    0x2a  Code  Gb  ll_radio.c.obj [67]
usch_Timer                 0x4'f503    0x12  Code  Gb  scheduler.c.obj [67]
usch_TrySchedule           0x4'f38f    0xc2  Code  Lc  scheduler.c.obj [67]
usch_currentTaskEnd        0x4'f2a1     0x8  Code  Gb  scheduler.c.obj [67]
usch_currentTaskRemainingTime
                           0x4'f2a9    0x10  Code  Gb  scheduler.c.obj [67]
usch_getCurrentTaskSlipTime
                           0x4'f2b9    0x1c  Code  Gb  scheduler.c.obj [67]
useLegacyTimeoutMethod  0x2001'5f60     0x1  Data  Gb  child-handling.o [77]
used_acls               0x2001'5364     0x4  Data  Gb  acl.c.obj [67]
user_signal_message_handler
                           0x3'5811    0x22  Code  Lc  bglib.c.obj [67]
user_signals            0x2001'5f62     0x1  Data  Gb  bglib.c.obj [67]
ussButtonPressedTime_mS
                        0x2001'5ede     0x2  Data  Lc  Button.o [14]
uuid_copy                  0x4'6139    0x3c  Code  Gb  uuid.c.obj [67]
uuid_to_handle             0x4'60d9    0x60  Code  Gb  uuid.c.obj [67]
vFillBuffer                  0x53b9   0x248  Code  Lc  client-api.o [46]
validateObj                0x2'cf55    0x26  Code  Lc  nvm3.o [68]
validateObjFragments       0x2'cd29   0x226  Code  Lc  nvm3.o [68]
validate_adv_data          0x4'579f    0x5e  Code  Lc  gap_adv.c.obj [67]
validate_gatt_client_pdu_len
                           0x5'6a71    0xae  Code  Gb  att_client.c.obj [67]
validate_gatt_connection_state
                           0x4'f5e9    0x20  Code  Lc  gatt_client.c.obj [67]
vectors_init               0x3'd473    0x76  Code  Gb  vectors_efr32xg2x.c.obj [67]
vectors_register           0x3'd469     0xa  Code  Gb  vectors_efr32xg2x.c.obj [67]
verifyMainBootloaderVersion
                           0x1'04fd    0x36  Code  Lc  bootloader-interface-app.o [20]
waitStateMax               0x2'7351     0xe  Code  Lc  em_cmu.o [19]
wakeInfo                0x2000'f1a8     0x4  Data  Lc  sleep-efm32.o [16]
wakeupCB                0x2001'46d8     0x4  Data  Lc  rtos_bluetooth.o [5]
walkDelayQueue             0x1'f4ed    0xde  Code  Lc  retry.o [77]
walkStoreAndForwardQueue
                           0x2'ab35   0x108  Code  Lc  store-forward.o [77]
wdog0ClkGet                0x2'735f    0x5c  Code  Lc  em_cmu.o [19]
wdog1ClkGet                0x2'66d7    0x5e  Code  Lc  em_cmu.o [19]
wordSize                0x2001'5f33     0x1  Data  Lc  eeprom.o [15]
workBegin                  0x2'db37    0x16  Code  Lc  nvm3.o [68]
workEnd                    0x2'db4d    0x14  Code  Lc  nvm3.o [68]
writeBoolean               0x3'3813    0x20  Code  Lc  zll-on-off-server.o [50]
writeBurst              0x2000'aa91    0x7c  Code  Gb  em_msc.o [19]
writeEndWord               0x2'e3d5    0x28  Code  Lc  mfg-token.o [16]
writeFullAllowed           0x2'c5db    0x18  Code  Lc  nvm3.o [68]
writeIdentifyTime          0x3'3377    0x22  Code  Lc  identify.o [27]
writeInt16u                0x3'3855    0x20  Code  Lc  zll-on-off-server.o [50]
writeLightState            0x1'8653    0x92  Code  Lc  DynamicMultiprotocolDoorLockSoc_callbacks.o [1]
writeMessage               0x1'99d3    0xaa  Code  Lc  packet-buffer.o [77]
writeObj                   0x2'c775   0x2da  Code  Lc  nvm3.o [68]
writeOtaCtrl               0x1'9381    0x66  Code  Lc  DynamicMultiprotocolDoorLockSoc_callbacks.o [1]
writeOtaData               0x1'93ed    0x38  Code  Lc  DynamicMultiprotocolDoorLockSoc_callbacks.o [1]
writeServerAttribute       0x1'12e5    0x2e  Code  Lc  scenes.o [42]
writeStartWord             0x2'e3b5    0x20  Code  Lc  mfg-token.o [16]
writeZllTokens             0x1'22ff     0xc  Code  Lc  zll-tokens.o [79]
write_value                0x4'f7df    0x48  Code  Lc  gatt_client.c.obj [67]
xor_in_place               0x5'12b9    0x16  Code  Lc  smp.c.obj [67]
zaTrustCenterSecurityPolicyInit
                           0x2'28e3    0x2c  Code  Gb  af-trust-center.o [46]
zaTrustCenterSetJoinPolicy
                           0x2'28d5     0xe  Code  Gb  af-trust-center.o [46]
zdoConfigurationModeEnabled
                        0x2000'b1de     0x1  Data  Gb  zigbee-device-util.o [77]
zeroLenByte             0x2001'5ebe     0x2  Data  Lc  message.o [46]
zeroLenBytePtr          0x2000'ac5c     0x4  Data  Lc  message.o [46]
zeroize                    0x5'0435    0x12  Code  Gb  bg_util_aes.c.obj [67]
zeros                      0x5'a8d8     0x4  Data  Lc  radioaes_ble.o [32]
zigDevApsStruct         0x2001'4ad4     0x4  Data  Lc  zigbee-device-util.o [77]
zigDevRequestRadius     0x2000'b1d2     0x1  Data  Gb  zigbee-device-common.o [1]
zigDevRequestSequence   0x2001'5f57     0x1  Data  Lc  zigbee-device-common.o [1]
zigDevRequestSequence   0x2001'4ac4     0x1  Data  Lc  zigbee-device-util.o [77]
zigbeeTask                 0x2'7785    0x68  Code  Lc  micrium-rtos-main.o [33]
zigbeeTaskControlBlock  0x2000'c0d0    0xa4  Data  Lc  micrium-rtos-main.o [33]
zigbeeTaskDeepSleepAllowed
                        0x2001'5f15     0x1  Data  Lc  micrium-rtos-sleep.o [33]
zigbeeTaskNextWakeUpTimeMs
                        0x2000'dfc8     0x4  Data  Lc  micrium-rtos-sleep.o [33]
zigbeeTaskStack         0x2000'c174  0x15e0  Data  Lc  micrium-rtos-main.o [33]
zllNodeType             0x2001'4915     0x1  Data  Lc  zll-api.o [79]
zllPrimaryChannelMask   0x2001'4928     0x4  Data  Lc  zll-api.o [79]
zllSecondaryChannelMask
                        0x2001'4950     0x4  Data  Lc  zll-api.o [79]
zllSequenceNum          0x2001'5f6d     0x1  Data  Lc  zll-interpan.o [79]


[1] = D:\hardik\prassana\DynamicMultiprotocolDoorLockSoc\IAR ARM - Default
[2] = D:\hardik\prassana\DynamicMultiprotocolDoorLockSoc\IAR ARM - Default\adc\EFR32
[3] = D:\hardik\prassana\DynamicMultiprotocolDoorLockSoc\IAR ARM - Default\address-table
[4] = D:\hardik\prassana\DynamicMultiprotocolDoorLockSoc\IAR ARM - Default\antenna-stub
[5] = D:\hardik\prassana\DynamicMultiprotocolDoorLockSoc\IAR ARM - Default\ble
[6] = D:\hardik\prassana\DynamicMultiprotocolDoorLockSoc\IAR ARM - Default\ccm-encryption
[7] = D:\hardik\prassana\DynamicMultiprotocolDoorLockSoc\IAR ARM - Default\coexistence-stub\EFR32
[8] = D:\hardik\prassana\DynamicMultiprotocolDoorLockSoc\IAR ARM - Default\concentrator
[9] = D:\hardik\prassana\DynamicMultiprotocolDoorLockSoc\IAR ARM - Default\counters
[10] = D:\hardik\prassana\DynamicMultiprotocolDoorLockSoc\IAR ARM - Default\debug-basic-library\EFR32
[11] = D:\hardik\prassana\DynamicMultiprotocolDoorLockSoc\IAR ARM - Default\debug-jtag\EFR32
[12] = D:\hardik\prassana\DynamicMultiprotocolDoorLockSoc\IAR ARM - Default\dmp-tuning
[13] = D:\hardik\prassana\DynamicMultiprotocolDoorLockSoc\IAR ARM - Default\dmp-ui-demo-stub
[14] = D:\hardik\prassana\DynamicMultiprotocolDoorLockSoc\IAR ARM - Default\door-lock-srs
[15] = D:\hardik\prassana\DynamicMultiprotocolDoorLockSoc\IAR ARM - Default\eeprom
[16] = D:\hardik\prassana\DynamicMultiprotocolDoorLockSoc\IAR ARM - Default\efr32
[17] = D:\hardik\prassana\DynamicMultiprotocolDoorLockSoc\IAR ARM - Default\ember-minimal-printf
[18] = D:\hardik\prassana\DynamicMultiprotocolDoorLockSoc\IAR ARM - Default\emdrv
[19] = D:\hardik\prassana\DynamicMultiprotocolDoorLockSoc\IAR ARM - Default\emlib
[20] = D:\hardik\prassana\DynamicMultiprotocolDoorLockSoc\IAR ARM - Default\external-generated-files
[21] = D:\hardik\prassana\DynamicMultiprotocolDoorLockSoc\IAR ARM - Default\find-and-bind-target
[22] = D:\hardik\prassana\DynamicMultiprotocolDoorLockSoc\IAR ARM - Default\form-and-join
[23] = D:\hardik\prassana\DynamicMultiprotocolDoorLockSoc\IAR ARM - Default\green-power-client
[24] = D:\hardik\prassana\DynamicMultiprotocolDoorLockSoc\IAR ARM - Default\green-power-common
[25] = D:\hardik\prassana\DynamicMultiprotocolDoorLockSoc\IAR ARM - Default\groups-server
[26] = D:\hardik\prassana\DynamicMultiprotocolDoorLockSoc\IAR ARM - Default\hal-library\EFR32
[27] = D:\hardik\prassana\DynamicMultiprotocolDoorLockSoc\IAR ARM - Default\identify
[28] = D:\hardik\prassana\DynamicMultiprotocolDoorLockSoc\IAR ARM - Default\identify-feedback
[29] = D:\hardik\prassana\DynamicMultiprotocolDoorLockSoc\IAR ARM - Default\idle-sleep
[30] = D:\hardik\prassana\DynamicMultiprotocolDoorLockSoc\IAR ARM - Default\interpan
[31] = D:\hardik\prassana\DynamicMultiprotocolDoorLockSoc\IAR ARM - Default\mbedtls-multiprotocol
[32] = D:\hardik\prassana\DynamicMultiprotocolDoorLockSoc\IAR ARM - Default\mbedtls\EFR32
[33] = D:\hardik\prassana\DynamicMultiprotocolDoorLockSoc\IAR ARM - Default\micrium-rtos
[34] = D:\hardik\prassana\DynamicMultiprotocolDoorLockSoc\IAR ARM - Default\micrium-rtos\EFR32
[35] = D:\hardik\prassana\DynamicMultiprotocolDoorLockSoc\IAR ARM - Default\network-creator
[36] = D:\hardik\prassana\DynamicMultiprotocolDoorLockSoc\IAR ARM - Default\network-creator-security
[37] = D:\hardik\prassana\DynamicMultiprotocolDoorLockSoc\IAR ARM - Default\nvm3
[38] = D:\hardik\prassana\DynamicMultiprotocolDoorLockSoc\IAR ARM - Default\nvm3\EFR32
[39] = D:\hardik\prassana\DynamicMultiprotocolDoorLockSoc\IAR ARM - Default\on-off
[40] = D:\hardik\prassana\DynamicMultiprotocolDoorLockSoc\IAR ARM - Default\reporting
[41] = D:\hardik\prassana\DynamicMultiprotocolDoorLockSoc\IAR ARM - Default\scan-dispatch
[42] = D:\hardik\prassana\DynamicMultiprotocolDoorLockSoc\IAR ARM - Default\scenes
[43] = D:\hardik\prassana\DynamicMultiprotocolDoorLockSoc\IAR ARM - Default\serial
[44] = D:\hardik\prassana\DynamicMultiprotocolDoorLockSoc\IAR ARM - Default\serial\EFR32
[45] = D:\hardik\prassana\DynamicMultiprotocolDoorLockSoc\IAR ARM - Default\strong-random
[46] = D:\hardik\prassana\DynamicMultiprotocolDoorLockSoc\IAR ARM - Default\zcl-framework-core
[47] = D:\hardik\prassana\DynamicMultiprotocolDoorLockSoc\IAR ARM - Default\zll-commissioning-common
[48] = D:\hardik\prassana\DynamicMultiprotocolDoorLockSoc\IAR ARM - Default\zll-commissioning-server
[49] = D:\hardik\prassana\DynamicMultiprotocolDoorLockSoc\IAR ARM - Default\zll-identify-server
[50] = D:\hardik\prassana\DynamicMultiprotocolDoorLockSoc\IAR ARM - Default\zll-on-off-server
[51] = D:\hardik\prassana\DynamicMultiprotocolDoorLockSoc\IAR ARM - Default\zll-scenes-server
[52] = D:\hardik\prassana\DynamicMultiprotocolDoorLockSoc\IAR ARM - Default\zll-utility-server
[53] = binding-table-library.a
[54] = cbke-163k1-stub-library.a
[55] = cbke-283k1-stub-library.a
[56] = cbke-library-dsa-sign-stub.a
[57] = cbke-library-dsa-verify-283k1-stub.a
[58] = cbke-library-dsa-verify-stub.a
[59] = cbke-stub-library.a
[60] = debug-basic-library.a
[61] = debug-extended-stub-library.a
[62] = dl7M_tln.a
[63] = end-device-bind-stub-library.a
[64] = gp-library.a
[65] = hal-library.a
[66] = install-code-library.a
[67] = libbluetooth.a
[68] = libnvm3_CM33_iar.a
[69] = librail_multiprotocol_efr32xg21_iar_release.a
[70] = m7M_tls.a
[71] = multi-network-stub-library.a
[72] = packet-validate-library.a
[73] = rt7M_tl.a
[74] = security-library-link-keys.a
[75] = sim-eeprom2-to-nvm3-upgrade-stub-library.a
[76] = source-route-library.a
[77] = zigbee-pro-stack.a
[78] = zigbee-r22-support-stub-library.a
[79] = zll-library.a

  350'776 bytes of readonly  code memory
      500 bytes of readwrite code memory
   22'518 bytes of readonly  data memory
  100'304 bytes of readwrite data memory

Errors: none
Warnings: none
