###############################################################################
#
# IAR ELF Linker V8.50.4.261/W32 for ARM                  28/Aug/2020  14:14:45
# Copyright 2007-2020 IAR Systems AB.
#
#    Output file  =  DynamicMultiprotocolDoorLockSoc.out
#    Map file     =
#        C:/Users/hardik.patel/SimplicityStudio/v4_workspace/DynamicMultiprotocolDoorLockSoc/IAR
#        ARM - Default/DynamicMultiprotocolDoorLockSoc.map
#    Command line =
#        -f
#        "C:\Users\hardik.patel\SimplicityStudio\v4_workspace\DynamicMultiprotocolDoorLockSoc\IAR
#        ARM -
#        Default\ilinkCommandLine_DynamicMultiprotocolDoorLockSoc.out.xcl" (-o
#        DynamicMultiprotocolDoorLockSoc.out --config
#        C:/SiliconLabs/SimplicityStudio/v4/developer/sdks/gecko_sdk_suite/v2.7//platform/base/hal/micro/cortexm3/efm32/iar-cfg.icf
#        --config_def APP_BTL=1 --config_def FLASH_SIZE=1048576 --config_def
#        RAM_SIZE=98304 --config_def SIMEEPROM_SIZE=32768 --config_def
#        LOCKBITS_IN_MAINFLASH_SIZE=8192 --config_def
#        EMBER_MALLOC_HEAP_SIZE=8192 --config_def HEADER_SIZE=512 --config_def
#        PSSTORE_SIZE=0 --config_def LONGTOKEN_SIZE=0 --config_def
#        BTL_SIZE=16384 --no_wrap_diagnostics
#        C:/SiliconLabs/SimplicityStudio/v4/developer/sdks/gecko_sdk_suite/v2.7//protocol/bluetooth/lib/EFR32MG21/IAR/libbluetooth.a
#        C:/SiliconLabs/SimplicityStudio/v4/developer/sdks/gecko_sdk_suite/v2.7//protocol/zigbee/build/cbke-163k1-stub-library-cortexm3-iar-efr32mg21-rail/cbke-163k1-stub-library.a
#        C:/SiliconLabs/SimplicityStudio/v4/developer/sdks/gecko_sdk_suite/v2.7//protocol/zigbee/build/source-route-library-cortexm3-iar-efr32mg21-rail/source-route-library.a
#        C:/SiliconLabs/SimplicityStudio/v4/developer/sdks/gecko_sdk_suite/v2.7//protocol/zigbee/build/cbke-library-dsa-sign-stub-cortexm3-iar-efr32mg21-rail/cbke-library-dsa-sign-stub.a
#        C:/SiliconLabs/SimplicityStudio/v4/developer/sdks/gecko_sdk_suite/v2.7//protocol/zigbee/build/binding-table-library-cortexm3-iar-efr32mg21-rail/binding-table-library.a
#        C:/SiliconLabs/SimplicityStudio/v4/developer/sdks/gecko_sdk_suite/v2.7//protocol/zigbee/build/packet-validate-library-cortexm3-iar-efr32mg21-rail/packet-validate-library.a
#        C:/SiliconLabs/SimplicityStudio/v4/developer/sdks/gecko_sdk_suite/v2.7//protocol/zigbee/build/zll-library-cortexm3-iar-efr32mg21-rail/zll-library.a
#        C:/SiliconLabs/SimplicityStudio/v4/developer/sdks/gecko_sdk_suite/v2.7//protocol/zigbee/build/zigbee-pro-stack-cortexm3-iar-efr32mg21-rail/zigbee-pro-stack.a
#        C:/SiliconLabs/SimplicityStudio/v4/developer/sdks/gecko_sdk_suite/v2.7//platform/radio/rail_lib/autogen/librail_release/librail_multiprotocol_efr32xg21_iar_release.a
#        C:/SiliconLabs/SimplicityStudio/v4/developer/sdks/gecko_sdk_suite/v2.7//protocol/zigbee/build/sim-eeprom2-to-nvm3-upgrade-stub-library-cortexm3-iar-efr32mg21-rail/sim-eeprom2-to-nvm3-upgrade-stub-library.a
#        C:/SiliconLabs/SimplicityStudio/v4/developer/sdks/gecko_sdk_suite/v2.7//platform/emdrv/nvm3/lib/libnvm3_CM33_iar.a
#        C:/SiliconLabs/SimplicityStudio/v4/developer/sdks/gecko_sdk_suite/v2.7//protocol/zigbee/build/multi-network-stub-library-cortexm3-iar-efr32mg21-rail/multi-network-stub-library.a
#        C:/SiliconLabs/SimplicityStudio/v4/developer/sdks/gecko_sdk_suite/v2.7//protocol/zigbee/build/hal-library-cortexm3-iar-efr32mg21-rail/hal-library.a
#        C:/SiliconLabs/SimplicityStudio/v4/developer/sdks/gecko_sdk_suite/v2.7//protocol/zigbee/build/cbke-library-dsa-verify-283k1-stub-cortexm3-iar-efr32mg21-rail/cbke-library-dsa-verify-283k1-stub.a
#        C:/SiliconLabs/SimplicityStudio/v4/developer/sdks/gecko_sdk_suite/v2.7//protocol/zigbee/build/end-device-bind-stub-library-cortexm3-iar-efr32mg21-rail/end-device-bind-stub-library.a
#        C:/SiliconLabs/SimplicityStudio/v4/developer/sdks/gecko_sdk_suite/v2.7//protocol/zigbee/build/cbke-283k1-stub-library-cortexm3-iar-efr32mg21-rail/cbke-283k1-stub-library.a
#        C:/SiliconLabs/SimplicityStudio/v4/developer/sdks/gecko_sdk_suite/v2.7//protocol/zigbee/build/debug-basic-library-cortexm3-iar-efr32mg21-rail/debug-basic-library.a
#        C:/SiliconLabs/SimplicityStudio/v4/developer/sdks/gecko_sdk_suite/v2.7//protocol/zigbee/build/debug-extended-stub-library-cortexm3-iar-efr32mg21-rail/debug-extended-stub-library.a
#        C:/SiliconLabs/SimplicityStudio/v4/developer/sdks/gecko_sdk_suite/v2.7//protocol/zigbee/build/security-library-link-keys-cortexm3-iar-efr32mg21-rail/security-library-link-keys.a
#        C:/SiliconLabs/SimplicityStudio/v4/developer/sdks/gecko_sdk_suite/v2.7//protocol/zigbee/build/gp-library-cortexm3-iar-efr32mg21-rail/gp-library.a
#        C:/SiliconLabs/SimplicityStudio/v4/developer/sdks/gecko_sdk_suite/v2.7//protocol/zigbee/build/cbke-library-dsa-verify-stub-cortexm3-iar-efr32mg21-rail/cbke-library-dsa-verify-stub.a
#        C:/SiliconLabs/SimplicityStudio/v4/developer/sdks/gecko_sdk_suite/v2.7//protocol/zigbee/build/cbke-stub-library-cortexm3-iar-efr32mg21-rail/cbke-stub-library.a
#        C:/SiliconLabs/SimplicityStudio/v4/developer/sdks/gecko_sdk_suite/v2.7//protocol/zigbee/build/install-code-library-cortexm3-iar-efr32mg21-rail/install-code-library.a
#        C:/SiliconLabs/SimplicityStudio/v4/developer/sdks/gecko_sdk_suite/v2.7//protocol/zigbee/build/zigbee-r22-support-stub-library-cortexm3-iar-efr32mg21-rail/zigbee-r22-support-stub-library.a
#        --entry __iar_program_start --map
#        "C:/Users/hardik.patel/SimplicityStudio/v4_workspace/DynamicMultiprotocolDoorLockSoc/IAR
#        ARM - Default/DynamicMultiprotocolDoorLockSoc.map" --log_file
#        "C:/Users/hardik.patel/SimplicityStudio/v4_workspace/DynamicMultiprotocolDoorLockSoc/IAR
#        ARM - Default/DynamicMultiprotocolDoorLockSoc.log" --log
#        initialization,modules,sections,veneers --diag_suppress=Lp012
#        --redirect _Printf=_PrintfSmallNoMb --redirect _Scanf=_ScanfFullNoMb
#        ./zll-utility-server/zll-utility-server.o
#        ./zll-scenes-server/zll-scenes-server.o
#        ./zll-on-off-server/zll-on-off-server.o
#        ./zll-identify-server/zll-identify-server.o
#        ./zll-commissioning-server/zll-commissioning-server.o
#        ./zll-commissioning-common/zll-commissioning-cli.o
#        ./zll-commissioning-common/zll-commissioning-common.o
#        ./zcl-framework-core/af-event.o ./zcl-framework-core/af-main-common.o
#        ./zcl-framework-core/af-main-soc.o ./zcl-framework-core/af-node.o
#        ./zcl-framework-core/af-security-common.o
#        ./zcl-framework-core/af-trust-center.o
#        ./zcl-framework-core/attribute-size.o
#        ./zcl-framework-core/attribute-storage.o
#        ./zcl-framework-core/attribute-table.o
#        ./zcl-framework-core/client-api.o ./zcl-framework-core/core-cli.o
#        ./zcl-framework-core/crypto-state.o ./zcl-framework-core/message.o
#        ./zcl-framework-core/multi-network.o
#        ./zcl-framework-core/network-cli.o ./zcl-framework-core/option-cli.o
#        ./zcl-framework-core/plugin-cli.o
#        ./zcl-framework-core/print-formatter.o ./zcl-framework-core/print.o
#        ./zcl-framework-core/process-cluster-message.o
#        ./zcl-framework-core/process-global-message.o
#        ./zcl-framework-core/security-cli.o
#        ./zcl-framework-core/service-discovery-common.o
#        ./zcl-framework-core/service-discovery-soc.o
#        ./zcl-framework-core/time-util.o ./zcl-framework-core/util.o
#        ./zcl-framework-core/zcl-cli.o ./zcl-framework-core/zdo-cli.o
#        ./strong-random/strong-random-api.o ./serial/EFR32/serial.o
#        ./serial/com.o ./scenes/scenes-cli.o ./scenes/scenes.o
#        ./scan-dispatch/scan-dispatch.o ./reporting/reporting-cli.o
#        ./reporting/reporting-default-configuration.o ./reporting/reporting.o
#        ./on-off/on-off.o ./nvm3/EFR32/nvm3_default.o
#        ./nvm3/EFR32/nvm3_hal_flash.o ./nvm3/nvm3_lock.o
#        ./network-creator-security/network-creator-security-cli.o
#        ./network-creator-security/network-creator-security.o
#        ./network-creator/network-creator-cli.o
#        ./network-creator/network-creator.o
#        ./micrium-rtos/EFR32/armv7m_cpu_a.o
#        ./micrium-rtos/EFR32/armv7m_cpu_c.o
#        ./micrium-rtos/EFR32/armv7m_os_cpu_a.o
#        ./micrium-rtos/EFR32/armv7m_os_cpu_c.o ./micrium-rtos/EFR32/bsp_cpu.o
#        ./micrium-rtos/cpu_core.o ./micrium-rtos/kal_kernel.o
#        ./micrium-rtos/lib_ascii.o ./micrium-rtos/lib_math.o
#        ./micrium-rtos/lib_mem.o ./micrium-rtos/lib_str.o
#        ./micrium-rtos/micrium-rtos-main.o ./micrium-rtos/micrium-rtos-sleep.o
#        ./micrium-rtos/os_app_hooks.o ./micrium-rtos/os_cfg_app.o
#        ./micrium-rtos/os_core.o ./micrium-rtos/os_dbg.o
#        ./micrium-rtos/os_flag.o ./micrium-rtos/os_mon.o
#        ./micrium-rtos/os_msg.o ./micrium-rtos/os_mutex.o
#        ./micrium-rtos/os_prio.o ./micrium-rtos/os_q.o ./micrium-rtos/os_sem.o
#        ./micrium-rtos/os_stat.o ./micrium-rtos/os_task.o
#        ./micrium-rtos/os_time.o ./micrium-rtos/os_tmr.o
#        ./micrium-rtos/os_var.o ./micrium-rtos/rtos_err_str.o
#        ./mbedtls/EFR32/aes.o ./mbedtls/EFR32/aes_aes.o
#        ./mbedtls/EFR32/aesni.o ./mbedtls/EFR32/arc4.o
#        ./mbedtls/EFR32/asn1parse.o ./mbedtls/EFR32/asn1write.o
#        ./mbedtls/EFR32/base64.o ./mbedtls/EFR32/bignum.o
#        ./mbedtls/EFR32/blowfish.o ./mbedtls/EFR32/camellia.o
#        ./mbedtls/EFR32/ccm.o ./mbedtls/EFR32/certs.o ./mbedtls/EFR32/cipher.o
#        ./mbedtls/EFR32/cipher_wrap.o ./mbedtls/EFR32/cmac.o
#        ./mbedtls/EFR32/crypto_aes.o ./mbedtls/EFR32/crypto_ble.o
#        ./mbedtls/EFR32/crypto_ecp.o ./mbedtls/EFR32/crypto_management.o
#        ./mbedtls/EFR32/crypto_sha.o ./mbedtls/EFR32/cryptoacc_aes.o
#        ./mbedtls/EFR32/cryptoacc_ccm.o ./mbedtls/EFR32/cryptoacc_cmac.o
#        ./mbedtls/EFR32/cryptoacc_ecp.o ./mbedtls/EFR32/cryptoacc_gcm.o
#        ./mbedtls/EFR32/cryptoacc_management.o ./mbedtls/EFR32/cryptoacc_sha.o
#        ./mbedtls/EFR32/cryptoacc_trng.o ./mbedtls/EFR32/ctr_drbg.o
#        ./mbedtls/EFR32/debug.o ./mbedtls/EFR32/des.o ./mbedtls/EFR32/dhm.o
#        ./mbedtls/EFR32/ecdh.o ./mbedtls/EFR32/ecdsa.o
#        ./mbedtls/EFR32/ecjpake.o ./mbedtls/EFR32/ecp.o
#        ./mbedtls/EFR32/ecp_curves.o ./mbedtls/EFR32/entropy.o
#        ./mbedtls/EFR32/entropy_adc.o ./mbedtls/EFR32/entropy_poll.o
#        ./mbedtls/EFR32/entropy_rail.o ./mbedtls/EFR32/error.o
#        ./mbedtls/EFR32/gcm.o ./mbedtls/EFR32/havege.o
#        ./mbedtls/EFR32/hmac_drbg.o ./mbedtls/EFR32/md.o ./mbedtls/EFR32/md2.o
#        ./mbedtls/EFR32/md4.o ./mbedtls/EFR32/md5.o ./mbedtls/EFR32/md_wrap.o
#        ./mbedtls/EFR32/memory_buffer_alloc.o ./mbedtls/EFR32/net_sockets.o
#        ./mbedtls/EFR32/oid.o ./mbedtls/EFR32/padlock.o ./mbedtls/EFR32/pem.o
#        ./mbedtls/EFR32/pk.o ./mbedtls/EFR32/pk_wrap.o
#        ./mbedtls/EFR32/pkcs11.o ./mbedtls/EFR32/pkcs12.o
#        ./mbedtls/EFR32/pkcs5.o ./mbedtls/EFR32/pkparse.o
#        ./mbedtls/EFR32/pkwrite.o ./mbedtls/EFR32/radioaes.o
#        ./mbedtls/EFR32/radioaes_aes.o ./mbedtls/EFR32/radioaes_ble.o
#        ./mbedtls/EFR32/ripemd160.o ./mbedtls/EFR32/rsa.o
#        ./mbedtls/EFR32/rsa_internal.o ./mbedtls/EFR32/se_aes.o
#        ./mbedtls/EFR32/se_ccm.o ./mbedtls/EFR32/se_cmac.o
#        ./mbedtls/EFR32/se_ecp.o ./mbedtls/EFR32/se_gcm.o
#        ./mbedtls/EFR32/se_jpake.o ./mbedtls/EFR32/se_management.o
#        ./mbedtls/EFR32/se_sha.o ./mbedtls/EFR32/se_trng.o
#        ./mbedtls/EFR32/sha1.o ./mbedtls/EFR32/sha256.o
#        ./mbedtls/EFR32/sha512.o ./mbedtls/EFR32/shax.o
#        ./mbedtls/EFR32/ssl_cache.o ./mbedtls/EFR32/ssl_ciphersuites.o
#        ./mbedtls/EFR32/ssl_cli.o ./mbedtls/EFR32/ssl_cookie.o
#        ./mbedtls/EFR32/ssl_srv.o ./mbedtls/EFR32/ssl_ticket.o
#        ./mbedtls/EFR32/ssl_tls.o ./mbedtls/EFR32/threading.o
#        ./mbedtls/EFR32/timing.o ./mbedtls/EFR32/trng.o
#        ./mbedtls/EFR32/version.o ./mbedtls/EFR32/version_features.o
#        ./mbedtls/EFR32/x509.o ./mbedtls/EFR32/x509_create.o
#        ./mbedtls/EFR32/x509_crl.o ./mbedtls/EFR32/x509_crt.o
#        ./mbedtls/EFR32/x509_csr.o ./mbedtls/EFR32/x509write_crt.o
#        ./mbedtls/EFR32/x509write_csr.o ./mbedtls/EFR32/xtea.o
#        ./mbedtls-multiprotocol/sl_malloc.o ./interpan/interpan-cli.o
#        ./interpan/interpan-soc.o ./interpan/interpan.o
#        ./idle-sleep/idle-sleep-cli.o ./idle-sleep/idle-sleep-soc.o
#        ./idle-sleep/idle-sleep.o ./identify-feedback/identify-feedback.o
#        ./identify/identify-cli.o ./identify/identify.o
#        ./hal-library/EFR32/hal-config-gpio.o ./hal-library/EFR32/hal-config.o
#        ./hal-library/EFR32/sl_mpu.o ./groups-server/groups-server-cli.o
#        ./groups-server/groups-server.o
#        ./green-power-common/green-power-common.o
#        ./green-power-client/green-power-client-cli.o
#        ./green-power-client/green-power-client.o
#        ./form-and-join/form-and-join-afv2.o
#        ./form-and-join/form-and-join-node-adapter.o
#        ./form-and-join/form-and-join.o
#        ./find-and-bind-target/find-and-bind-target-cli.o
#        ./find-and-bind-target/find-and-bind-target.o
#        ./external-generated-files/bootloader-interface-app.o
#        ./external-generated-files/bootloader-interface.o
#        ./external-generated-files/btl_interface.o
#        ./external-generated-files/btl_interface_storage.o ./emlib/em_adc.o
#        ./emlib/em_cmu.o ./emlib/em_core.o ./emlib/em_cryotimer.o
#        ./emlib/em_emu.o ./emlib/em_eusart.o ./emlib/em_gpio.o
#        ./emlib/em_i2c.o ./emlib/em_ldma.o ./emlib/em_leuart.o
#        ./emlib/em_msc.o ./emlib/em_prs.o ./emlib/em_rmu.o ./emlib/em_rtcc.o
#        ./emlib/em_se.o ./emlib/em_system.o ./emlib/em_timer.o
#        ./emlib/em_usart.o ./emlib/em_wdog.o ./emlib/system_efr32mg21.o
#        ./emdrv/dmadrv.o ./emdrv/gpiointerrupt.o ./emdrv/sl_sleeptimer.o
#        ./emdrv/sl_sleeptimer_hal_rtcc.o ./emdrv/sleep.o ./emdrv/tempdrv.o
#        ./emdrv/uartdrv.o ./emdrv/ustimer.o
#        ./ember-minimal-printf/ember-printf.o ./efr32/assert-crash-handlers.o
#        ./efr32/button.o ./efr32/buzzer-efr32.o ./efr32/cstartup-common.o
#        ./efr32/diagnostic.o ./efr32/ext-device.o ./efr32/faults-v7m.o
#        ./efr32/isr-stubs.o ./efr32/led.o ./efr32/mfg-token.o
#        ./efr32/micro-common.o ./efr32/micro.o ./efr32/sleep-efm32.o
#        ./efr32/token.o ./eeprom/eeprom-afv2.o ./eeprom/eeprom-cli.o
#        ./eeprom/eeprom.o ./door-lock-srs/Button.o
#        ./door-lock-srs/ButtonProcess.o ./door-lock-srs/Controller_Spec.o
#        ./door-lock-srs/HVC.o ./door-lock-srs/HVC_Process.o
#        ./door-lock-srs/I2C.o ./door-lock-srs/Init.o ./door-lock-srs/Mode.o
#        ./door-lock-srs/R30X_Fingerprint.o
#        ./door-lock-srs/R30X_FingerprintProcess.o
#        ./door-lock-srs/TTP229Keypad.o ./door-lock-srs/TTP229KeypadProcess.o
#        ./door-lock-srs/Timer.o ./door-lock-srs/TwoWire.o
#        ./door-lock-srs/UART0.o ./door-lock-srs/UART1.o
#        ./dmp-ui-demo-stub/dmp-ui-stub.o ./dmp-tuning/dmp-tuning-cli.o
#        ./dmp-tuning/dmp-tuning.o ./debug-jtag/EFR32/debug-jtag-efr32.o
#        ./debug-basic-library/EFR32/SEGGER_RTT.o ./counters/counters-cli.o
#        ./counters/counters-ota.o ./counters/counters-soc.o
#        ./concentrator/concentrator-support-cli.o
#        ./concentrator/concentrator-support.o
#        ./coexistence-stub/EFR32/coexistence-802154.o
#        ./coexistence-stub/EFR32/coulomb-counter-802154.o
#        ./ccm-encryption/ccm-star.o ./ble/ble-cli.o ./ble/ble-interface.o
#        ./ble/rtos_bluetooth.o ./antenna-stub/antenna-stub.o
#        ./address-table/address-table-cli.o ./address-table/address-table.o
#        ./adc/EFR32/adc-efr32.o ./DynamicMultiprotocolDoorLockSoc_callbacks.o
#        ./call-command-handler.o ./callback-stub.o ./command-interpreter2.o
#        ./crc.o ./ember-base-configuration.o ./ember-configuration.o
#        ./endian.o ./gatt_db.o ./library.o ./mem-util.o ./random.o
#        ./security-address-cache.o ./stack-handler-stub.o ./token-def.o
#        ./zigbee-device-common.o ./zigbee-device-library.o
#        ./znet-bookkeeping.o ./znet-cli.o)
#
###############################################################################

*******************************************************************************
*** RUNTIME MODEL ATTRIBUTES
***

CppFlavor                   = *
__Heap_Handler              = DLMalloc
__SystemLibrary             = DLib
__dlib_jmp_buf_num_elements = 16
__dlib_version              = 6


*******************************************************************************
*** HEAP SELECTION
***

The advanced heap was selected because the application calls memory
allocation functions outside of system library functions, and there
are calls to deallocation functions in the application.


*******************************************************************************
*** PLACEMENT SUMMARY
***

"BAT": place at address 0x0 { section BAT };
define block HEADER_block with fixed order { ro section AAT };
"HEADERS":
       place at start of [from 0x4000 to 0x41ff] { block HEADER_block };
define block APPRO_block
   with fixed order {
      ro section .intvec, ro section .textrw_init, ro section .gatt_header,
      ro section .gatt_data, ro section .text, ro section CODE,
      ro section .rodata, ro section .data_init, ro section .iar.init_table,
      ro section __DLIB_PERTHREAD_init };
"APP ro":
       place at start of [from 0x4200 to 0xf'ffff] { block APPRO_block };
"SIMEE&LOCKBITS":
       place at end of [from 0x4200 to 0xf'ffff] {
          zi section SIMEE, zi section INTERNAL_STORAGE, zi section LONGTOKEN,
          zi section PSSTORE, zi section LOCKBITS_IN_MAINFLASH };
define block ALIGN_EMHEAP with alignment = 8 { rw section EMHEAP };
define block RESETHEAP
   with fixed order {
      rw section RESETINFO, rw section .noinitnew, block ALIGN_EMHEAP };
"ResetHeap":
       place at start of [from 0x2000'0000 to 0x2001'7fef] { block RESETHEAP };
"Guard":
       place in [from 0x2000'0000 to 0x2001'7fef] { rw section GUARD_REGION };
define block ALIGN_CSTACK with alignment = 8 { rw section CSTACK };
define block DLIB_PERTHREAD_INITIALIZED_DATA { rw section __DLIB_PERTHREAD };
define block DLIB_PERTHREAD_ZERO_DATA { zi section __DLIB_PERTHREAD };
define block HEAP with size = 8K, alignment = 8 { };
define block APPRW_block
   with fixed order {
      block ALIGN_CSTACK, rw section .textrw, rw section .data,
      block DLIB_PERTHREAD_INITIALIZED_DATA, block DLIB_PERTHREAD_ZERO_DATA,
      rw section .bss, rw section .noinitlegacy, block HEAP };
"APP rw":
       place at end of [from 0x2000'0000 to 0x2001'7fef] { block APPRW_block };
do not initialize {
   rw section .noinitlegacy, rw section .noinitnew, rw section CSTACK,
   rw section RESETINFO, rw section EMHEAP, zi section SIMEE,
   zi section INTERNAL_STORAGE, zi section LONGTOKEN, zi section PSSTORE,
   zi section LOCKBITS_IN_MAINFLASH };
initialize by copy { rw };

No sections matched the following patterns:

  ro section .gatt_data             in block APPRO_block
  ro section .gatt_header           in block APPRO_block
  ro section .iar.init_table        in block APPRO_block
  ro section __DLIB_PERTHREAD_init  in block APPRO_block
  rw section .noinitlegacy          in block APPRW_block
  rw section .noinitnew             in block RESETHEAP
  rw section DEBUG_CHANNEL          in "DEBUGCHAN"
  rw section __DLIB_PERTHREAD       in block DLIB_PERTHREAD_INITIALIZED_DATA
  zi section INTERNAL_STORAGE       in "SIMEE&LOCKBITS"
  zi section LONGTOKEN              in "SIMEE&LOCKBITS"
  zi section PSSTORE                in "SIMEE&LOCKBITS"
  zi section __DLIB_PERTHREAD       in block DLIB_PERTHREAD_ZERO_DATA


  Section                 Kind         Address      Size  Object
  -------                 ----         -------      ----  ------
"BAT":                                              0x54
  BAT                     uninit           0x0      0x54  cstartup-common.o [16]
                                        - 0x54      0x54

"HEADERS":                                          0xac
  HEADER_block                          0x4000      0xac  <Block>
    AAT                   const         0x4000      0xac  cstartup-common.o [16]
                                      - 0x40ac      0xac

"APP ro":                                       0x5'a98c
  APPRO_block                           0x4200  0x5'a98c  <Block>
    .intvec               const         0x4200     0x134  startup_efr32mg21.o [65]
    Initializer bytes     const         0x4334     0x1b6  <for rw section .textrw-1>
    .text                               0x44ec  0x5'5130  <Block>
      .text               ro code       0x44ec     0x190  zll-utility-server.o [52]
      .text               ro code       0x467c     0xbbc  util.o [46]
      .text               ro code       0x5238     0x17e  callback-stub.o [1]
      .text               ro code       0x53b6       0x2  dmp-ui-stub.o [13]
      .text               ro code       0x53b8     0x46c  client-api.o [46]
      .text               ro code       0x5824     0x226  message.o [46]
      .text               ro code       0x5a4a       0x2  startup_efr32mg21.o [65]
      .text               ro code       0x5a4c     0xf0c  attribute-storage.o [46]
      .text               ro code       0x6958     0x660  attribute-table.o [46]
      .text               ro code       0x6fb8      0xf2  mem-util.o [1]
      .text               ro code       0x70aa       0x2  startup_efr32mg21.o [65]
      .text               ro code       0x70ac      0x70  multi-network.o [46]
      .text               ro code       0x711c     0x1f6  af-event.o [46]
      .text               ro code       0x7312       0x2  startup_efr32mg21.o [65]
      .text               ro code       0x7314     0x128  eeprom.o [15]
      .text               ro code       0x743c     0x250  zll-commissioning-common.o [47]
      .text               ro code       0x768c    0x1836  green-power-client.o [23]
      .text               ro code       0x8ec2       0x2  startup_efr32mg21.o [65]
      .text               ro code       0x8ec4     0xdbc  reporting.o [40]
      .text               ro code       0x9c80      0x80  dmp-tuning.o [12]
      .text               ro code       0x9d00      0x90  ble-interface.o [5]
      .text               ro code       0x9d90      0x90  interpan-soc.o [30]
      .text               ro code       0x9e20      0x4a  idle-sleep-soc.o [29]
      .text               ro code       0x9e6a       0x2  startup_efr32mg21.o [65]
      .text               ro code       0x9e6c     0x2f8  counters-soc.o [9]
      .text               ro code       0xa164    0x1488  association.o [77]
      .text               ro code       0xb5ec     0x1cc  ember-stack-common.o [77]
      .text               ro code       0xb7b8     0x5d0  groups-server.o [25]
      .text               ro code       0xbd88      0x42  process-cluster-message.o [46]
      .text               ro code       0xbdca       0x6  rail_zwave_rf_hal.o [69]
      .text               ro code       0xbdd0     0x7f4  process-global-message.o [46]
      .text               ro code       0xc5c4     0x314  ember-multi-network-stub.o [71]
      .text               ro code       0xc8d8      0xa6  ABImemcpy.o [73]
      .text               ro code       0xc97e      0xc2  znet-bookkeeping.o [1]
      .text               ro code       0xca40     0x59c  interpan.o [30]
      .text               ro code       0xcfdc     0xa2c  af-main-common.o [46]
      .text               ro code       0xda08     0x3e0  address-table.o [77]
      .text               ro code       0xdde8     0x4d0  binding-table.o [53]
      .text               ro code       0xe2b8      0x6c  concentrator-support.o [8]
      .text               ro code       0xe324      0x62  Init.o [14]
      .text               ro code       0xe386      0x1a  xsnprout.o [62]
      .text               ro code       0xe3a0     0xd18  R30X_Fingerprint.o [14]
      .text               ro code       0xf0b8     0x790  Mode.o [14]
      .text               ro code       0xf848      0x64  random.o [1]
      .text               ro code       0xf8ac     0x6e2  af-main-soc.o [46]
      .text               ro code       0xff8e      0x3a  zero_init3.o [73]
      .text               ro code       0xffc8      0x66  ABImemset.o [73]
      .text               ro code     0x1'0030      0xf8  micro-common.o [16]
      .text               ro code     0x1'0128      0x84  attribute-size.o [46]
      .text               ro code     0x1'01ac     0x24c  event-control.o [77]
      .text               ro code     0x1'03f8      0x10  crypto-state.o [46]
      .text               ro code     0x1'0408     0x100  bootloader-interface-app.o [20]
      .text               ro code     0x1'0508     0x298  assert-crash-handlers.o [16]
      .text               ro code     0x1'07a0     0x768  zll-api.o [79]
      .text               ro code     0x1'0f08     0x29c  zll-commissioning-server.o [48]
      .text               ro code     0x1'11a4     0xc64  scenes.o [42]
      .text               ro code     0x1'1e08     0x406  leave.o [77]
      .text               ro code     0x1'220e     0x128  zll-tokens.o [79]
      .text               ro code     0x1'2338     0xc2c  gp-data.o [64]
      .text               ro code     0x1'2f64     0x768  scan.o [77]
      .text               ro code     0x1'36cc     0x104  zigbee-dispatch.o [77]
      .text               ro code     0x1'37d0     0x206  green-power-common.o [24]
      .text               ro code     0x1'39d8     0x7fc  gp-proxy-table.o [64]
      .text               ro code     0x1'41d4     0x498  zigbee-stack.o [77]
      .text               ro code     0x1'466c    0x195c  network.o [77]
      .text               ro code     0x1'5fc8      0x7a  gp-util.o [64]
      .text               ro code     0x1'6044       0x8  green-power-client-cli.o [23]
      .text               ro code     0x1'604c     0x550  token.o [16]
      .text               ro code     0x1'659c      0xb0  reporting-default-configuration.o [40]
      .text               ro code     0x1'664c     0x12c  system-timer.o [65]
      .text               ro code     0x1'6778    0x13b0  phy.o [77]
      .text               ro code     0x1'7b28     0x5f4  os_flag.o [33]
      .text               ro code     0x1'811c    0x12dc  DynamicMultiprotocolDoorLockSoc_callbacks.o [1]
      .text               ro code     0x1'93f8     0x76c  packet-buffer.o [77]
      .text               ro code     0x1'9b64     0x9cc  upper-mac.o [77]
      .text               ro code     0x1'a530     0x380  mac-header.o [77]
      .text               ro code     0x1'a8b0       0x8  em_core.o [19]
      .text               ro code     0x1'a8b8     0x104  idle-sleep.o [29]
      .text               ro code     0x1'a9bc       0x8  em_core.o [19]
      .text               ro code     0x1'a9c4     0x328  child-handling.o [77]
      .text               ro code     0x1'acec     0x964  beacon-handling.o [77]
      .text               ro code     0x1'b650     0x900  zigbee-device-util.o [77]
      .text               ro code     0x1'bf50     0x184  token-cache.o [77]
      .text               ro code     0x1'c0d4     0x2f8  management.o [77]
      .text               ro code     0x1'c3cc      0x14  debug-extended-stub.o [61]
      .text               ro code     0x1'c3e0     0x364  random-id.o [77]
      .text               ro code     0x1'c744     0xdb8  aps-security.o [77]
      .text               ro code     0x1'd4fc     0x750  child.o [77]
      .text               ro code     0x1'dc4c      0x70  strong-random-api.o [45]
      .text               ro code     0x1'dcbc      0x1c  zdo-r22-stub.o [78]
      .text               ro code     0x1'dcd8     0x61c  command.o [77]
      .text               ro code     0x1'e2f4     0x168  child-aging.o [77]
      .text               ro code     0x1'e45c       0x8  ember-multi-phy-stub.o [77]
      .text               ro code     0x1'e464      0x92  ember-configuration.o [1]
      .text               ro code     0x1'e4f8     0x27c  packet-header.o [77]
      .text               ro code     0x1'e774      0x5e  byte-utilities.o [77]
      .text               ro code     0x1'e7d4     0x628  zigbee-packet-header.o [77]
      .text               ro code     0x1'edfc      0x48  child-table.o [77]
      .text               ro code     0x1'ee44     0x5b5  mac-indirect.o [77]
      .text               ro code     0x1'f3fc     0x2f6  retry.o [77]
      .text               ro code     0x1'f6f4     0x7d4  neighbor.o [77]
      .text               ro code     0x1'fec8     0x664  trust-center-util.o [77]
      .text               ro code     0x2'052c      0x34  mac-info-element-parsing-stub.o [78]
      .text               ro code     0x2'0560     0x45c  zdo-channel.o [77]
      .text               ro code     0x2'09bc     0x58c  aps-keys.o [77]
      .text               ro code     0x2'0f48      0x1e  mac-dispatch.o [77]
      .text               ro code     0x2'0f66     0xecc  call-command-handler.o [1]
      .text               ro code     0x2'1e34       0xc  time-util.o [46]
      .text               ro code     0x2'1e40     0x1f8  zigbee-neighbor.o [77]
      .text               ro code     0x2'2038     0x1a4  network-creator-security.o [36]
      .text               ro code     0x2'21dc      0xc8  zigbee-device-library.o [1]
      .text               ro code     0x2'22a4     0x4f8  service-discovery-common.o [46]
      .text               ro code     0x2'279c      0x48  af-security-common.o [46]
      .text               ro code     0x2'27e4     0x114  af-trust-center.o [46]
      .text               ro code     0x2'28f8     0x9b0  aps-retry.o [77]
      .text               ro code     0x2'32a8     0x3e4  source-route-table.o [76]
      .text               ro code     0x2'368c     0x198  source-route-update.o [76]
      .text               ro code     0x2'3824     0x2e0  Button.o [14]
      .text               ro code     0x2'3b04      0x54  TTP229Keypad.o [14]
      .text               ro code     0x2'3b58      0x76  Controller_Spec.o [14]
      .text               ro code     0x2'3bd0     0x17c  Timer.o [14]
      .text               ro code     0x2'3d4c     0x3d4  TwoWire.o [14]
      .text               ro code     0x2'4120     0x24c  UART0.o [14]
      .text               ro code     0x2'436c     0x24c  UART1.o [14]
      .text               ro code     0x2'45b8     0x208  TTP229KeypadProcess.o [14]
      .text               ro code     0x2'47c0     0x168  R30X_FingerprintProcess.o [14]
      .text               ro code     0x2'4928     0x124  HVC_Process.o [14]
      .text               ro code     0x2'4a4c      0x6c  serial.o [44]
      .text               ro code     0x2'4ab8      0xdc  cstartup-common.o [16]
      .text               ro code     0x2'4b94     0x534  diagnostic.o [16]
      .text               ro code     0x2'50c8      0xc8  security-address-cache.o [1]
      .text               ro code     0x2'5190     0xa78  application-support.o [77]
      .text               ro code     0x2'5c08     0x4d2  form-and-join.o [22]
      .text               ro code     0x2'60dc     0x1e4  scan-dispatch.o [41]
      .text               ro code     0x2'62c0       0x4  faults-v7m.o [16]
      .text               ro code     0x2'62c4     0xf44  em_cmu.o [19]
      .text               ro code     0x2'7208      0xda  em_wdog.o [19]
      .text               ro code     0x2'72e2       0xc  em_core.o [19]
      .text               ro code     0x2'72ee       0x6  em_core.o [19]
      .text               ro code     0x2'72f4      0x1a  em_core.o [19]
      .text               ro code     0x2'7310     0x296  micrium-rtos-main.o [33]
      .text               ro code     0x2'75a8      0xd0  btl_interface.o [20]
      .text               ro code     0x2'7678     0x2d8  debug.o [60]
      .text               ro code     0x2'7950      0x4c  micro-internal.o [65]
      .text               ro code     0x2'799c     0x9a0  zll-interpan.o [79]
      .text               ro code     0x2'833c     0x184  zll-security.o [79]
      .text               ro code     0x2'84c0     0x25e  zll-scenes-server.o [51]
      .text               ro code     0x2'8720      0xac  aes-efm32.o [77]
      .text               ro code     0x2'87cc     0x428  crypto.o [77]
      .text               ro code     0x2'8bf4     0x484  lower-mac-efr32.o [77]
      .text               ro code     0x2'9078      0x28  enhanced-beacon-request-stub.o [78]
      .text               ro code     0x2'90a0     0x308  debug-jtag-efr32.o [11]
      .text               ro code     0x2'93a8      0x90  ember-library.o [77]
      .text               ro code     0x2'9438     0x538  rail_rf.o [69]
      .text               ro code     0x2'9970      0x12  phy-util.o [77]
      .text               ro code     0x2'9984     0x79a  micro.o [16]
      .text               ro code     0x2'a11e       0x6  cbke-crypto-engine-163k1-stub.o [54]
      .text               ro code     0x2'a124       0x6  cbke-crypto-engine-283k1-stub.o [55]
      .text               ro code     0x2'a12c     0x1c4  broadcast.o [77]
      .text               ro code     0x2'a2f0     0x538  route-table.o [77]
      .text               ro code     0x2'a828       0xe  cbke-crypto-engine-stub.o [59]
      .text               ro code     0x2'a838      0x58  micro-common-internal.o [65]
      .text               ro code     0x2'a890     0x22c  store-forward.o [77]
      .text               ro code     0x2'aabc      0x64  unicast-table.o [77]
      .text               ro code     0x2'ab20     0x514  aps-encryption.o [77]
      .text               ro code     0x2'b034     0x2f4  jit.o [77]
      .text               ro code     0x2'b328     0x7dc  route-discovery.o [77]
      .text               ro code     0x2'bb04       0x6  ABImemclr4.o [73]
      .text               ro code     0x2'bb0a       0x4  led.o [16]
      .text               ro code     0x2'bb10     0x2d4  packet-validate.o [72]
      .text               ro code     0x2'bde4     0x160  route-error.o [77]
      .text               ro code     0x2'bf44     0x39c  neighbor-exchange.o [77]
      .text               ro code     0x2'c2e0       0x4  sim-eeprom2-to-nvm3-upgrade-stub.o [75]
      .text               ro code     0x2'c2e4    0x1c4a  nvm3.o [68]
      .text               ro code     0x2'df30     0x358  mfg-token.o [16]
      .text               ro code     0x2'e288       0xa  ember-base-configuration.o [1]
      .text               ro code     0x2'e294     0x638  sl_sleeptimer.o [18]
      .text               ro code     0x2'e8cc     0x210  ustimer.o [18]
      .text               ro code     0x2'eadc     0x250  sleep-efm32.o [16]
      .text               ro code     0x2'ed2c       0xe  coexistence-802154.o [7]
      .text               ro code     0x2'ed3c     0x9b4  rail_multiprotocol.o [69]
      .text               ro code     0x2'f6f0      0x7c  rail_timer.o [69]
      .text               ro code     0x2'f76c     0x30c  rail_tx.o [69]
      .text               ro code     0x2'fa78     0x132  rail_calibration.o [69]
      .text               ro code     0x2'fbac     0x2b4  rail_ieee802154.o [69]
      .text               ro code     0x2'fe60      0x5e  duty-cycle-stub.o [77]
      .text               ro code     0x2'febe      0x36  antenna-stub.o [4]
      .text               ro code     0x2'fef4     0x194  rail_data.o [69]
      .text               ro code     0x3'0088      0x96  rail_rx.o [69]
      .text               ro code     0x3'0120      0x18  eui64.o [77]
      .text               ro code     0x3'0138     0x11e  rail_autoack.o [69]
      .text               ro code     0x3'0256       0x6  rail_pti.o [69]
      .text               ro code     0x3'025c      0x24  cpu_core.o [33]
      .text               ro code     0x3'0280      0x18  em_core.o [19]
      .text               ro code     0x3'0298     0x9a0  os_core.o [33]
      .text               ro code     0x3'0c38      0x44  bsp_cpu.o [34]
      .text               ro code     0x3'0c7c     0x224  rtos_bluetooth.o [5]
      .text               ro code     0x3'0ea0     0x4e0  aps-keys-transient.o [77]
      .text               ro code     0x3'1380     0x3f8  network-creator.o [35]
      .text               ro code     0x3'1778      0xee  btl_interface_storage.o [20]
      .text               ro code     0x3'1868      0x44  snprintf.o [62]
      .text               ro code     0x3'18ac     0xaa0  zigbee-device.o [77]
      .text               ro code     0x3'234c       0x8  end-device-bind-stub.o [63]
      .text               ro code     0x3'2354      0x6c  install-code-tokens.o [66]
      .text               ro code     0x3'23c0      0x62  hmac.o [77]
      .text               ro code     0x3'2424     0x2c4  aps-keys-full.o [74]
      .text               ro code     0x3'26e8       0x4  ember-duty-cycle-stub.o [77]
      .text               ro code     0x3'26ec     0x354  entropy.o [32]
      .text               ro code     0x3'2a40     0x578  ctr_drbg.o [32]
      .text               ro code     0x3'2fb8      0x22  I64Shl.o [73]
      .text               ro code     0x3'2fdc     0x1ae  identify.o [27]
      .text               ro code     0x3'318c     0x206  zll-identify-server.o [49]
      .text               ro code     0x3'3394     0x1d6  on-off.o [39]
      .text               ro code     0x3'356c     0x630  zll-on-off-server.o [50]
      .text               ro code     0x3'3b9c      0x4c  zigbee-device-common.o [1]
      .text               ro code     0x3'3be8     0x438  em_gpio.o [19]
      .text               ro code     0x3'4020     0x25e  em_timer.o [19]
      .text               ro code     0x3'4280      0x1a  U32ToDbl.o [70]
      .text               ro code     0x3'429c     0x1a2  DblMul.o [70]
      .text               ro code     0x3'4440      0x28  DblToU32.o [70]
      .text               ro code     0x3'4468      0xbc  ButtonProcess.o [14]
      .text               ro code     0x3'4524     0x2c4  em_usart.o [19]
      .text               ro code     0x3'47e8     0x1d0  HVC.o [14]
      .text               ro code     0x3'49b8      0x2e  com.o [43]
      .text               ro code     0x3'49e8     0x40c  ember-printf.o [17]
      .text               ro code     0x3'4df4      0x1c  em_rmu.o [19]
      .text               ro code     0x3'4e10       0x4  cbke-crypto-engine-dsa-sign-stub.o [56]
      .text               ro code     0x3'4e14      0x6c  form-and-join-node-adapter.o [22]
      .text               ro code     0x3'4e80      0x22  form-and-join-afv2.o [22]
      .text               ro code     0x3'4ea4      0x70  faults-v7m.o [16]
      .text               ro code     0x3'4f14     0x158  system_efr32mg21.o [19]
      .text               ro code     0x3'506c     0x408  bglib.c.obj [67]
      .text               ro code     0x3'5474      0x14  gecko_bgapi_dfu.c.obj [67]
      .text               ro code     0x3'5488      0x14  gecko_bgapi_system.c.obj [67]
      .text               ro code     0x3'549c      0x14  gecko_bgapi_gap.c.obj [67]
      .text               ro code     0x3'54b0      0x14  gecko_bgapi_le_connection.c.obj [67]
      .text               ro code     0x3'54c4      0x14  gecko_bgapi_gatt.c.obj [67]
      .text               ro code     0x3'54d8      0x14  gecko_bgapi_gatt_server.c.obj [67]
      .text               ro code     0x3'54ec      0x14  gecko_bgapi_hardware.c.obj [67]
      .text               ro code     0x3'5500      0x14  gecko_bgapi_flash.c.obj [67]
      .text               ro code     0x3'5514      0x14  gecko_bgapi_test.c.obj [67]
      .text               ro code     0x3'5528      0x14  gecko_bgapi_sm.c.obj [67]
      .text               ro code     0x3'553c     0x69e  os_mutex.o [33]
      .text               ro code     0x3'5bdc      0x30  threading.o [32]
      .text               ro code     0x3'5c0c      0xa2  os_app_hooks.o [33]
      .text               ro code     0x3'5cb0     0x98c  os_task.o [33]
      .text               ro code     0x3'663c      0x70  micrium-rtos-sleep.o [33]
      .text               ro code     0x3'66ac     0x3cc  se_aes.o [32]
      .text               ro code     0x3'6a78     0x150  ccm-star.o [6]
      .text               ro code     0x3'6bc8     0x10c  symbol-timer.o [77]
      .text               ro code     0x3'6cd4     0x1d0  SEGGER_RTT.o [10]
      .text               ro code     0x3'6ea4      0x34  crc.o [1]
      .text               ro code     0x3'6ed8      0x28  rfhal_module.o [69]
      .text               ro code     0x3'6f00    0x1f88  rail_rf_hal.o [69]
      .text               ro code     0x3'8e88      0x18  rail_assert.o [69]
      .text               ro code     0x3'8ea0      0xc4  pa_conversions_efr32.o [69]
      .text               ro code     0x3'8f64       0x8  em_core.o [19]
      .text               ro code     0x3'8f6c       0x8  em_core.o [19]
      .text               ro code     0x3'8f74      0xcc  rfhal_antenna.o [69]
      .text               ro code     0x3'9040      0x20  em_system.o [19]
      .text               ro code     0x3'9060      0xf4  hal-config.o [26]
      .text               ro code     0x3'9154     0x298  tempdrv.o [18]
      .text               ro code     0x3'93ec      0xaa  em_emu.o [19]
      .text               ro code     0x3'9498      0x1c  pa_conversions_efr32.o [69]
      .text               ro code     0x3'94b4     0x14e  aes-mmo.o [77]
      .text               ro code     0x3'9604      0x3a  ABImemset48.o [73]
      .text               ro code     0x3'9640     0x256  nvm3_page.o [68]
      .text               ro code     0x3'9898     0x1ba  nvm3_object.o [68]
      .text               ro code     0x3'9a54     0x23e  nvm3_cache.o [68]
      .text               ro code     0x3'9c94      0x68  memcmp.o [73]
      .text               ro code     0x3'9cfc      0x3e  nvm3_utils.o [68]
      .text               ro code     0x3'9d3c      0x10  nvm3_lock.o [37]
      .text               ro code     0x3'9d4c      0x10  nvm3_lock.o [37]
      Veneer              ro code     0x3'9d5c       0x8  - Linker created -
      .text               ro code     0x3'9d64      0x68  flash.o [65]
      .text               ro code     0x3'9dcc      0x68  se_management.o [32]
      .text               ro code     0x3'9e34     0x140  em_se.o [19]
      .text               ro code     0x3'9f74     0x2f6  sl_sleeptimer_hal_rtcc.o [18]
      .text               ro code     0x3'a26c     0x230  I64DivMod.o [73]
      .text               ro code     0x3'a49c      0x1e  U64Shr.o [73]
      .text               ro code     0x3'a4ba      0x14  memset.o [73]
      .text               ro code     0x3'a4d0     0x2e6  tmrdrv.o [69]
      .text               ro code     0x3'a7b8     0x51e  radio_scheduler.o [69]
      .text               ro code     0x3'acd8      0x24  rail_rssi.o [69]
      .text               ro code     0x3'acfc     0x54e  rfhal_protimer.o [69]
      .text               ro code     0x3'b24c      0xa0  pa_conversions_efr32.o [69]
      .text               ro code     0x3'b2ec      0x40  pa_auto_mode.o [69]
      .text               ro code     0x3'b32c      0x74  rfhal_ircal.o [69]
      .text               ro code     0x3'b3a0     0x2a0  rail_ieee802154_rf_hal.o [69]
      .text               ro code     0x3'b640     0x1b8  armv7m_os_cpu_c.o [34]
      .text               ro code     0x3'b7f8      0x54  os_prio.o [33]
      .text               ro code     0x3'b84c      0x70  os_msg.o [33]
      .text               ro code     0x3'b8bc     0x338  os_stat.o [33]
      .text               ro code     0x3'bbf4     0x230  os_dbg.o [33]
      .text               ro code     0x3'be24      0x58  os_cfg_app.o [33]
      .text               ro code     0x3'be7c     0x1ce  gecko_endpoints.c.obj [67]
      .text               ro code     0x3'c04c      0x70  ll_task.c.obj [67]
      .text               ro code     0x3'c0bc     0x501  xprintfsmall_nomb.o [62]
      .text               ro code     0x3'c5c0     0x1c4  zdo-binding-table.o [53]
      .text               ro code     0x3'c784     0x2fe  shax.o [32]
      .text               ro code     0x3'ca82      0x4c  sha256.o [32]
      .text               ro code     0x3'cad0      0xa0  identify-feedback.o [28]
      .text               ro code     0x3'cb70      0xd6  pskeys.c.obj [67]
      .text               ro code     0x3'cc48      0x74  efr32xg2x.c.obj [67]
      .text               ro code     0x3'ccbc       0x6  ABImemclr.o [73]
      .text               ro code     0x3'ccc4      0xb0  vectors_efr32xg2x.c.obj [67]
      .text               ro code     0x3'cd74       0xc  timer.c.obj [67]
      .text               ro code     0x3'cd80     0x458  bgapi.c.obj [67]
      .text               ro code     0x3'd1d8      0xb4  bg_pool.c.obj [67]
      .text               ro code     0x3'd28c     0x1de  ubt.c.obj [67]
      .text               ro code     0x3'd46c     0x3d4  bondingdb.c.obj [67]
      .text               ro code     0x3'd840     0x1d8  ll_init.c.obj [67]
      .text               ro code     0x3'da18     0x388  bg_message.c.obj [67]
      .text               ro code     0x3'dda0       0x2  ll_adv_sync-stubs.c.obj [67]
      .text               ro code     0x3'dda2       0x2  gap_periodic_adv-stubs.c.obj [67]
      .text               ro code     0x3'dda4       0x2  ll_scan_sync-stubs.c.obj [67]
      .text               ro code     0x3'dda6       0x2  gap_periodic_scan-stubs.c.obj [67]
      .text               ro code     0x3'dda8     0x110  bg_event.c.obj [67]
      .text               ro code     0x3'deb8      0xfc  init.c.obj [67]
      .text               ro code     0x3'dfb4      0x2a  bg_malloc_sl.c.obj [67]
      .text               ro code     0x3'dfde      0x88  ubt_gatt.c.obj [67]
      .text               ro code     0x3'e068      0x94  sleep_efr32xg2x.c.obj [67]
      .text               ro code     0x3'e0fc     0x7a8  gap.c.obj [67]
      .text               ro code     0x3'e8a4     0x240  sleep.o [18]
      .text               ro code     0x3'eae4      0x84  ll_radio_multiprotocol.c.obj [67]
      .text               ro code     0x3'eb68       0x2  bgapi_dfu.c.obj [67]
      .text               ro code     0x3'eb6c     0x138  bgapi_system.c.obj [67]
      .text               ro code     0x3'eca4     0x108  bgapi_gap.c.obj [67]
      .text               ro code     0x3'edac      0x30  bgapi_le_connection.c.obj [67]
      .text               ro code     0x3'eddc     0x118  bgapi_gatt_lib.c.obj [67]
      .text               ro code     0x3'eef4      0x88  bgapi_hardware.c.obj [67]
      .text               ro code     0x3'ef7c       0x2  bgapi_ps.c.obj [67]
      .text               ro code     0x3'ef80      0x88  bgapi_test_lib.c.obj [67]
      .text               ro code     0x3'f008      0xcc  bgapi_sm.c.obj [67]
      .text               ro code     0x3'f0d4     0x1f0  os_time.o [33]
      .text               ro code     0x3'f2c4     0x510  se_ccm.o [32]
      .text               ro code     0x3'f7d4      0x18  strcpy.o [73]
      .text               ro code     0x3'f7ec     0x364  rfhal_timings.o [69]
      .text               ro code     0x3'fb50     0x7c4  rfhal_radio.o [69]
      .text               ro code     0x4'0314    0x1134  generic_phy.o [69]
      .text               ro code     0x4'1448     0x7d8  rfhal_pa.o [69]
      .text               ro code     0x4'1c20     0x608  rfhal_bufc.o [69]
      .text               ro code     0x4'2228     0x384  rail_ble_rf_hal.o [69]
      .text               ro code     0x4'25ac      0x26  rail_rf.o [69]
      .text               ro code     0x4'25d4      0x2c  rfhal_tempcal.o [69]
      .text               ro code     0x4'2600     0x162  rfhal_rftest.o [69]
      .text               ro code     0x4'2764     0x378  rfhal_synth.o [69]
      .text               ro code     0x4'2adc      0x2a  cortex_utils.o [69]
      .text               ro code     0x4'2b08     0x124  rfhal_rand.o [69]
      .text               ro code     0x4'2c2c     0x128  rfhal_pti.o [69]
      .text               ro code     0x4'2d54       0x2  em_emu.o [19]
      .text               ro code     0x4'2d58      0x2c  em_msc.o [19]
      .text               ro code     0x4'2d84     0x138  em_rtcc.o [19]
      .text               ro code     0x4'2ebc       0x2  I64DivZer.o [73]
      .text               ro code     0x4'2ec0      0x28  tmrdrv_config.o [69]
      .text               ro code     0x4'2ee8     0x83c  bgbuf.c.obj [67]
      .text               ro code     0x4'3724      0x16  strchr.o [73]
      .text               ro code     0x4'373c      0x40  xfail_s.o [62]
      .text               ro code     0x4'377c      0x36  strlen.o [73]
      .text               ro code     0x4'37b4      0x58  memchr.o [73]
      .text               ro code     0x4'380c     0x150  se_sha.o [32]
      .text               ro code     0x4'395c      0xcc  em_core.o [19]
      .text               ro code     0x4'3a28     0x290  acl.c.obj [67]
      .text               ro code     0x4'3cb8      0x3c  adv_report_msg.c.obj [67]
      .text               ro code     0x4'3cf4     0x26a  ubt_message.c.obj [67]
      .text               ro code     0x4'3f60     0xb90  hci.c.obj [67]
      .text               ro code     0x4'4af0     0x27e  l2cap.c.obj [67]
      .text               ro code     0x4'4d70     0x1fe  gatt.c.obj [67]
      .text               ro code     0x4'4f70     0x9c0  gap_adv.c.obj [67]
      .text               ro code     0x4'5930       0x2  l2cap_coc-stubs.c.obj [67]
      .text               ro code     0x4'5934      0xa0  uuid.c.obj [67]
      .text               ro code     0x4'59d4     0xb30  gatt_db_minimal.c.obj [67]
      .text               ro code     0x4'6504     0x2d4  sm.c.obj [67]
      .text               ro code     0x4'67d8      0xdc  bg_random_aes.c.obj [67]
      .text               ro code     0x4'68b4       0x6  gap_whitelist-stubs.c.obj [67]
      .text               ro code     0x4'68ba       0x6  gap_whitelist-stubs.c.obj [67]
      .text               ro code     0x4'68c0     0x9c6  ll_radio.c.obj [67]
      .text               ro code     0x4'7288     0xd8c  ll_hci.c.obj [67]
      .text               ro code     0x4'8014     0xcd0  ll_scan.c.obj [67]
      .text               ro code     0x4'8ce4    0x18ce  ll_conn.c.obj [67]
      .text               ro code     0x4'a5b4     0xd8e  ll_adv.c.obj [67]
      .text               ro code     0x4'b342       0x2  ll_channelmap.c.obj [67]
      .text               ro code     0x4'b344     0x738  ll_adv_ext.c.obj [67]
      .text               ro code     0x4'ba7c       0x2  ll_scan_sync-stubs.c.obj [67]
      .text               ro code     0x4'ba7e       0x2  ll_aox-stubs.c.obj [67]
      .text               ro code     0x4'ba80       0x2  ll_addr-stubs.c.obj [67]
      .text               ro code     0x4'ba84     0x104  ll_radio_pa.c.obj [67]
      .text               ro code     0x4'bb88     0x178  ll_channelmap.c.obj [67]
      .text               ro code     0x4'bd00       0x2  ll_addr-stubs.c.obj [67]
      .text               ro code     0x4'bd04     0x26a  ll_conn_enc.c.obj [67]
      .text               ro code     0x4'bf70     0x6e4  ll_llcp_common.c.obj [67]
      .text               ro code     0x4'c654     0x49e  ll_llcp_enc.c.obj [67]
      .text               ro code     0x4'caf4     0x20e  ll_llcp_len.c.obj [67]
      .text               ro code     0x4'cd04     0x738  ll_scan_ext.c.obj [67]
      .text               ro code     0x4'd43c      0xe2  ll_to_hci.c.obj [67]
      .text               ro code     0x4'd520     0x102  irq.c.obj [67]
      .text               ro code     0x4'd622      0x34  sl_malloc.o [31]
      .text               ro code     0x4'd658    0x11b6  gatt_server.c.obj [67]
      .text               ro code     0x4'e810     0x1f8  gap_scan.c.obj [67]
      .text               ro code     0x4'ea08      0xc8  gap_resolver.c.obj [67]
      .text               ro code     0x4'ead0       0x2  gap_periodic_adv-stubs.c.obj [67]
      .text               ro code     0x4'ead4     0x2a4  scheduler.c.obj [67]
      .text               ro code     0x4'ed78      0xc4  gap_deprecated.c.obj [67]
      .text               ro code     0x4'ee3c       0x6  gap_periodic_adv-stubs.c.obj [67]
      .text               ro code     0x4'ee44     0xaf4  gatt_client.c.obj [67]
      .text               ro code     0x4'f938      0x50  ubt_gatt_client.c.obj [67]
      .text               ro code     0x4'f988      0x54  seq_globals.o [69]
      .text               ro code     0x4'f9dc     0x1ee  rail_ble.o [69]
      .text               ro code     0x4'fbcc      0x96  ABImemmove.o [73]
      .text               ro code     0x4'fc62       0x6  abort.o [62]
      .text               ro code     0x4'fc68      0x3a  bg_util_aes.c.obj [67]
      .text               ro code     0x4'fca2       0x2  l2cap_coc-stubs.c.obj [67]
      .text               ro code     0x4'fca4      0xf0  hci_pck.c.obj [67]
      .text               ro code     0x4'fd94       0x4  l2cap_coc-stubs.c.obj [67]
      .text               ro code     0x4'fd98       0xa  l2cap_coc-stubs.c.obj [67]
      .text               ro code     0x4'fda4     0x2e0  att.c.obj [67]
      .text               ro code     0x5'0084     0x254  bgapi_gatt.c.obj [67]
      .text               ro code     0x5'02d8       0x4  gap_periodic_adv-stubs.c.obj [67]
      .text               ro code     0x5'02dc     0x228  cipher.o [32]
      .text               ro code     0x5'0504     0x4d0  se_cmac.o [32]
      .text               ro code     0x5'09d4     0x140  gatt_caching.c.obj [67]
      .text               ro code     0x5'0b14    0x2c40  smp.c.obj [67]
      .text               ro code     0x5'3754      0x50  ext_utils.c.obj [67]
      .text               ro code     0x5'37a4      0x16  rail_features.o [69]
      .text               ro code     0x5'37bc     0x16c  ll_hci_phy.c.obj [67]
      .text               ro code     0x5'3928       0x2  ll_coex-stubs.c.obj [67]
      .text               ro code     0x5'392a       0x2  ll_coex-stubs.c.obj [67]
      .text               ro code     0x5'392c       0x2  ll_coex-stubs.c.obj [67]
      .text               ro code     0x5'3930      0x10  ll_timing.c.obj [67]
      .text               ro code     0x5'3940       0x4  ll_radio.c.obj [67]
      .text               ro code     0x5'3944       0x2  ll_radio.c.obj [67]
      .text               ro code     0x5'3946       0x2  ll_radio.c.obj [67]
      .text               ro code     0x5'3948       0x2  ll_coex-stubs.c.obj [67]
      .text               ro code     0x5'394a       0x4  ll_radio.c.obj [67]
      .text               ro code     0x5'394e       0x4  ll_aox-stubs.c.obj [67]
      .text               ro code     0x5'3952       0x4  ll_channelmap.c.obj [67]
      .text               ro code     0x5'3956       0x4  ll_channelmap.c.obj [67]
      .text               ro code     0x5'395a       0x4  ll_addr-stubs.c.obj [67]
      .text               ro code     0x5'3960     0x134  ll_link.c.obj [67]
      .text               ro code     0x5'3a94      0xdc  ll_random.c.obj [67]
      .text               ro code     0x5'3b70     0x42e  ll_llcp.c.obj [67]
      .text               ro code     0x5'3f9e       0x2  ll_channelmap.c.obj [67]
      .text               ro code     0x5'3fa0       0x2  ll_aox-stubs.c.obj [67]
      .text               ro code     0x5'3fa2       0x4  ll_aox-stubs.c.obj [67]
      .text               ro code     0x5'3fa8      0x14  ll_aox-stubs.c.obj [67]
      .text               ro code     0x5'3fbc      0x2c  ll_channelmap.c.obj [67]
      .text               ro code     0x5'3fe8       0x2  ll_adv_sync-stubs.c.obj [67]
      .text               ro code     0x5'3fea       0x4  ll_adv.c.obj [67]
      .text               ro code     0x5'3ff0     0x2e0  ll_adv_header.c.obj [67]
      .text               ro code     0x5'42d0       0x4  ll_adv_sync-stubs.c.obj [67]
      .text               ro code     0x5'42d4       0x2  ll_adv_sync-stubs.c.obj [67]
      .text               ro code     0x5'42d6       0x4  ll_adv_sync-stubs.c.obj [67]
      .text               ro code     0x5'42da       0x2  ll_radio_pa.c.obj [67]
      .text               ro code     0x5'42dc     0x250  radioaes_aes.o [32]
      .text               ro code     0x5'452c     0x29c  radioaes_ble.o [32]
      .text               ro code     0x5'47c8     0x49c  ll_llcp_phy.c.obj [67]
      .text               ro code     0x5'4c64       0x4  ll_scan_sync-stubs.c.obj [67]
      .text               ro code     0x5'4c68       0x2  ll_scan_sync-stubs.c.obj [67]
      .text               ro code     0x5'4c6c    0x149c  dlmalloc.o [62]
      .text               ro code     0x5'6108       0x4  heaptramp0.o [62]
      .text               ro code     0x5'610c     0x484  att_client.c.obj [67]
      .text               ro code     0x5'6590       0xc  XXexit.o [73]
      .text               ro code     0x5'659c     0x328  ecp.o [32]
      .text               ro code     0x5'68c4    0x14de  bignum.o [32]
      .text               ro code     0x5'7da4     0x3e4  se_ecp.o [32]
      .text               ro code     0x5'8188     0x690  ecp_curves.o [32]
      .text               ro code     0x5'8818       0x6  gap_whitelist-stubs.c.obj [67]
      .text               ro code     0x5'8820     0x130  radioaes.o [32]
      .text               ro code     0x5'8950      0x2c  xgetmemchunk.o [62]
      Veneer              ro code     0x5'897c       0x8  - Linker created -
      .text               ro code     0x5'8984     0x158  nvm3_hal_flash.o [38]
      .text               ro code     0x5'8adc     0x13c  se_trng.o [32]
      .text               ro code     0x5'8c18       0x8  sl_mpu.o [26]
      .text               ro code     0x5'8c20       0x4  faults-v7m.o [16]
      .text               ro code     0x5'8c24      0xa4  dmadrv.o [18]
      .text               ro code     0x5'8cc8      0x7c  gpiointerrupt.o [18]
      .text               ro code     0x5'8d44       0x4  faults-v7m.o [16]
      .text               ro code     0x5'8d48       0x4  faults-v7m.o [16]
      .text               ro code     0x5'8d4c       0x4  faults-v7m.o [16]
      .text               ro code     0x5'8d50       0x4  faults-v7m.o [16]
      .text               ro code     0x5'8d54       0x4  faults-v7m.o [16]
      .text               ro code     0x5'8d58       0x4  isr-stubs.o [16]
      .text               ro code     0x5'8d5c      0xb0  gp-sink-table.o [64]
      .text               ro code     0x5'8e0c     0x414  rfhal_rtccsync.o [69]
      .text               ro code     0x5'9220     0x214  rfhal_rtccsync_shared.o [69]
      .text               ro code     0x5'9434      0x22  fpinit_M.o [70]
      .text               ro code     0x5'9458      0x1e  cmain.o [73]
      .text               ro code     0x5'9476       0x4  low_level_init.o [62]
      .text               ro code     0x5'947c      0x28  data_init.o [73]
      .text               ro code     0x5'94a4       0x4  exit.o [62]
      .text               ro code     0x5'94a8       0xa  cexit.o [73]
      .text               ro code     0x5'94b2      0xd8  cipher_wrap.o [32]
      .text               ro code     0x5'958a       0xe  startup_efr32mg21.o [65]
      .text               ro code     0x5'9598       0xc  cstartup_M.o [73]
      .text               ro code     0x5'95a4      0x78  lz77_init_single.o [73]
    CODE                  ro code     0x5'961c      0x16  armv7m_cpu_a.o [34]
    CODE                  ro code     0x5'9634     0x14c  armv7m_os_cpu_a.o [34]
    .rodata               const       0x5'9780       0x8  zll-on-off-server.o [50]
    .rodata               const       0x5'9788       0x8  zll-on-off-server.o [50]
    .rodata               const       0x5'9790      0x10  zll-on-off-server.o [50]
    .rodata               const       0x5'97a0      0x18  zll-on-off-server.o [50]
    .rodata               const       0x5'97b8      0x28  zll-commissioning-common.o [47]
    .rodata               const       0x5'97e0      0xb8  af-event.o [46]
    .rodata               const       0x5'9898       0x4  af-main-common.o [46]
    .rodata               const       0x5'989c      0x10  af-main-soc.o [46]
    .rodata               const       0x5'98ac      0x1c  af-security-common.o [46]
    .rodata               const       0x5'98c8      0x30  attribute-size.o [46]
    .rodata               const       0x5'98f8       0x4  attribute-storage.o [46]
    .rodata               const       0x5'98fc       0x4  attribute-storage.o [46]
    .rodata               const       0x5'9900      0x18  attribute-storage.o [46]
    .rodata               const       0x5'9918      0x84  attribute-storage.o [46]
    .rodata               const       0x5'999c       0x8  attribute-storage.o [46]
    .rodata               const       0x5'99a4       0x4  attribute-storage.o [46]
    .rodata               const       0x5'99a8       0x4  attribute-storage.o [46]
    .rodata               const       0x5'99ac       0x8  attribute-storage.o [46]
    .rodata               const       0x5'99b4      0xf0  attribute-storage.o [46]
    .rodata               const       0x5'9aa4       0x4  attribute-storage.o [46]
    .rodata               const       0x5'9aa8     0x12c  attribute-storage.o [46]
    .rodata               const       0x5'9bd4      0xa0  attribute-storage.o [46]
    .rodata               const       0x5'9c74      0x10  attribute-storage.o [46]
    .rodata               const       0x5'9c84       0x4  attribute-storage.o [46]
    .rodata               const       0x5'9c88       0x4  attribute-storage.o [46]
    .rodata               const       0x5'9c8c       0x4  client-api.o [46]
    .rodata               const       0x5'9c90       0x4  client-api.o [46]
    .rodata               const       0x5'9c94      0x14  util.o [46]
    .rodata               const       0x5'9ca8       0xc  scenes.o [42]
    .rodata               const       0x5'9cb4      0x10  scenes.o [42]
    .rodata               const       0x5'9cc4      0x10  scenes.o [42]
    .rodata               const       0x5'9cd4       0xc  scenes.o [42]
    .rodata               const       0x5'9ce0       0x8  scenes.o [42]
    .rodata               const       0x5'9ce8      0x14  reporting-default-configuration.o [40]
    .rodata               const       0x5'9cfc      0x1c  nvm3_hal_flash.o [38]
    .rodata               const       0x5'9d18       0x4  nvm3_lock.o [37]
    .rodata               const       0x5'9d1c      0x10  network-creator.o [35]
    .rodata               const       0x5'9d2c       0x8  micrium-rtos-main.o [33]
    .rodata               const       0x5'9d34      0x14  micrium-rtos-main.o [33]
    .rodata               const       0x5'9d48      0x10  micrium-rtos-main.o [33]
    .rodata               const       0x5'9d58      0x10  micrium-rtos-main.o [33]
    .rodata               const       0x5'9d68      0x14  os_app_hooks.o [33]
    .rodata               const       0x5'9d7c       0x4  os_cfg_app.o [33]
    .rodata               const       0x5'9d80       0x4  os_cfg_app.o [33]
    .rodata               const       0x5'9d84       0x4  os_cfg_app.o [33]
    .rodata               const       0x5'9d88       0x4  os_cfg_app.o [33]
    .rodata               const       0x5'9d8c       0x4  os_cfg_app.o [33]
    .rodata               const       0x5'9d90       0x4  os_cfg_app.o [33]
    .rodata               const       0x5'9d94       0x4  os_cfg_app.o [33]
    .rodata               const       0x5'9d98       0x4  os_cfg_app.o [33]
    .rodata               const       0x5'9d9c       0x4  os_cfg_app.o [33]
    .rodata               const       0x5'9da0       0x4  os_cfg_app.o [33]
    .rodata               const       0x5'9da4       0x4  os_cfg_app.o [33]
    .rodata               const       0x5'9da8       0x4  os_cfg_app.o [33]
    .rodata               const       0x5'9dac       0x4  os_cfg_app.o [33]
    .rodata               const       0x5'9db0       0x8  os_core.o [33]
    .rodata               const       0x5'9db8       0xc  os_core.o [33]
    .rodata               const       0x5'9dc4       0x8  os_mutex.o [33]
    .rodata               const       0x5'9dcc      0x14  os_stat.o [33]
    .rodata               const       0x5'9de0       0x8  os_task.o [33]
    .rodata               const       0x5'9de8       0xc  cipher_wrap.o [32]
    .rodata               const       0x5'9df4       0xc  cipher_wrap.o [32]
    .rodata               const       0x5'9e00       0xc  cipher_wrap.o [32]
    .rodata               const       0x5'9e0c       0xc  cipher_wrap.o [32]
    .rodata               const       0x5'9e18       0xc  cipher_wrap.o [32]
    .rodata               const       0x5'9e24       0xc  cipher_wrap.o [32]
    .rodata               const       0x5'9e30       0xc  cipher_wrap.o [32]
    .rodata               const       0x5'9e3c       0xc  cipher_wrap.o [32]
    .rodata               const       0x5'9e48       0xc  cipher_wrap.o [32]
    .rodata               const       0x5'9e54      0x1c  cipher_wrap.o [32]
    .rodata               const       0x5'9e70      0x1c  cipher_wrap.o [32]
    .rodata               const       0x5'9e8c      0x1c  cipher_wrap.o [32]
    .rodata               const       0x5'9ea8      0x1c  cipher_wrap.o [32]
    .rodata               const       0x5'9ec4      0x1c  cipher_wrap.o [32]
    .rodata               const       0x5'9ee0      0x1c  cipher_wrap.o [32]
    .rodata               const       0x5'9efc      0x1c  cipher_wrap.o [32]
    .rodata               const       0x5'9f18      0x1c  cipher_wrap.o [32]
    .rodata               const       0x5'9f34      0x1c  cipher_wrap.o [32]
    .rodata               const       0x5'9f50      0x1c  cipher_wrap.o [32]
    .rodata               const       0x5'9f6c      0x1c  cipher_wrap.o [32]
    .rodata               const       0x5'9f88      0x50  cipher_wrap.o [32]
    .rodata               const       0x5'9fd8      0x20  ecp_curves.o [32]
    .rodata               const       0x5'9ff8      0x20  ecp_curves.o [32]
    .rodata               const       0x5'a018      0x20  ecp_curves.o [32]
    .rodata               const       0x5'a038      0x20  ecp_curves.o [32]
    .rodata               const       0x5'a058      0x20  ecp_curves.o [32]
    .rodata               const       0x5'a078      0x10  radioaes_aes.o [32]
    .rodata               const       0x5'a088      0x10  radioaes_aes.o [32]
    .rodata               const       0x5'a098      0x10  radioaes_aes.o [32]
    .rodata               const       0x5'a0a8      0x10  radioaes_aes.o [32]
    .rodata               const       0x5'a0b8       0x4  radioaes_aes.o [32]
    .rodata               const       0x5'a0bc      0x10  radioaes_aes.o [32]
    .rodata               const       0x5'a0cc      0x10  radioaes_aes.o [32]
    .rodata               const       0x5'a0dc      0x10  radioaes_aes.o [32]
    .rodata               const       0x5'a0ec      0x10  radioaes_aes.o [32]
    .rodata               const       0x5'a0fc      0x10  radioaes_aes.o [32]
    .rodata               const       0x5'a10c      0x10  radioaes_aes.o [32]
    .rodata               const       0x5'a11c      0x10  radioaes_aes.o [32]
    .rodata               const       0x5'a12c       0x4  radioaes_ble.o [32]
    .rodata               const       0x5'a130       0x4  radioaes_ble.o [32]
    .rodata               const       0x5'a134       0x4  radioaes_ble.o [32]
    .rodata               const       0x5'a138      0x10  radioaes_ble.o [32]
    .rodata               const       0x5'a148      0x10  radioaes_ble.o [32]
    .rodata               const       0x5'a158      0x10  radioaes_ble.o [32]
    .rodata               const       0x5'a168      0x10  radioaes_ble.o [32]
    .rodata               const       0x5'a178      0x10  radioaes_ble.o [32]
    .rodata               const       0x5'a188      0x10  radioaes_ble.o [32]
    .rodata               const       0x5'a198      0x10  radioaes_ble.o [32]
    .rodata               const       0x5'a1a8      0x10  radioaes_ble.o [32]
    .rodata               const       0x5'a1b8      0x10  radioaes_ble.o [32]
    .rodata               const       0x5'a1c8      0x10  radioaes_ble.o [32]
    .rodata               const       0x5'a1d8      0x10  radioaes_ble.o [32]
    .rodata               const       0x5'a1e8       0xc  se_aes.o [32]
    .rodata               const       0x5'a1f4       0xc  se_aes.o [32]
    .rodata               const       0x5'a200       0xc  se_aes.o [32]
    .rodata               const       0x5'a20c      0x20  se_aes.o [32]
    .rodata               const       0x5'a22c       0xc  se_aes.o [32]
    .rodata               const       0x5'a238       0xc  se_aes.o [32]
    .rodata               const       0x5'a244       0xc  se_aes.o [32]
    .rodata               const       0x5'a250       0xc  se_aes.o [32]
    .rodata               const       0x5'a25c       0xc  se_aes.o [32]
    .rodata               const       0x5'a268      0x20  se_ccm.o [32]
    .rodata               const       0x5'a288       0xc  se_ccm.o [32]
    .rodata               const       0x5'a294       0xc  se_ccm.o [32]
    .rodata               const       0x5'a2a0       0xc  se_ccm.o [32]
    .rodata               const       0x5'a2ac       0xc  se_ccm.o [32]
    .rodata               const       0x5'a2b8       0xc  se_ccm.o [32]
    .rodata               const       0x5'a2c4       0xc  se_ccm.o [32]
    .rodata               const       0x5'a2d0      0x20  se_ccm.o [32]
    .rodata               const       0x5'a2f0       0xc  se_ccm.o [32]
    .rodata               const       0x5'a2fc       0xc  se_ccm.o [32]
    .rodata               const       0x5'a308       0xc  se_ccm.o [32]
    .rodata               const       0x5'a314       0xc  se_ccm.o [32]
    .rodata               const       0x5'a320       0xc  se_ccm.o [32]
    .rodata               const       0x5'a32c       0xc  se_ccm.o [32]
    .rodata               const       0x5'a338      0x20  se_cmac.o [32]
    .rodata               const       0x5'a358       0xc  se_cmac.o [32]
    .rodata               const       0x5'a364       0xc  se_cmac.o [32]
    .rodata               const       0x5'a370       0xc  se_cmac.o [32]
    .rodata               const       0x5'a37c      0x20  se_ecp.o [32]
    .rodata               const       0x5'a39c       0xc  se_ecp.o [32]
    .rodata               const       0x5'a3a8       0xc  se_ecp.o [32]
    .rodata               const       0x5'a3b4       0xc  se_ecp.o [32]
    .rodata               const       0x5'a3c0      0x20  se_ecp.o [32]
    .rodata               const       0x5'a3e0       0xc  se_ecp.o [32]
    .rodata               const       0x5'a3ec       0xc  se_ecp.o [32]
    .rodata               const       0x5'a3f8       0xc  se_ecp.o [32]
    .rodata               const       0x5'a404      0x20  se_sha.o [32]
    .rodata               const       0x5'a424       0xc  se_sha.o [32]
    .rodata               const       0x5'a430       0xc  se_sha.o [32]
    .rodata               const       0x5'a43c       0xc  se_sha.o [32]
    .rodata               const       0x5'a448      0x20  se_trng.o [32]
    .rodata               const       0x5'a468       0xc  se_trng.o [32]
    .rodata               const       0x5'a474      0x20  se_trng.o [32]
    .rodata               const       0x5'a494       0xc  se_trng.o [32]
    .rodata               const       0x5'a4a0      0x20  shax.o [32]
    .rodata               const       0x5'a4c0      0x20  shax.o [32]
    .rodata               const       0x5'a4e0      0x40  shax.o [32]
    .rodata               const       0x5'a520      0x1c  interpan-soc.o [30]
    .rodata               const       0x5'a53c       0x8  interpan.o [30]
    .rodata               const       0x5'a544      0x14  hal-config.o [26]
    .rodata               const       0x5'a558      0x10  hal-config.o [26]
    .rodata               const       0x5'a568      0x10  hal-config.o [26]
    .rodata               const       0x5'a578       0x8  green-power-client.o [23]
    .rodata               const       0x5'a580      0x1c  bootloader-interface-app.o [20]
    .rodata               const       0x5'a59c      0x40  bootloader-interface.o [20]
    .rodata               const       0x5'a5dc     0x190  em_cmu.o [19]
    .rodata               const       0x5'a76c      0x20  em_se.o [19]
    .rodata               const       0x5'a78c       0xc  em_se.o [19]
    .rodata               const       0x5'a798       0x8  sl_sleeptimer_hal_rtcc.o [18]
    .rodata               const       0x5'a7a0       0x8  sl_sleeptimer_hal_rtcc.o [18]
    .rodata               const       0x5'a7a8      0x10  ustimer.o [18]
    .rodata               const       0x5'a7b8      0x24  ember-printf.o [17]
    .rodata               const       0x5'a7dc      0x14  assert-crash-handlers.o [16]
    .rodata               const       0x5'a7f0      0x20  cstartup-common.o [16]
    .rodata               const       0x5'a810      0x40  diagnostic.o [16]
    .rodata               const       0x5'a850      0x38  diagnostic.o [16]
    .rodata               const       0x5'a888      0x44  diagnostic.o [16]
    .rodata               const       0x5'a8cc      0x3c  diagnostic.o [16]
    .rodata               const       0x5'a908      0x30  diagnostic.o [16]
    .rodata               const       0x5'a938      0x30  diagnostic.o [16]
    .rodata               const       0x5'a968      0x24  diagnostic.o [16]
    .rodata               const       0x5'a98c      0x28  diagnostic.o [16]
    .rodata               const       0x5'a9b4      0x40  diagnostic.o [16]
    .rodata               const       0x5'a9f4      0x3c  diagnostic.o [16]
    .rodata               const       0x5'aa30      0x30  diagnostic.o [16]
    .rodata               const       0x5'aa60      0x38  diagnostic.o [16]
    .rodata               const       0x5'aa98      0x3c  diagnostic.o [16]
    .rodata               const       0x5'aad4      0x30  diagnostic.o [16]
    .rodata               const       0x5'ab04      0x38  diagnostic.o [16]
    .rodata               const       0x5'ab3c      0x30  diagnostic.o [16]
    .rodata               const       0x5'ab6c      0x40  diagnostic.o [16]
    .rodata               const       0x5'abac      0x14  diagnostic.o [16]
    .rodata               const       0x5'abc0       0xc  diagnostic.o [16]
    .rodata               const       0x5'abcc       0xc  diagnostic.o [16]
    .rodata               const       0x5'abd8      0x10  diagnostic.o [16]
    .rodata               const       0x5'abe8      0x14  diagnostic.o [16]
    .rodata               const       0x5'abfc       0xc  diagnostic.o [16]
    .rodata               const       0x5'ac08       0xc  diagnostic.o [16]
    .rodata               const       0x5'ac14       0xc  diagnostic.o [16]
    .rodata               const       0x5'ac20       0xc  diagnostic.o [16]
    .rodata               const       0x5'ac2c       0xc  diagnostic.o [16]
    .rodata               const       0x5'ac38       0xc  diagnostic.o [16]
    .rodata               const       0x5'ac44      0x10  diagnostic.o [16]
    .rodata               const       0x5'ac54      0x10  diagnostic.o [16]
    .rodata               const       0x5'ac64      0x10  diagnostic.o [16]
    .rodata               const       0x5'ac74      0x10  diagnostic.o [16]
    .rodata               const       0x5'ac84      0x10  diagnostic.o [16]
    .rodata               const       0x5'ac94      0x10  diagnostic.o [16]
    .rodata               const       0x5'aca4      0x10  diagnostic.o [16]
    .rodata               const       0x5'acb4       0xc  diagnostic.o [16]
    .rodata               const       0x5'acc0      0x10  diagnostic.o [16]
    .rodata               const       0x5'acd0       0xc  diagnostic.o [16]
    .rodata               const       0x5'acdc       0xc  diagnostic.o [16]
    .rodata               const       0x5'ace8       0xc  diagnostic.o [16]
    .rodata               const       0x5'acf4       0xc  diagnostic.o [16]
    .rodata               const       0x5'ad00       0xc  diagnostic.o [16]
    .rodata               const       0x5'ad0c      0x10  diagnostic.o [16]
    .rodata               const       0x5'ad1c      0x10  diagnostic.o [16]
    .rodata               const       0x5'ad2c       0xc  diagnostic.o [16]
    .rodata               const       0x5'ad38       0xc  diagnostic.o [16]
    .rodata               const       0x5'ad44       0xc  diagnostic.o [16]
    .rodata               const       0x5'ad50       0xc  diagnostic.o [16]
    .rodata               const       0x5'ad5c       0xc  diagnostic.o [16]
    .rodata               const       0x5'ad68       0xc  diagnostic.o [16]
    .rodata               const       0x5'ad74      0x10  diagnostic.o [16]
    .rodata               const       0x5'ad84       0xc  diagnostic.o [16]
    .rodata               const       0x5'ad90       0xc  diagnostic.o [16]
    .rodata               const       0x5'ad9c      0x10  diagnostic.o [16]
    .rodata               const       0x5'adac      0x10  diagnostic.o [16]
    .rodata               const       0x5'adbc      0x10  diagnostic.o [16]
    .rodata               const       0x5'adcc       0xc  diagnostic.o [16]
    .rodata               const       0x5'add8       0xc  diagnostic.o [16]
    .rodata               const       0x5'ade4       0xc  diagnostic.o [16]
    .rodata               const       0x5'adf0       0xc  diagnostic.o [16]
    .rodata               const       0x5'adfc       0xc  diagnostic.o [16]
    .rodata               const       0x5'ae08       0xc  diagnostic.o [16]
    .rodata               const       0x5'ae14       0xc  diagnostic.o [16]
    .rodata               const       0x5'ae20       0xc  diagnostic.o [16]
    .rodata               const       0x5'ae2c      0x10  diagnostic.o [16]
    .rodata               const       0x5'ae3c       0xc  diagnostic.o [16]
    .rodata               const       0x5'ae48       0xc  diagnostic.o [16]
    .rodata               const       0x5'ae54       0xc  diagnostic.o [16]
    .rodata               const       0x5'ae60       0xc  diagnostic.o [16]
    .rodata               const       0x5'ae6c       0xc  diagnostic.o [16]
    .rodata               const       0x5'ae78       0xc  diagnostic.o [16]
    .rodata               const       0x5'ae84       0xc  diagnostic.o [16]
    .rodata               const       0x5'ae90       0xc  diagnostic.o [16]
    .rodata               const       0x5'ae9c       0xc  diagnostic.o [16]
    .rodata               const       0x5'aea8      0x10  diagnostic.o [16]
    .rodata               const       0x5'aeb8      0x10  diagnostic.o [16]
    .rodata               const       0x5'aec8      0x10  diagnostic.o [16]
    .rodata               const       0x5'aed8      0x10  diagnostic.o [16]
    .rodata               const       0x5'aee8       0x8  diagnostic.o [16]
    .rodata               const       0x5'aef0       0x8  diagnostic.o [16]
    .rodata               const       0x5'aef8       0x8  diagnostic.o [16]
    .rodata               const       0x5'af00       0x8  diagnostic.o [16]
    .rodata               const       0x5'af08      0x30  diagnostic.o [16]
    .rodata               const       0x5'af38      0x3c  diagnostic.o [16]
    .rodata               const       0x5'af74      0x2c  diagnostic.o [16]
    .rodata               const       0x5'afa0      0x20  diagnostic.o [16]
[...]
typeSensitiveMemCopy         0x5e51    0x9e  Code  Lc  attribute-storage.o [46]
ubt_address_count_bits     0x3'd451    0x1a  Code  Gb  ubt.c.obj [67]
ubt_bt_alloc_mem           0x3'd2af    0x2a  Code  Gb  ubt.c.obj [67]
ubt_callback            0x2001'505c     0x4  Data  Gb  ubt.c.obj [67]
ubt_event_free             0x3'd391    0x40  Code  Gb  ubt.c.obj [67]
ubt_gap_alloc_periodic_adv
                           0x3'dda3     0x2  Code  Wk  gap_periodic_adv-stubs.c.obj [67]
ubt_gap_alloc_periodic_scan
                           0x3'dda7     0x2  Code  Wk  gap_periodic_scan-stubs.c.obj [67]
ubt_gap_get_identity_address
                           0x3'e849    0x10  Code  Gb  gap.c.obj [67]
ubt_gap_get_identity_address_type
                           0x3'e859     0xc  Code  Gb  gap.c.obj [67]
ubt_gap_set_adv_data       0x4'50e1    0x46  Code  Gb  gap_adv.c.obj [67]
ubt_gap_set_adv_parameters
                           0x4'ed79    0x56  Code  Gb  gap_deprecated.c.obj [67]
ubt_gap_set_le_mode        0x4'edcf    0x68  Code  Gb  gap_deprecated.c.obj [67]
ubt_gap_set_periodic_advertising_data
                           0x4'ee3d     0x6  Code  Wk  gap_periodic_adv-stubs.c.obj [67]
ubt_gap_set_static_address_identity
                           0x3'e7f3    0x56  Code  Gb  gap.c.obj [67]
ubt_gatt_send_characteristic_confirmation
                           0x4'f971    0x12  Code  Gb  ubt_gatt_client.c.obj [67]
ubt_gatt_server_send_characteristic_notification
                           0x3'e027    0x40  Code  Gb  ubt_gatt.c.obj [67]
ubt_gatt_server_send_user_read_response
                           0x3'dfe3    0x26  Code  Gb  ubt_gatt.c.obj [67]
ubt_gatt_server_send_user_write_response
                           0x3'e009    0x1e  Code  Gb  ubt_gatt.c.obj [67]
ubt_gatt_set_gattdb        0x3'dfdf     0x4  Code  Gb  ubt_gatt.c.obj [67]
ubt_gatt_write_characteristic_value_without_response
                           0x4'f93f    0x28  Code  Gb  ubt_gatt_client.c.obj [67]
ubt_generate_random_address
                           0x3'd3f7    0x38  Code  Gb  ubt.c.obj [67]
ubt_hciPhy2ubtPhy          0x3'd3d1    0x26  Code  Gb  ubt.c.obj [67]
ubt_init                   0x3'd28d    0x22  Code  Gb  ubt.c.obj [67]
ubt_l2cap_coc_acl_free     0x4'fca3     0x2  Code  Wk  l2cap_coc-stubs.c.obj [67]
ubt_link_set_phy           0x3'e273    0xa2  Code  Gb  gap.c.obj [67]
ubt_message_add_handler
                           0x4'3ec3    0x20  Code  Gb  ubt_message.c.obj [67]
ubt_message_call           0x4'3e9f    0x1a  Code  Gb  ubt_message.c.obj [67]
ubt_message_create         0x4'3efd    0x34  Code  Gb  ubt_message.c.obj [67]
ubt_message_create_gap_adv_report
                           0x4'3cb9     0x6  Code  Gb  adv_report_msg.c.obj [67]
ubt_message_event_sender
                        0x2001'5e12     0x1  Data  Lc  ubt_message.c.obj [67]
ubt_message_front_packet_extract
                           0x4'3d7d    0x84  Code  Gb  ubt_message.c.obj [67]
ubt_message_get_gap_adv_report_header
                           0x4'3cbf     0x6  Code  Gb  adv_report_msg.c.obj [67]
ubt_message_get_header     0x4'3f31    0x2e  Code  Gb  ubt_message.c.obj [67]
ubt_message_get_next_gap_adv_report
                           0x4'3cc5    0x30  Code  Gb  adv_report_msg.c.obj [67]
ubt_message_handlers    0x2001'5208    0x18  Data  Lc  ubt_message.c.obj [67]
ubt_message_init           0x4'3e7b    0x24  Code  Gb  ubt_message.c.obj [67]
ubt_message_process        0x4'3e0f    0x6c  Code  Lc  ubt_message.c.obj [67]
ubt_message_queue          0x4'3d4f    0x2e  Code  Gb  ubt_message.c.obj [67]
ubt_pskey_delete           0x3'cbcf    0x10  Code  Gb  pskeys.c.obj [67]
ubt_pskey_delete_callback
                           0x3'cc2b    0x1c  Code  Gb  pskeys.c.obj [67]
ubt_pskey_read_callback
                           0x3'cbb9    0x10  Code  Gb  pskeys.c.obj [67]
ubt_pskey_write_callback
                           0x3'cba7    0x12  Code  Gb  pskeys.c.obj [67]
ubt_run                    0x3'd2d9    0x20  Code  Gb  ubt.c.obj [67]
ubt_sm_alloc_bond          0x3'd529    0xd6  Code  Gb  bondingdb.c.obj [67]
ubt_sm_configure           0x4'658d    0x34  Code  Gb  sm.c.obj [67]
ubt_sm_delete_bonding      0x3'd5ff    0xfe  Code  Gb  bondingdb.c.obj [67]
ubt_sm_get_bond_data       0x3'd773    0x1a  Code  Gb  bondingdb.c.obj [67]
ubt_sm_get_bonds           0x3'd523     0x6  Code  Gb  bondingdb.c.obj [67]
ubt_sm_increase_security
                           0x4'65f1    0x84  Code  Gb  sm.c.obj [67]
ubt_sm_init                0x4'6505    0x28  Code  Gb  sm.c.obj [67]
ubt_sm_set_bond_data       0x3'd709    0x1a  Code  Gb  bondingdb.c.obj [67]
ucsButtonLongPressTime_Sec
                        0x2001'5dd4     0x1  Data  Lc  Button.o [14]
ucsButtonReleaseConfirmCount
                        0x2001'5dd5     0x1  Data  Lc  Button.o [14]
ucsFirstShortPressProcessed
                        0x2001'5dd3     0x1  Data  Lc  Button.o [14]
ucsLongButtonPressDetectTime
                        0x2000'c7b0     0x1  Data  Lc  Button.o [14]
ucsOneTimeButtonLongPress
                        0x2001'5dd6     0x1  Data  Lc  Button.o [14]
ucsPreButtonReleaseStatus
                        0x2000'c7b1     0x1  Data  Lc  Button.o [14]
ucsPreviousPressedButton
                        0x2001'5dd2     0x1  Data  Lc  Button.o [14]
uint8_count_bits           0x3'd42f    0x22  Code  Gb  ubt.c.obj [67]
unicastHead             0x2001'5200     0x1  Data  Lc  unicast-table.o [77]
uninitializedIsr           0x5'8d55          Code  Gb  faults-v7m.o [16]
unsolicitedChannelReport
                        0x2001'4d0a     0x1  Data  Lc  zdo-channel.o [77]
unusedOriginalChannelMaskCache
                        0x2001'49fc     0x4  Data  Lc  scan.o [77]
unusedPanIdCache        0x2001'49da     0x2  Data  Lc  scan.o [77]
updateChannelComposites
                           0x3'15df    0x74  Code  Lc  network-creator.o [35]
updateEvents               0x1'717b    0x4c  Code  Lc  phy.o [77]
updateInterrupts           0x3'9267    0xd2  Code  Lc  tempdrv.o [18]
updateTcLinkKeyState    0x2001'5202     0x1  Data  Lc  aps-keys.o [77]
update_first_timer_delta
                           0x2'e7c3    0x42  Code  Lc  sl_sleeptimer.o [18]
upperMacState           0x2001'4b7c    0x1c  Data  Gb  upper-mac.o [77]
usch                    0x2001'590c    0x10  Data  Gb  scheduler.c.obj [67]
usch_AddTask               0x4'ebc3     0x2  Code  Gb  scheduler.c.obj [67]
usch_GetCurrentTask        0x4'ed27     0x6  Code  Gb  scheduler.c.obj [67]
usch_GetTimeCB             0x4'6dcd     0x4  Code  Gb  ll_radio.c.obj [67]
usch_RefreshTask           0x4'ed2d    0x32  Code  Gb  scheduler.c.obj [67]
usch_RemoveTask            0x4'ebc5    0x26  Code  Gb  scheduler.c.obj [67]
usch_Schedule              0x4'ecad    0x6c  Code  Gb  scheduler.c.obj [67]
usch_SchedulerIdleCB       0x4'6dfb    0x1e  Code  Gb  ll_radio.c.obj [67]
usch_SendEvent             0x4'ed19     0xe  Code  Gb  scheduler.c.obj [67]
usch_SetWakeupCB           0x4'6dd1    0x2a  Code  Gb  ll_radio.c.obj [67]
usch_Timer                 0x4'ed5f    0x12  Code  Gb  scheduler.c.obj [67]
usch_TrySchedule           0x4'ebeb    0xc2  Code  Lc  scheduler.c.obj [67]
usch_currentTaskEnd        0x4'eafd     0x8  Code  Gb  scheduler.c.obj [67]
usch_currentTaskRemainingTime
                           0x4'eb05    0x10  Code  Gb  scheduler.c.obj [67]
usch_getCurrentTaskSlipTime
                           0x4'eb15    0x1c  Code  Gb  scheduler.c.obj [67]
useLegacyTimeoutMethod  0x2001'5dfe     0x1  Data  Gb  child-handling.o [77]
used_acls               0x2001'5204     0x4  Data  Gb  acl.c.obj [67]
user_signal_message_handler
                           0x3'506d    0x22  Code  Lc  bglib.c.obj [67]
user_signals            0x2001'5e00     0x1  Data  Gb  bglib.c.obj [67]
ussButtonPressedTime_mS
                        0x2001'5d7e     0x2  Data  Lc  Button.o [14]
uuid_copy                  0x4'5995    0x3c  Code  Gb  uuid.c.obj [67]
uuid_to_handle             0x4'5935    0x60  Code  Gb  uuid.c.obj [67]
vFillBuffer                  0x53b9   0x248  Code  Lc  client-api.o [46]
validateObj                0x2'ccd1    0x26  Code  Lc  nvm3.o [68]
validateObjFragments       0x2'caa5   0x226  Code  Lc  nvm3.o [68]
validate_adv_data          0x4'4ffb    0x5e  Code  Lc  gap_adv.c.obj [67]
validate_gatt_client_pdu_len
                           0x5'62cd    0xae  Code  Gb  att_client.c.obj [67]
validate_gatt_connection_state
                           0x4'ee45    0x20  Code  Lc  gatt_client.c.obj [67]
vectors_init               0x3'cccf    0x76  Code  Gb  vectors_efr32xg2x.c.obj [67]
vectors_register           0x3'ccc5     0xa  Code  Gb  vectors_efr32xg2x.c.obj [67]
verifyMainBootloaderVersion
                           0x1'040d    0x36  Code  Lc  bootloader-interface-app.o [20]
waitStateMax               0x2'70cd     0xe  Code  Lc  em_cmu.o [19]
wakeInfo                0x2001'02f8     0x4  Data  Lc  sleep-efm32.o [16]
wakeupCB                0x2001'4578     0x4  Data  Lc  rtos_bluetooth.o [5]
walkDelayQueue             0x1'f3fd    0xde  Code  Lc  retry.o [77]
walkStoreAndForwardQueue
                           0x2'a8b1   0x108  Code  Lc  store-forward.o [77]
wdog0ClkGet                0x2'70db    0x5c  Code  Lc  em_cmu.o [19]
wdog1ClkGet                0x2'6453    0x5e  Code  Lc  em_cmu.o [19]
wordSize                0x2001'5dd1     0x1  Data  Lc  eeprom.o [15]
workBegin                  0x2'd8b3    0x16  Code  Lc  nvm3.o [68]
workEnd                    0x2'd8c9    0x14  Code  Lc  nvm3.o [68]
writeBoolean               0x3'358f    0x20  Code  Lc  zll-on-off-server.o [50]
writeBurst              0x2000'c091    0x7c  Code  Gb  em_msc.o [19]
writeEndWord               0x2'e151    0x28  Code  Lc  mfg-token.o [16]
writeFullAllowed           0x2'c357    0x18  Code  Lc  nvm3.o [68]
writeIdentifyTime          0x3'30f3    0x22  Code  Lc  identify.o [27]
writeInt16u                0x3'35d1    0x20  Code  Lc  zll-on-off-server.o [50]
writeLightState            0x1'8563    0x92  Code  Lc  DynamicMultiprotocolDoorLockSoc_callbacks.o [1]
writeMessage               0x1'98e3    0xaa  Code  Lc  packet-buffer.o [77]
writeObj                   0x2'c4f1   0x2da  Code  Lc  nvm3.o [68]
writeOtaCtrl               0x1'9291    0x66  Code  Lc  DynamicMultiprotocolDoorLockSoc_callbacks.o [1]
writeOtaData               0x1'92fd    0x38  Code  Lc  DynamicMultiprotocolDoorLockSoc_callbacks.o [1]
writeServerAttribute       0x1'11f5    0x2e  Code  Lc  scenes.o [42]
writeStartWord             0x2'e131    0x20  Code  Lc  mfg-token.o [16]
writeZllTokens             0x1'220f     0xc  Code  Lc  zll-tokens.o [79]
write_value                0x4'f03b    0x48  Code  Lc  gatt_client.c.obj [67]
xor_in_place               0x5'0b15    0x16  Code  Lc  smp.c.obj [67]
zaTrustCenterSecurityPolicyInit
                           0x2'27f3    0x2c  Code  Gb  af-trust-center.o [46]
zaTrustCenterSetJoinPolicy
                           0x2'27e5     0xe  Code  Gb  af-trust-center.o [46]
zdoConfigurationModeEnabled
                        0x2000'c7de     0x1  Data  Gb  zigbee-device-util.o [77]
zeroLenByte             0x2001'5d5e     0x2  Data  Lc  message.o [46]
zeroLenBytePtr          0x2000'c25c     0x4  Data  Lc  message.o [46]
zeroize                    0x4'fc91    0x12  Code  Gb  bg_util_aes.c.obj [67]
zeros                      0x5'a134     0x4  Data  Lc  radioaes_ble.o [32]
zigDevApsStruct         0x2001'4974     0x4  Data  Lc  zigbee-device-util.o [77]
zigDevRequestRadius     0x2000'c7d2     0x1  Data  Gb  zigbee-device-common.o [1]
zigDevRequestSequence   0x2001'5df5     0x1  Data  Lc  zigbee-device-common.o [1]
zigDevRequestSequence   0x2001'4964     0x1  Data  Lc  zigbee-device-util.o [77]
zigbeeTask                 0x2'7501    0x66  Code  Lc  micrium-rtos-main.o [33]
zigbeeTaskControlBlock  0x2000'd6d0    0xa4  Data  Lc  micrium-rtos-main.o [33]
zigbeeTaskDeepSleepAllowed
                        0x2001'5db3     0x1  Data  Lc  micrium-rtos-sleep.o [33]
zigbeeTaskNextWakeUpTimeMs
                        0x2000'f118     0x4  Data  Lc  micrium-rtos-sleep.o [33]
zigbeeTaskStack         0x2000'd774  0x15e0  Data  Lc  micrium-rtos-main.o [33]
zllNodeType             0x2001'47b5     0x1  Data  Lc  zll-api.o [79]
zllPrimaryChannelMask   0x2001'47c8     0x4  Data  Lc  zll-api.o [79]
zllSecondaryChannelMask
                        0x2001'47f0     0x4  Data  Lc  zll-api.o [79]
zllSequenceNum          0x2001'5e0b     0x1  Data  Lc  zll-interpan.o [79]


[1] = C:\Users\hardik.patel\SimplicityStudio\v4_workspace\DynamicMultiprotocolDoorLockSoc\IAR ARM - Default
[2] = C:\Users\hardik.patel\SimplicityStudio\v4_workspace\DynamicMultiprotocolDoorLockSoc\IAR ARM - Default\adc\EFR32
[3] = C:\Users\hardik.patel\SimplicityStudio\v4_workspace\DynamicMultiprotocolDoorLockSoc\IAR ARM - Default\address-table
[4] = C:\Users\hardik.patel\SimplicityStudio\v4_workspace\DynamicMultiprotocolDoorLockSoc\IAR ARM - Default\antenna-stub
[5] = C:\Users\hardik.patel\SimplicityStudio\v4_workspace\DynamicMultiprotocolDoorLockSoc\IAR ARM - Default\ble
[6] = C:\Users\hardik.patel\SimplicityStudio\v4_workspace\DynamicMultiprotocolDoorLockSoc\IAR ARM - Default\ccm-encryption
[7] = C:\Users\hardik.patel\SimplicityStudio\v4_workspace\DynamicMultiprotocolDoorLockSoc\IAR ARM - Default\coexistence-stub\EFR32
[8] = C:\Users\hardik.patel\SimplicityStudio\v4_workspace\DynamicMultiprotocolDoorLockSoc\IAR ARM - Default\concentrator
[9] = C:\Users\hardik.patel\SimplicityStudio\v4_workspace\DynamicMultiprotocolDoorLockSoc\IAR ARM - Default\counters
[10] = C:\Users\hardik.patel\SimplicityStudio\v4_workspace\DynamicMultiprotocolDoorLockSoc\IAR ARM - Default\debug-basic-library\EFR32
[11] = C:\Users\hardik.patel\SimplicityStudio\v4_workspace\DynamicMultiprotocolDoorLockSoc\IAR ARM - Default\debug-jtag\EFR32
[12] = C:\Users\hardik.patel\SimplicityStudio\v4_workspace\DynamicMultiprotocolDoorLockSoc\IAR ARM - Default\dmp-tuning
[13] = C:\Users\hardik.patel\SimplicityStudio\v4_workspace\DynamicMultiprotocolDoorLockSoc\IAR ARM - Default\dmp-ui-demo-stub
[14] = C:\Users\hardik.patel\SimplicityStudio\v4_workspace\DynamicMultiprotocolDoorLockSoc\IAR ARM - Default\door-lock-srs
[15] = C:\Users\hardik.patel\SimplicityStudio\v4_workspace\DynamicMultiprotocolDoorLockSoc\IAR ARM - Default\eeprom
[16] = C:\Users\hardik.patel\SimplicityStudio\v4_workspace\DynamicMultiprotocolDoorLockSoc\IAR ARM - Default\efr32
[17] = C:\Users\hardik.patel\SimplicityStudio\v4_workspace\DynamicMultiprotocolDoorLockSoc\IAR ARM - Default\ember-minimal-printf
[18] = C:\Users\hardik.patel\SimplicityStudio\v4_workspace\DynamicMultiprotocolDoorLockSoc\IAR ARM - Default\emdrv
[19] = C:\Users\hardik.patel\SimplicityStudio\v4_workspace\DynamicMultiprotocolDoorLockSoc\IAR ARM - Default\emlib
[20] = C:\Users\hardik.patel\SimplicityStudio\v4_workspace\DynamicMultiprotocolDoorLockSoc\IAR ARM - Default\external-generated-files
[21] = C:\Users\hardik.patel\SimplicityStudio\v4_workspace\DynamicMultiprotocolDoorLockSoc\IAR ARM - Default\find-and-bind-target
[22] = C:\Users\hardik.patel\SimplicityStudio\v4_workspace\DynamicMultiprotocolDoorLockSoc\IAR ARM - Default\form-and-join
[23] = C:\Users\hardik.patel\SimplicityStudio\v4_workspace\DynamicMultiprotocolDoorLockSoc\IAR ARM - Default\green-power-client
[24] = C:\Users\hardik.patel\SimplicityStudio\v4_workspace\DynamicMultiprotocolDoorLockSoc\IAR ARM - Default\green-power-common
[25] = C:\Users\hardik.patel\SimplicityStudio\v4_workspace\DynamicMultiprotocolDoorLockSoc\IAR ARM - Default\groups-server
[26] = C:\Users\hardik.patel\SimplicityStudio\v4_workspace\DynamicMultiprotocolDoorLockSoc\IAR ARM - Default\hal-library\EFR32
[27] = C:\Users\hardik.patel\SimplicityStudio\v4_workspace\DynamicMultiprotocolDoorLockSoc\IAR ARM - Default\identify
[28] = C:\Users\hardik.patel\SimplicityStudio\v4_workspace\DynamicMultiprotocolDoorLockSoc\IAR ARM - Default\identify-feedback
[29] = C:\Users\hardik.patel\SimplicityStudio\v4_workspace\DynamicMultiprotocolDoorLockSoc\IAR ARM - Default\idle-sleep
[30] = C:\Users\hardik.patel\SimplicityStudio\v4_workspace\DynamicMultiprotocolDoorLockSoc\IAR ARM - Default\interpan
[31] = C:\Users\hardik.patel\SimplicityStudio\v4_workspace\DynamicMultiprotocolDoorLockSoc\IAR ARM - Default\mbedtls-multiprotocol
[32] = C:\Users\hardik.patel\SimplicityStudio\v4_workspace\DynamicMultiprotocolDoorLockSoc\IAR ARM - Default\mbedtls\EFR32
[33] = C:\Users\hardik.patel\SimplicityStudio\v4_workspace\DynamicMultiprotocolDoorLockSoc\IAR ARM - Default\micrium-rtos
[34] = C:\Users\hardik.patel\SimplicityStudio\v4_workspace\DynamicMultiprotocolDoorLockSoc\IAR ARM - Default\micrium-rtos\EFR32
[35] = C:\Users\hardik.patel\SimplicityStudio\v4_workspace\DynamicMultiprotocolDoorLockSoc\IAR ARM - Default\network-creator
[36] = C:\Users\hardik.patel\SimplicityStudio\v4_workspace\DynamicMultiprotocolDoorLockSoc\IAR ARM - Default\network-creator-security
[37] = C:\Users\hardik.patel\SimplicityStudio\v4_workspace\DynamicMultiprotocolDoorLockSoc\IAR ARM - Default\nvm3
[38] = C:\Users\hardik.patel\SimplicityStudio\v4_workspace\DynamicMultiprotocolDoorLockSoc\IAR ARM - Default\nvm3\EFR32
[39] = C:\Users\hardik.patel\SimplicityStudio\v4_workspace\DynamicMultiprotocolDoorLockSoc\IAR ARM - Default\on-off
[40] = C:\Users\hardik.patel\SimplicityStudio\v4_workspace\DynamicMultiprotocolDoorLockSoc\IAR ARM - Default\reporting
[41] = C:\Users\hardik.patel\SimplicityStudio\v4_workspace\DynamicMultiprotocolDoorLockSoc\IAR ARM - Default\scan-dispatch
[42] = C:\Users\hardik.patel\SimplicityStudio\v4_workspace\DynamicMultiprotocolDoorLockSoc\IAR ARM - Default\scenes
[43] = C:\Users\hardik.patel\SimplicityStudio\v4_workspace\DynamicMultiprotocolDoorLockSoc\IAR ARM - Default\serial
[44] = C:\Users\hardik.patel\SimplicityStudio\v4_workspace\DynamicMultiprotocolDoorLockSoc\IAR ARM - Default\serial\EFR32
[45] = C:\Users\hardik.patel\SimplicityStudio\v4_workspace\DynamicMultiprotocolDoorLockSoc\IAR ARM - Default\strong-random
[46] = C:\Users\hardik.patel\SimplicityStudio\v4_workspace\DynamicMultiprotocolDoorLockSoc\IAR ARM - Default\zcl-framework-core
[47] = C:\Users\hardik.patel\SimplicityStudio\v4_workspace\DynamicMultiprotocolDoorLockSoc\IAR ARM - Default\zll-commissioning-common
[48] = C:\Users\hardik.patel\SimplicityStudio\v4_workspace\DynamicMultiprotocolDoorLockSoc\IAR ARM - Default\zll-commissioning-server
[49] = C:\Users\hardik.patel\SimplicityStudio\v4_workspace\DynamicMultiprotocolDoorLockSoc\IAR ARM - Default\zll-identify-server
[50] = C:\Users\hardik.patel\SimplicityStudio\v4_workspace\DynamicMultiprotocolDoorLockSoc\IAR ARM - Default\zll-on-off-server
[51] = C:\Users\hardik.patel\SimplicityStudio\v4_workspace\DynamicMultiprotocolDoorLockSoc\IAR ARM - Default\zll-scenes-server
[52] = C:\Users\hardik.patel\SimplicityStudio\v4_workspace\DynamicMultiprotocolDoorLockSoc\IAR ARM - Default\zll-utility-server
[53] = binding-table-library.a
[54] = cbke-163k1-stub-library.a
[55] = cbke-283k1-stub-library.a
[56] = cbke-library-dsa-sign-stub.a
[57] = cbke-library-dsa-verify-283k1-stub.a
[58] = cbke-library-dsa-verify-stub.a
[59] = cbke-stub-library.a
[60] = debug-basic-library.a
[61] = debug-extended-stub-library.a
[62] = dl7M_tln.a
[63] = end-device-bind-stub-library.a
[64] = gp-library.a
[65] = hal-library.a
[66] = install-code-library.a
[67] = libbluetooth.a
[68] = libnvm3_CM33_iar.a
[69] = librail_multiprotocol_efr32xg21_iar_release.a
[70] = m7M_tls.a
[71] = multi-network-stub-library.a
[72] = packet-validate-library.a
[73] = rt7M_tl.a
[74] = security-library-link-keys.a
[75] = sim-eeprom2-to-nvm3-upgrade-stub-library.a
[76] = source-route-library.a
[77] = zigbee-pro-stack.a
[78] = zigbee-r22-support-stub-library.a
[79] = zll-library.a

  348'820 bytes of readonly  code memory
      500 bytes of readwrite code memory
   22'518 bytes of readonly  data memory
   94'318 bytes of readwrite data memory

Errors: none
Warnings: none
